## session 1
{"t":"welcome","n":121,"h":"ab28bad2462bce5c"}
{"t":"grid","n":524,"m":{"t":"grid","cars":[{"id":1,"name":"Ace","bot":false,"ready":false},{"id":2,"name":"Bot 2","bot":true,"ready":false},{"id":3,"name":"Bot 3","bot":true,"ready":false},{"id":4,"name":"Bot 4","bot":true,"ready":false},{"id":5,"name":"Bot 5","bot":true,"ready":false},{"id":6,"name":"Bot 6","bot":true,"ready":false},{"id":7,"name":"Bot 7","bot":true,"ready":false},{"id":8,"name":"Bot 8","bot":true,"ready":false},{"id":9,"name":"Bot 9","bot":true,"ready":false},{"id":10,"name":"Bot 10","bot":true,"ready":false}],"creator":1}}
{"t":"grid","n":523,"m":{"t":"grid","cars":[{"id":1,"name":"Ace","bot":false,"ready":false},{"id":2,"name":"Bee","bot":false,"ready":false},{"id":3,"name":"Bot 3","bot":true,"ready":false},{"id":4,"name":"Bot 4","bot":true,"ready":false},{"id":5,"name":"Bot 5","bot":true,"ready":false},{"id":6,"name":"Bot 6","bot":true,"ready":false},{"id":7,"name":"Bot 7","bot":true,"ready":false},{"id":8,"name":"Bot 8","bot":true,"ready":false},{"id":9,"name":"Bot 9","bot":true,"ready":false},{"id":10,"name":"Bot 10","bot":true,"ready":false}],"creator":1}}
{"t":"grid","n":522,"m":{"t":"grid","cars":[{"id":1,"name":"Ace","bot":false,"ready":true},{"id":2,"name":"Bee","bot":false,"ready":false},{"id":3,"name":"Bot 3","bot":true,"ready":false},{"id":4,"name":"Bot 4","bot":true,"ready":false},{"id":5,"name":"Bot 5","bot":true,"ready":false},{"id":6,"name":"Bot 6","bot":true,"ready":false},{"id":7,"name":"Bot 7","bot":true,"ready":false},{"id":8,"name":"Bot 8","bot":true,"ready":false},{"id":9,"name":"Bot 9","bot":true,"ready":false},{"id":10,"name":"Bot 10","bot":true,"ready":false}],"creator":1}}
{"t":"grid","n":521,"m":{"t":"grid","cars":[{"id":1,"name":"Ace","bot":false,"ready":true},{"id":2,"name":"Bee","bot":false,"ready":true},{"id":3,"name":"Bot 3","bot":true,"ready":false},{"id":4,"name":"Bot 4","bot":true,"ready":false},{"id":5,"name":"Bot 5","bot":true,"ready":false},{"id":6,"name":"Bot 6","bot":true,"ready":false},{"id":7,"name":"Bot 7","bot":true,"ready":false},{"id":8,"name":"Bot 8","bot":true,"ready":false},{"id":9,"name":"Bot 9","bot":true,"ready":false},{"id":10,"name":"Bot 10","bot":true,"ready":false}],"creator":1}}
{"t":"snap","c":30,"n":13016,"h":"59234403cd2417c0"}
{"t":"lights","n":21,"m":{"t":"lights","on":1}}
{"t":"snap","c":30,"n":13031,"h":"437b24ac0cc3ae6c"}
{"t":"lights","n":21,"m":{"t":"lights","on":2}}
{"t":"snap","c":30,"n":13050,"h":"5abb45dc046fc027"}
{"t":"lights","n":21,"m":{"t":"lights","on":3}}
{"t":"snap","c":30,"n":13050,"h":"8fde2e23d4875dc6"}
{"t":"lights","n":21,"m":{"t":"lights","on":4}}
{"t":"snap","c":30,"n":13050,"h":"3a46043dfa5ec7f5"}
{"t":"lights","n":21,"m":{"t":"lights","on":5}}
{"t":"snap","c":17,"n":7395,"h":"ade2ea50cca0e2ad"}
{"t":"lights","n":31,"m":{"t":"lights","on":0,"out":335}}
{"t":"snap","c":2373,"n":1271164,"h":"38d125df006bd617"}
{"t":"lap","n":64,"m":{"t":"lap","car":1,"lap":1,"ms":79100,"valid":true,"best":79100}}
{"t":"snap","c":41,"n":20259,"h":"a025bdbfff49a977"}
{"t":"lap","n":64,"m":{"t":"lap","car":2,"lap":1,"ms":80450,"valid":true,"best":80450}}
{"t":"snap","c":6,"n":2912,"h":"b93884a283594079"}
{"t":"lap","n":64,"m":{"t":"lap","car":3,"lap":1,"ms":80650,"valid":true,"best":80650}}
{"t":"snap","c":5,"n":2430,"h":"d16443f5369305b8"}
{"t":"lap","n":64,"m":{"t":"lap","car":4,"lap":1,"ms":80816,"valid":true,"best":80816}}
{"t":"snap","c":21,"n":10239,"h":"f1443da637ea7d56"}
{"t":"lap","n":64,"m":{"t":"lap","car":5,"lap":1,"ms":81533,"valid":true,"best":81533}}
{"t":"snap","c":14,"n":6776,"h":"ada6f07a0b50dc08"}
{"t":"lap","n":64,"m":{"t":"lap","car":6,"lap":1,"ms":82000,"valid":true,"best":82000}}
{"t":"snap","c":5,"n":2383,"h":"08e1778a7e55bb36"}
{"t":"lap","n":64,"m":{"t":"lap","car":7,"lap":1,"ms":82166,"valid":true,"best":82166}}
{"t":"snap","c":19,"n":9135,"h":"ea55a85fb5bc8c06"}
{"t":"lap","n":64,"m":{"t":"lap","car":8,"lap":1,"ms":82800,"valid":true,"best":82800}}
{"t":"snap","c":5,"n":2385,"h":"1fcf54b431a7e09b"}
{"t":"lap","n":64,"m":{"t":"lap","car":9,"lap":1,"ms":82966,"valid":true,"best":82966}}
{"t":"snap","c":5,"n":2380,"h":"651d5097a9cd9477"}
{"t":"lap","n":65,"m":{"t":"lap","car":10,"lap":1,"ms":83133,"valid":true,"best":83133}}
{"t":"snap","c":378,"n":195529,"h":"6df416198b3e09e9"}
{"t":"wing","n":20,"m":{"t":"wing","car":2}}
{"t":"snap","c":227,"n":125022,"h":"1a1611b31032c1f1"}
{"t":"reset","n":21,"m":{"t":"reset","car":2}}
{"t":"snap","c":1445,"n":794109,"h":"43a477cbf19f52d8"}
{"t":"lap","n":64,"m":{"t":"lap","car":1,"lap":2,"ms":72366,"valid":true,"best":72366}}
{"t":"snap","c":69,"n":35491,"h":"fbb3586f8c10019a"}
{"t":"lap","n":64,"m":{"t":"lap","car":3,"lap":2,"ms":73116,"valid":true,"best":73116}}
{"t":"snap","c":6,"n":2989,"h":"df640218d885ae76"}
{"t":"lap","n":64,"m":{"t":"lap","car":4,"lap":2,"ms":73133,"valid":true,"best":73133}}
{"t":"snap","c":46,"n":22788,"h":"b463a7e977f06e53"}
{"t":"lap","n":64,"m":{"t":"lap","car":5,"lap":2,"ms":73966,"valid":true,"best":73966}}
{"t":"snap","c":18,"n":8876,"h":"e17a30b96ed05d53"}
{"t":"lap","n":64,"m":{"t":"lap","car":6,"lap":2,"ms":74083,"valid":true,"best":74083}}
{"t":"snap","c":5,"n":2460,"h":"dd16de40978c988f"}
{"t":"lap","n":64,"m":{"t":"lap","car":7,"lap":2,"ms":74083,"valid":true,"best":74083}}
{"t":"snap","c":28,"n":13761,"h":"a4d698fa9750e265"}
{"t":"lap","n":64,"m":{"t":"lap","car":8,"lap":2,"ms":74400,"valid":true,"best":74400}}
{"t":"snap","c":5,"n":2420,"h":"17f0ff97802107fe"}
{"t":"lap","n":64,"m":{"t":"lap","car":9,"lap":2,"ms":74400,"valid":true,"best":74400}}
{"t":"snap","c":5,"n":2411,"h":"6f0bb7088614fc8f"}
{"t":"lap","n":65,"m":{"t":"lap","car":10,"lap":2,"ms":74400,"valid":true,"best":74400}}
{"t":"snap","c":301,"n":155477,"h":"86a5571e9ae01813"}
{"t":"lap","n":65,"m":{"t":"lap","car":2,"lap":2,"ms":87116,"valid":false,"best":80450}}
{"t":"snap","c":1688,"n":929682,"h":"afb139e0423c1df9"}
{"t":"lap","n":64,"m":{"t":"lap","car":1,"lap":3,"ms":72366,"valid":true,"best":72366}}
{"t":"snap","c":81,"n":42503,"h":"b3a1e714eeeab0e7"}
{"t":"lap","n":64,"m":{"t":"lap","car":3,"lap":3,"ms":72766,"valid":true,"best":72766}}
{"t":"snap","c":6,"n":3055,"h":"06514b6782502fb9"}
{"t":"lap","n":64,"m":{"t":"lap","car":4,"lap":3,"ms":72766,"valid":true,"best":72766}}
{"t":"snap","c":83,"n":41721,"h":"2fee1f06acbb3fbc"}
{"t":"lap","n":64,"m":{"t":"lap","car":5,"lap":3,"ms":73983,"valid":true,"best":73966}}
{"t":"snap","c":21,"n":10349,"h":"1d533333755d2466"}
{"t":"lap","n":64,"m":{"t":"lap","car":6,"lap":3,"ms":74100,"valid":true,"best":74083}}
{"t":"snap","c":5,"n":2456,"h":"9f87059cb5198ce7"}
{"t":"lap","n":64,"m":{"t":"lap","car":7,"lap":3,"ms":74100,"valid":true,"best":74083}}
{"t":"snap","c":37,"n":18378,"h":"dd278b5f4c9f0463"}
{"t":"lap","n":64,"m":{"t":"lap","car":8,"lap":3,"ms":74400,"valid":true,"best":74400}}
{"t":"snap","c":5,"n":2485,"h":"29273b623c1a5ee5"}
{"t":"lap","n":64,"m":{"t":"lap","car":9,"lap":3,"ms":74400,"valid":true,"best":74400}}
{"t":"snap","c":5,"n":2497,"h":"a4c0b928ca7c96ba"}
{"t":"lap","n":65,"m":{"t":"lap","car":10,"lap":3,"ms":74400,"valid":true,"best":74400}}
{"t":"snap","c":389,"n":205238,"h":"409b2df576761759"}
{"t":"lap","n":64,"m":{"t":"lap","car":2,"lap":3,"ms":77333,"valid":true,"best":77333}}
{"t":"results","n":833,"m":{"t":"results","rows":[{"pos":1,"id":1,"name":"Ace","laps":3,"total":223833,"best":72366,"penalty":0},{"pos":2,"id":3,"name":"Bot 3","laps":3,"total":226533,"best":72766,"penalty":0},{"pos":3,"id":4,"name":"Bot 4","laps":3,"total":226716,"best":72766,"penalty":0},{"pos":4,"id":5,"name":"Bot 5","laps":3,"total":229483,"best":73966,"penalty":0},{"pos":5,"id":6,"name":"Bot 6","laps":3,"total":230183,"best":74083,"penalty":0},{"pos":6,"id":7,"name":"Bot 7","laps":3,"total":230350,"best":74083,"penalty":0},{"pos":7,"id":8,"name":"Bot 8","laps":3,"total":231600,"best":74400,"penalty":0},{"pos":8,"id":9,"name":"Bot 9","laps":3,"total":231766,"best":74400,"penalty":0},{"pos":9,"id":10,"name":"Bot 10","laps":3,"total":231933,"best":74400,"penalty":0},{"pos":10,"id":2,"name":"Bee","laps":3,"total":244900,"best":77333,"penalty":0}]}}
## session 2
{"t":"welcome","n":122,"h":"1d31deb8d6c5e054"}
{"t":"grid","n":523,"m":{"t":"grid","cars":[{"id":1,"name":"Ace","bot":false,"ready":false},{"id":2,"name":"Bee","bot":false,"ready":false},{"id":3,"name":"Bot 3","bot":true,"ready":false},{"id":4,"name":"Bot 4","bot":true,"ready":false},{"id":5,"name":"Bot 5","bot":true,"ready":false},{"id":6,"name":"Bot 6","bot":true,"ready":false},{"id":7,"name":"Bot 7","bot":true,"ready":false},{"id":8,"name":"Bot 8","bot":true,"ready":false},{"id":9,"name":"Bot 9","bot":true,"ready":false},{"id":10,"name":"Bot 10","bot":true,"ready":false}],"creator":1}}
{"t":"grid","n":522,"m":{"t":"grid","cars":[{"id":1,"name":"Ace","bot":false,"ready":true},{"id":2,"name":"Bee","bot":false,"ready":false},{"id":3,"name":"Bot 3","bot":true,"ready":false},{"id":4,"name":"Bot 4","bot":true,"ready":false},{"id":5,"name":"Bot 5","bot":true,"ready":false},{"id":6,"name":"Bot 6","bot":true,"ready":false},{"id":7,"name":"Bot 7","bot":true,"ready":false},{"id":8,"name":"Bot 8","bot":true,"ready":false},{"id":9,"name":"Bot 9","bot":true,"ready":false},{"id":10,"name":"Bot 10","bot":true,"ready":false}],"creator":1}}
{"t":"grid","n":521,"m":{"t":"grid","cars":[{"id":1,"name":"Ace","bot":false,"ready":true},{"id":2,"name":"Bee","bot":false,"ready":true},{"id":3,"name":"Bot 3","bot":true,"ready":false},{"id":4,"name":"Bot 4","bot":true,"ready":false},{"id":5,"name":"Bot 5","bot":true,"ready":false},{"id":6,"name":"Bot 6","bot":true,"ready":false},{"id":7,"name":"Bot 7","bot":true,"ready":false},{"id":8,"name":"Bot 8","bot":true,"ready":false},{"id":9,"name":"Bot 9","bot":true,"ready":false},{"id":10,"name":"Bot 10","bot":true,"ready":false}],"creator":1}}
{"t":"snap","c":30,"n":13016,"h":"4dbc76a99089ec84"}
{"t":"lights","n":21,"m":{"t":"lights","on":1}}
{"t":"snap","c":30,"n":13031,"h":"1c84945552278082"}
{"t":"lights","n":21,"m":{"t":"lights","on":2}}
{"t":"snap","c":30,"n":13050,"h":"dacdb539656b11c7"}
{"t":"lights","n":21,"m":{"t":"lights","on":3}}
{"t":"snap","c":30,"n":13050,"h":"e9c9a56ee72fa043"}
{"t":"lights","n":21,"m":{"t":"lights","on":4}}
{"t":"snap","c":30,"n":13050,"h":"1a036fbe0881799a"}
{"t":"lights","n":21,"m":{"t":"lights","on":5}}
{"t":"snap","c":17,"n":7395,"h":"eb37a87a849951a4"}
{"t":"lights","n":31,"m":{"t":"lights","on":0,"out":335}}
{"t":"snap","c":2373,"n":1271164,"h":"fb865a13a5e93422"}
{"t":"lap","n":64,"m":{"t":"lap","car":1,"lap":1,"ms":79100,"valid":true,"best":79100}}
{"t":"snap","c":41,"n":20259,"h":"4f3ae77244a7d9f0"}
{"t":"lap","n":64,"m":{"t":"lap","car":2,"lap":1,"ms":80450,"valid":true,"best":80450}}
{"t":"snap","c":6,"n":2912,"h":"0646fcb52997cf7a"}
{"t":"lap","n":64,"m":{"t":"lap","car":3,"lap":1,"ms":80650,"valid":true,"best":80650}}
{"t":"snap","c":5,"n":2430,"h":"95379d408872fba1"}
{"t":"lap","n":64,"m":{"t":"lap","car":4,"lap":1,"ms":80816,"valid":true,"best":80816}}
{"t":"snap","c":21,"n":10239,"h":"814b18f8c84a3699"}
{"t":"lap","n":64,"m":{"t":"lap","car":5,"lap":1,"ms":81533,"valid":true,"best":81533}}
{"t":"snap","c":14,"n":6776,"h":"2a70c8c6a86b1cbd"}
{"t":"lap","n":64,"m":{"t":"lap","car":6,"lap":1,"ms":82000,"valid":true,"best":82000}}
{"t":"snap","c":5,"n":2383,"h":"ed7af6dd972de150"}
{"t":"lap","n":64,"m":{"t":"lap","car":7,"lap":1,"ms":82166,"valid":true,"best":82166}}
{"t":"snap","c":19,"n":9135,"h":"8cfe7a891a546257"}
{"t":"lap","n":64,"m":{"t":"lap","car":8,"lap":1,"ms":82800,"valid":true,"best":82800}}
{"t":"snap","c":5,"n":2385,"h":"cbf74d5c2a1bc4c3"}
{"t":"lap","n":64,"m":{"t":"lap","car":9,"lap":1,"ms":82966,"valid":true,"best":82966}}
{"t":"snap","c":5,"n":2380,"h":"962b512f461b354a"}
{"t":"lap","n":65,"m":{"t":"lap","car":10,"lap":1,"ms":83133,"valid":true,"best":83133}}
{"t":"snap","c":378,"n":195529,"h":"6576e0b4d533fefb"}
{"t":"wing","n":20,"m":{"t":"wing","car":2}}
{"t":"snap","c":227,"n":125022,"h":"f4ef24b2580bf930"}
{"t":"reset","n":21,"m":{"t":"reset","car":2}}
{"t":"snap","c":1445,"n":794109,"h":"2a564cbe99f2ba79"}
{"t":"lap","n":64,"m":{"t":"lap","car":1,"lap":2,"ms":72366,"valid":true,"best":72366}}
{"t":"snap","c":69,"n":35491,"h":"124c7c7c7f2ae688"}
{"t":"lap","n":64,"m":{"t":"lap","car":3,"lap":2,"ms":73116,"valid":true,"best":73116}}
{"t":"snap","c":6,"n":2989,"h":"163effc3af6aeade"}
{"t":"lap","n":64,"m":{"t":"lap","car":4,"lap":2,"ms":73133,"valid":true,"best":73133}}
{"t":"snap","c":46,"n":22788,"h":"191a0dee2b869738"}
{"t":"lap","n":64,"m":{"t":"lap","car":5,"lap":2,"ms":73966,"valid":true,"best":73966}}
{"t":"snap","c":18,"n":8876,"h":"ee212780cc0b776a"}
{"t":"lap","n":64,"m":{"t":"lap","car":6,"lap":2,"ms":74083,"valid":true,"best":74083}}
{"t":"snap","c":5,"n":2460,"h":"929fda25d3914aea"}
{"t":"lap","n":64,"m":{"t":"lap","car":7,"lap":2,"ms":74083,"valid":true,"best":74083}}
{"t":"snap","c":28,"n":13761,"h":"8913fe97f3dac10e"}
{"t":"lap","n":64,"m":{"t":"lap","car":8,"lap":2,"ms":74400,"valid":true,"best":74400}}
{"t":"snap","c":5,"n":2420,"h":"52f72f252d0d8f2a"}
{"t":"lap","n":64,"m":{"t":"lap","car":9,"lap":2,"ms":74400,"valid":true,"best":74400}}
{"t":"snap","c":5,"n":2411,"h":"538c7f35d29b92e0"}
{"t":"lap","n":65,"m":{"t":"lap","car":10,"lap":2,"ms":74400,"valid":true,"best":74400}}
{"t":"snap","c":301,"n":155477,"h":"611d2632c1848a6b"}
{"t":"lap","n":65,"m":{"t":"lap","car":2,"lap":2,"ms":87116,"valid":false,"best":80450}}
{"t":"snap","c":1688,"n":929682,"h":"09eff43b38c44d46"}
{"t":"lap","n":64,"m":{"t":"lap","car":1,"lap":3,"ms":72366,"valid":true,"best":72366}}
{"t":"snap","c":81,"n":42503,"h":"e107eb2c2f758dd8"}
{"t":"lap","n":64,"m":{"t":"lap","car":3,"lap":3,"ms":72766,"valid":true,"best":72766}}
{"t":"snap","c":6,"n":3055,"h":"2a4ce1e6af3c7626"}
{"t":"lap","n":64,"m":{"t":"lap","car":4,"lap":3,"ms":72766,"valid":true,"best":72766}}
{"t":"snap","c":83,"n":41721,"h":"5c28fa52f42779f9"}
{"t":"lap","n":64,"m":{"t":"lap","car":5,"lap":3,"ms":73983,"valid":true,"best":73966}}
{"t":"snap","c":21,"n":10349,"h":"635228ab1e4b8fd2"}
{"t":"lap","n":64,"m":{"t":"lap","car":6,"lap":3,"ms":74100,"valid":true,"best":74083}}
{"t":"snap","c":5,"n":2456,"h":"dcc1f2c9ae4a0b4d"}
{"t":"lap","n":64,"m":{"t":"lap","car":7,"lap":3,"ms":74100,"valid":true,"best":74083}}
{"t":"snap","c":37,"n":18378,"h":"2f1633c6f61ad3d6"}
{"t":"lap","n":64,"m":{"t":"lap","car":8,"lap":3,"ms":74400,"valid":true,"best":74400}}
{"t":"snap","c":5,"n":2485,"h":"3823f8e918b5bfb5"}
{"t":"lap","n":64,"m":{"t":"lap","car":9,"lap":3,"ms":74400,"valid":true,"best":74400}}
{"t":"snap","c":5,"n":2497,"h":"a4daa7fb45ce0765"}
{"t":"lap","n":65,"m":{"t":"lap","car":10,"lap":3,"ms":74400,"valid":true,"best":74400}}
{"t":"snap","c":389,"n":205238,"h":"c2d931ad0e9bac75"}
{"t":"lap","n":64,"m":{"t":"lap","car":2,"lap":3,"ms":77333,"valid":true,"best":77333}}
{"t":"results","n":833,"m":{"t":"results","rows":[{"pos":1,"id":1,"name":"Ace","laps":3,"total":223833,"best":72366,"penalty":0},{"pos":2,"id":3,"name":"Bot 3","laps":3,"total":226533,"best":72766,"penalty":0},{"pos":3,"id":4,"name":"Bot 4","laps":3,"total":226716,"best":72766,"penalty":0},{"pos":4,"id":5,"name":"Bot 5","laps":3,"total":229483,"best":73966,"penalty":0},{"pos":5,"id":6,"name":"Bot 6","laps":3,"total":230183,"best":74083,"penalty":0},{"pos":6,"id":7,"name":"Bot 7","laps":3,"total":230350,"best":74083,"penalty":0},{"pos":7,"id":8,"name":"Bot 8","laps":3,"total":231600,"best":74400,"penalty":0},{"pos":8,"id":9,"name":"Bot 9","laps":3,"total":231766,"best":74400,"penalty":0},{"pos":9,"id":10,"name":"Bot 10","laps":3,"total":231933,"best":74400,"penalty":0},{"pos":10,"id":2,"name":"Bee","laps":3,"total":244900,"best":77333,"penalty":0}]}}
