## session 1
{"t":"welcome","n":185,"h":"e9ea589c82d46ee4"}
{"t":"grid","n":524,"m":{"t":"grid","cars":[{"id":1,"name":"Ace","bot":false,"ready":false},{"id":2,"name":"Bot 2","bot":true,"ready":false},{"id":3,"name":"Bot 3","bot":true,"ready":false},{"id":4,"name":"Bot 4","bot":true,"ready":false},{"id":5,"name":"Bot 5","bot":true,"ready":false},{"id":6,"name":"Bot 6","bot":true,"ready":false},{"id":7,"name":"Bot 7","bot":true,"ready":false},{"id":8,"name":"Bot 8","bot":true,"ready":false},{"id":9,"name":"Bot 9","bot":true,"ready":false},{"id":10,"name":"Bot 10","bot":true,"ready":false}],"creator":1}}
{"t":"grid","n":523,"m":{"t":"grid","cars":[{"id":1,"name":"Ace","bot":false,"ready":false},{"id":2,"name":"Bee","bot":false,"ready":false},{"id":3,"name":"Bot 3","bot":true,"ready":false},{"id":4,"name":"Bot 4","bot":true,"ready":false},{"id":5,"name":"Bot 5","bot":true,"ready":false},{"id":6,"name":"Bot 6","bot":true,"ready":false},{"id":7,"name":"Bot 7","bot":true,"ready":false},{"id":8,"name":"Bot 8","bot":true,"ready":false},{"id":9,"name":"Bot 9","bot":true,"ready":false},{"id":10,"name":"Bot 10","bot":true,"ready":false}],"creator":1}}
{"t":"grid","n":522,"m":{"t":"grid","cars":[{"id":1,"name":"Ace","bot":false,"ready":true},{"id":2,"name":"Bee","bot":false,"ready":false},{"id":3,"name":"Bot 3","bot":true,"ready":false},{"id":4,"name":"Bot 4","bot":true,"ready":false},{"id":5,"name":"Bot 5","bot":true,"ready":false},{"id":6,"name":"Bot 6","bot":true,"ready":false},{"id":7,"name":"Bot 7","bot":true,"ready":false},{"id":8,"name":"Bot 8","bot":true,"ready":false},{"id":9,"name":"Bot 9","bot":true,"ready":false},{"id":10,"name":"Bot 10","bot":true,"ready":false}],"creator":1}}
{"t":"grid","n":521,"m":{"t":"grid","cars":[{"id":1,"name":"Ace","bot":false,"ready":true},{"id":2,"name":"Bee","bot":false,"ready":true},{"id":3,"name":"Bot 3","bot":true,"ready":false},{"id":4,"name":"Bot 4","bot":true,"ready":false},{"id":5,"name":"Bot 5","bot":true,"ready":false},{"id":6,"name":"Bot 6","bot":true,"ready":false},{"id":7,"name":"Bot 7","bot":true,"ready":false},{"id":8,"name":"Bot 8","bot":true,"ready":false},{"id":9,"name":"Bot 9","bot":true,"ready":false},{"id":10,"name":"Bot 10","bot":true,"ready":false}],"creator":1}}
{"t":"snap","c":30,"n":13016,"h":"59234403cd2417c0"}
{"t":"lights","n":21,"m":{"t":"lights","on":1}}
{"t":"snap","c":30,"n":13031,"h":"437b24ac0cc3ae6c"}
{"t":"lights","n":21,"m":{"t":"lights","on":2}}
{"t":"snap","c":30,"n":13050,"h":"5abb45dc046fc027"}
{"t":"lights","n":21,"m":{"t":"lights","on":3}}
{"t":"snap","c":30,"n":13050,"h":"8fde2e23d4875dc6"}
{"t":"lights","n":21,"m":{"t":"lights","on":4}}
{"t":"snap","c":30,"n":13050,"h":"3a46043dfa5ec7f5"}
{"t":"lights","n":21,"m":{"t":"lights","on":5}}
{"t":"snap","c":17,"n":7395,"h":"ade2ea50cca0e2ad"}
{"t":"lights","n":31,"m":{"t":"lights","on":0,"out":335}}
{"t":"snap","c":2376,"n":1271079,"h":"d3b828ddda1bf140"}
{"t":"lap","n":64,"m":{"t":"lap","car":1,"lap":1,"ms":79183,"valid":true,"best":79183}}
{"t":"snap","c":40,"n":19764,"h":"7d957045af04d2d9"}
{"t":"lap","n":64,"m":{"t":"lap","car":2,"lap":1,"ms":80533,"valid":true,"best":80533}}
{"t":"snap","c":6,"n":2904,"h":"31f5b53a1c32764b"}
{"t":"lap","n":64,"m":{"t":"lap","car":3,"lap":1,"ms":80716,"valid":true,"best":80716}}
{"t":"snap","c":5,"n":2421,"h":"c582808318ced846"}
{"t":"lap","n":64,"m":{"t":"lap","car":4,"lap":1,"ms":80883,"valid":true,"best":80883}}
{"t":"snap","c":24,"n":11688,"h":"2ff2183e1998f85b"}
{"t":"lap","n":64,"m":{"t":"lap","car":5,"lap":1,"ms":81683,"valid":true,"best":81683}}
{"t":"snap","c":11,"n":5319,"h":"3da8f0fcd7fba02c"}
{"t":"lap","n":64,"m":{"t":"lap","car":6,"lap":1,"ms":82066,"valid":true,"best":82066}}
{"t":"snap","c":5,"n":2380,"h":"3daa297dfe01fc8d"}
{"t":"lap","n":64,"m":{"t":"lap","car":7,"lap":1,"ms":82233,"valid":true,"best":82233}}
{"t":"snap","c":19,"n":9129,"h":"c242eb7460f10200"}
{"t":"lap","n":64,"m":{"t":"lap","car":8,"lap":1,"ms":82866,"valid":true,"best":82866}}
{"t":"snap","c":5,"n":2395,"h":"792c381f5c1aa01c"}
{"t":"lap","n":64,"m":{"t":"lap","car":9,"lap":1,"ms":83033,"valid":true,"best":83033}}
{"t":"snap","c":5,"n":2375,"h":"d7c3a786b8a27aa3"}
{"t":"lap","n":65,"m":{"t":"lap","car":10,"lap":1,"ms":83200,"valid":true,"best":83200}}
{"t":"snap","c":597,"n":315523,"h":"fa7bc8dce1938b14"}
{"t":"reset","n":21,"m":{"t":"reset","car":2}}
{"t":"snap","c":1455,"n":798370,"h":"cec5c28393000ff4"}
{"t":"lap","n":64,"m":{"t":"lap","car":1,"lap":2,"ms":72416,"valid":true,"best":72416}}
{"t":"snap","c":70,"n":36007,"h":"dce77b5f15aa655c"}
{"t":"lap","n":64,"m":{"t":"lap","car":3,"lap":2,"ms":73200,"valid":true,"best":73200}}
{"t":"snap","c":5,"n":2486,"h":"0647e6f847319bc5"}
{"t":"lap","n":64,"m":{"t":"lap","car":4,"lap":2,"ms":73216,"valid":true,"best":73216}}
{"t":"snap","c":48,"n":23674,"h":"a2f9ecddb1f5a85d"}
{"t":"lap","n":64,"m":{"t":"lap","car":5,"lap":2,"ms":74016,"valid":true,"best":74016}}
{"t":"snap","c":16,"n":7878,"h":"aa4f3c7135acfa4b"}
{"t":"lap","n":64,"m":{"t":"lap","car":6,"lap":2,"ms":74150,"valid":true,"best":74150}}
{"t":"snap","c":5,"n":2461,"h":"87416ad27333b569"}
{"t":"lap","n":64,"m":{"t":"lap","car":7,"lap":2,"ms":74150,"valid":true,"best":74150}}
{"t":"snap","c":28,"n":13801,"h":"0eaf0369341df81d"}
{"t":"lap","n":64,"m":{"t":"lap","car":8,"lap":2,"ms":74450,"valid":true,"best":74450}}
{"t":"snap","c":5,"n":2420,"h":"ab0c1f4c9690fe83"}
{"t":"lap","n":64,"m":{"t":"lap","car":9,"lap":2,"ms":74450,"valid":true,"best":74450}}
{"t":"snap","c":5,"n":2401,"h":"ba1e98ae6f28a07e"}
{"t":"lap","n":65,"m":{"t":"lap","car":10,"lap":2,"ms":74466,"valid":true,"best":74466}}
{"t":"snap","c":216,"n":109101,"h":"d423d08646d916d7"}
{"t":"lap","n":65,"m":{"t":"lap","car":2,"lap":2,"ms":84333,"valid":false,"best":80533}}
{"t":"snap","c":1775,"n":975741,"h":"a7de5256bc6ca8e1"}
{"t":"lap","n":64,"m":{"t":"lap","car":1,"lap":3,"ms":72416,"valid":true,"best":72416}}
{"t":"snap","c":82,"n":43194,"h":"2a77eb2ef28b5875"}
{"t":"lap","n":64,"m":{"t":"lap","car":3,"lap":3,"ms":72833,"valid":true,"best":72833}}
{"t":"snap","c":5,"n":2545,"h":"4f2bde02c914315e"}
{"t":"lap","n":64,"m":{"t":"lap","car":4,"lap":3,"ms":72816,"valid":true,"best":72816}}
{"t":"snap","c":84,"n":42150,"h":"6cac6a685efef714"}
{"t":"lap","n":64,"m":{"t":"lap","car":5,"lap":3,"ms":74016,"valid":true,"best":74016}}
{"t":"snap","c":19,"n":9347,"h":"a6ef988678ca4151"}
{"t":"lap","n":64,"m":{"t":"lap","car":6,"lap":3,"ms":74133,"valid":true,"best":74133}}
{"t":"snap","c":5,"n":2443,"h":"2014cb28cccf0eac"}
{"t":"lap","n":64,"m":{"t":"lap","car":7,"lap":3,"ms":74133,"valid":true,"best":74133}}
{"t":"snap","c":38,"n":18802,"h":"3aa0fd0bf5a9676e"}
{"t":"lap","n":64,"m":{"t":"lap","car":8,"lap":3,"ms":74466,"valid":true,"best":74450}}
{"t":"snap","c":5,"n":2457,"h":"ff82101cd8aa765c"}
{"t":"lap","n":64,"m":{"t":"lap","car":9,"lap":3,"ms":74466,"valid":true,"best":74450}}
{"t":"snap","c":5,"n":2477,"h":"3dbb196b1b71ef34"}
{"t":"lap","n":65,"m":{"t":"lap","car":10,"lap":3,"ms":74450,"valid":true,"best":74450}}
{"t":"snap","c":193,"n":97896,"h":"f189534fcf95a2a3"}
{"t":"lap","n":64,"m":{"t":"lap","car":2,"lap":3,"ms":73700,"valid":true,"best":73700}}
{"t":"results","n":833,"m":{"t":"results","rows":[{"pos":1,"id":1,"name":"Ace","laps":3,"total":224016,"best":72416,"penalty":0},{"pos":2,"id":3,"name":"Bot 3","laps":3,"total":226750,"best":72833,"penalty":0},{"pos":3,"id":4,"name":"Bot 4","laps":3,"total":226916,"best":72816,"penalty":0},{"pos":4,"id":5,"name":"Bot 5","laps":3,"total":229716,"best":74016,"penalty":0},{"pos":5,"id":6,"name":"Bot 6","laps":3,"total":230350,"best":74133,"penalty":0},{"pos":6,"id":7,"name":"Bot 7","laps":3,"total":230516,"best":74133,"penalty":0},{"pos":7,"id":8,"name":"Bot 8","laps":3,"total":231783,"best":74450,"penalty":0},{"pos":8,"id":9,"name":"Bot 9","laps":3,"total":231950,"best":74450,"penalty":0},{"pos":9,"id":10,"name":"Bot 10","laps":3,"total":232116,"best":74450,"penalty":0},{"pos":10,"id":2,"name":"Bee","laps":3,"total":238566,"best":73700,"penalty":0}]}}
## session 2
{"t":"welcome","n":186,"h":"8076e144045c05d4"}
{"t":"grid","n":523,"m":{"t":"grid","cars":[{"id":1,"name":"Ace","bot":false,"ready":false},{"id":2,"name":"Bee","bot":false,"ready":false},{"id":3,"name":"Bot 3","bot":true,"ready":false},{"id":4,"name":"Bot 4","bot":true,"ready":false},{"id":5,"name":"Bot 5","bot":true,"ready":false},{"id":6,"name":"Bot 6","bot":true,"ready":false},{"id":7,"name":"Bot 7","bot":true,"ready":false},{"id":8,"name":"Bot 8","bot":true,"ready":false},{"id":9,"name":"Bot 9","bot":true,"ready":false},{"id":10,"name":"Bot 10","bot":true,"ready":false}],"creator":1}}
{"t":"grid","n":522,"m":{"t":"grid","cars":[{"id":1,"name":"Ace","bot":false,"ready":true},{"id":2,"name":"Bee","bot":false,"ready":false},{"id":3,"name":"Bot 3","bot":true,"ready":false},{"id":4,"name":"Bot 4","bot":true,"ready":false},{"id":5,"name":"Bot 5","bot":true,"ready":false},{"id":6,"name":"Bot 6","bot":true,"ready":false},{"id":7,"name":"Bot 7","bot":true,"ready":false},{"id":8,"name":"Bot 8","bot":true,"ready":false},{"id":9,"name":"Bot 9","bot":true,"ready":false},{"id":10,"name":"Bot 10","bot":true,"ready":false}],"creator":1}}
{"t":"grid","n":521,"m":{"t":"grid","cars":[{"id":1,"name":"Ace","bot":false,"ready":true},{"id":2,"name":"Bee","bot":false,"ready":true},{"id":3,"name":"Bot 3","bot":true,"ready":false},{"id":4,"name":"Bot 4","bot":true,"ready":false},{"id":5,"name":"Bot 5","bot":true,"ready":false},{"id":6,"name":"Bot 6","bot":true,"ready":false},{"id":7,"name":"Bot 7","bot":true,"ready":false},{"id":8,"name":"Bot 8","bot":true,"ready":false},{"id":9,"name":"Bot 9","bot":true,"ready":false},{"id":10,"name":"Bot 10","bot":true,"ready":false}],"creator":1}}
{"t":"snap","c":30,"n":13016,"h":"4dbc76a99089ec84"}
{"t":"lights","n":21,"m":{"t":"lights","on":1}}
{"t":"snap","c":30,"n":13031,"h":"1c84945552278082"}
{"t":"lights","n":21,"m":{"t":"lights","on":2}}
{"t":"snap","c":30,"n":13050,"h":"dacdb539656b11c7"}
{"t":"lights","n":21,"m":{"t":"lights","on":3}}
{"t":"snap","c":30,"n":13050,"h":"e9c9a56ee72fa043"}
{"t":"lights","n":21,"m":{"t":"lights","on":4}}
{"t":"snap","c":30,"n":13050,"h":"1a036fbe0881799a"}
{"t":"lights","n":21,"m":{"t":"lights","on":5}}
{"t":"snap","c":17,"n":7395,"h":"eb37a87a849951a4"}
{"t":"lights","n":31,"m":{"t":"lights","on":0,"out":335}}
{"t":"snap","c":2376,"n":1271079,"h":"9d9388e8faa2aa74"}
{"t":"lap","n":64,"m":{"t":"lap","car":1,"lap":1,"ms":79183,"valid":true,"best":79183}}
{"t":"snap","c":40,"n":19764,"h":"2e4c175719d8f7e4"}
{"t":"lap","n":64,"m":{"t":"lap","car":2,"lap":1,"ms":80533,"valid":true,"best":80533}}
{"t":"snap","c":6,"n":2904,"h":"c4488f056c664549"}
{"t":"lap","n":64,"m":{"t":"lap","car":3,"lap":1,"ms":80716,"valid":true,"best":80716}}
{"t":"snap","c":5,"n":2421,"h":"2f28fb6466a4b385"}
{"t":"lap","n":64,"m":{"t":"lap","car":4,"lap":1,"ms":80883,"valid":true,"best":80883}}
{"t":"snap","c":24,"n":11688,"h":"7c04dda285323ba3"}
{"t":"lap","n":64,"m":{"t":"lap","car":5,"lap":1,"ms":81683,"valid":true,"best":81683}}
{"t":"snap","c":11,"n":5319,"h":"e4a4db09a9ee6342"}
{"t":"lap","n":64,"m":{"t":"lap","car":6,"lap":1,"ms":82066,"valid":true,"best":82066}}
{"t":"snap","c":5,"n":2380,"h":"056046161ecc0d80"}
{"t":"lap","n":64,"m":{"t":"lap","car":7,"lap":1,"ms":82233,"valid":true,"best":82233}}
{"t":"snap","c":19,"n":9129,"h":"d63ed6e6f2989918"}
{"t":"lap","n":64,"m":{"t":"lap","car":8,"lap":1,"ms":82866,"valid":true,"best":82866}}
{"t":"snap","c":5,"n":2395,"h":"7e5cf8ee3e22a22b"}
{"t":"lap","n":64,"m":{"t":"lap","car":9,"lap":1,"ms":83033,"valid":true,"best":83033}}
{"t":"snap","c":5,"n":2375,"h":"77e92a150ef8a1f1"}
{"t":"lap","n":65,"m":{"t":"lap","car":10,"lap":1,"ms":83200,"valid":true,"best":83200}}
{"t":"snap","c":597,"n":315523,"h":"53a4d41c75de5363"}
{"t":"reset","n":21,"m":{"t":"reset","car":2}}
{"t":"snap","c":1455,"n":798370,"h":"8713b75fb981b173"}
{"t":"lap","n":64,"m":{"t":"lap","car":1,"lap":2,"ms":72416,"valid":true,"best":72416}}
{"t":"snap","c":70,"n":36007,"h":"7942b72dcb2eaea9"}
{"t":"lap","n":64,"m":{"t":"lap","car":3,"lap":2,"ms":73200,"valid":true,"best":73200}}
{"t":"snap","c":5,"n":2486,"h":"ad285e7b7ab7c0ab"}
{"t":"lap","n":64,"m":{"t":"lap","car":4,"lap":2,"ms":73216,"valid":true,"best":73216}}
{"t":"snap","c":48,"n":23674,"h":"496dcababfa245b2"}
{"t":"lap","n":64,"m":{"t":"lap","car":5,"lap":2,"ms":74016,"valid":true,"best":74016}}
{"t":"snap","c":16,"n":7878,"h":"a1846eece09cae85"}
{"t":"lap","n":64,"m":{"t":"lap","car":6,"lap":2,"ms":74150,"valid":true,"best":74150}}
{"t":"snap","c":5,"n":2461,"h":"6f819bea0cbc2744"}
{"t":"lap","n":64,"m":{"t":"lap","car":7,"lap":2,"ms":74150,"valid":true,"best":74150}}
{"t":"snap","c":28,"n":13801,"h":"2cbd6399e1c5208d"}
{"t":"lap","n":64,"m":{"t":"lap","car":8,"lap":2,"ms":74450,"valid":true,"best":74450}}
{"t":"snap","c":5,"n":2420,"h":"a0961656f5d39f89"}
{"t":"lap","n":64,"m":{"t":"lap","car":9,"lap":2,"ms":74450,"valid":true,"best":74450}}
{"t":"snap","c":5,"n":2401,"h":"8c560b7cce7e1e2c"}
{"t":"lap","n":65,"m":{"t":"lap","car":10,"lap":2,"ms":74466,"valid":true,"best":74466}}
{"t":"snap","c":216,"n":109101,"h":"e63d1ca0f79569cd"}
{"t":"lap","n":65,"m":{"t":"lap","car":2,"lap":2,"ms":84333,"valid":false,"best":80533}}
{"t":"snap","c":1775,"n":975741,"h":"244eb2de1d993525"}
{"t":"lap","n":64,"m":{"t":"lap","car":1,"lap":3,"ms":72416,"valid":true,"best":72416}}
{"t":"snap","c":82,"n":43194,"h":"ebe7b72b3cceff64"}
{"t":"lap","n":64,"m":{"t":"lap","car":3,"lap":3,"ms":72833,"valid":true,"best":72833}}
{"t":"snap","c":5,"n":2545,"h":"ab8ffd4083c881d1"}
{"t":"lap","n":64,"m":{"t":"lap","car":4,"lap":3,"ms":72816,"valid":true,"best":72816}}
{"t":"snap","c":84,"n":42150,"h":"9a7d5febe24a3fef"}
{"t":"lap","n":64,"m":{"t":"lap","car":5,"lap":3,"ms":74016,"valid":true,"best":74016}}
{"t":"snap","c":19,"n":9347,"h":"97c1b4a7f5178be7"}
{"t":"lap","n":64,"m":{"t":"lap","car":6,"lap":3,"ms":74133,"valid":true,"best":74133}}
{"t":"snap","c":5,"n":2443,"h":"624cec9918651cd5"}
{"t":"lap","n":64,"m":{"t":"lap","car":7,"lap":3,"ms":74133,"valid":true,"best":74133}}
{"t":"snap","c":38,"n":18802,"h":"6286a79c77fce5fe"}
{"t":"lap","n":64,"m":{"t":"lap","car":8,"lap":3,"ms":74466,"valid":true,"best":74450}}
{"t":"snap","c":5,"n":2457,"h":"7c6f843e261e0754"}
{"t":"lap","n":64,"m":{"t":"lap","car":9,"lap":3,"ms":74466,"valid":true,"best":74450}}
{"t":"snap","c":5,"n":2477,"h":"f9d3a352b6dfbb2e"}
{"t":"lap","n":65,"m":{"t":"lap","car":10,"lap":3,"ms":74450,"valid":true,"best":74450}}
{"t":"snap","c":193,"n":97896,"h":"b754d82a83d42f35"}
{"t":"lap","n":64,"m":{"t":"lap","car":2,"lap":3,"ms":73700,"valid":true,"best":73700}}
{"t":"results","n":833,"m":{"t":"results","rows":[{"pos":1,"id":1,"name":"Ace","laps":3,"total":224016,"best":72416,"penalty":0},{"pos":2,"id":3,"name":"Bot 3","laps":3,"total":226750,"best":72833,"penalty":0},{"pos":3,"id":4,"name":"Bot 4","laps":3,"total":226916,"best":72816,"penalty":0},{"pos":4,"id":5,"name":"Bot 5","laps":3,"total":229716,"best":74016,"penalty":0},{"pos":5,"id":6,"name":"Bot 6","laps":3,"total":230350,"best":74133,"penalty":0},{"pos":6,"id":7,"name":"Bot 7","laps":3,"total":230516,"best":74133,"penalty":0},{"pos":7,"id":8,"name":"Bot 8","laps":3,"total":231783,"best":74450,"penalty":0},{"pos":8,"id":9,"name":"Bot 9","laps":3,"total":231950,"best":74450,"penalty":0},{"pos":9,"id":10,"name":"Bot 10","laps":3,"total":232116,"best":74450,"penalty":0},{"pos":10,"id":2,"name":"Bee","laps":3,"total":238566,"best":73700,"penalty":0}]}}
