## session 1
{"t":"welcome","n":182,"h":"b5ed84ce4fcc3dd4"}
{"t":"grid","n":524,"m":{"t":"grid","cars":[{"id":1,"name":"Ace","bot":false,"ready":false},{"id":2,"name":"Bot 2","bot":true,"ready":false},{"id":3,"name":"Bot 3","bot":true,"ready":false},{"id":4,"name":"Bot 4","bot":true,"ready":false},{"id":5,"name":"Bot 5","bot":true,"ready":false},{"id":6,"name":"Bot 6","bot":true,"ready":false},{"id":7,"name":"Bot 7","bot":true,"ready":false},{"id":8,"name":"Bot 8","bot":true,"ready":false},{"id":9,"name":"Bot 9","bot":true,"ready":false},{"id":10,"name":"Bot 10","bot":true,"ready":false}],"creator":1}}
{"t":"grid","n":523,"m":{"t":"grid","cars":[{"id":1,"name":"Ace","bot":false,"ready":false},{"id":2,"name":"Bee","bot":false,"ready":false},{"id":3,"name":"Bot 3","bot":true,"ready":false},{"id":4,"name":"Bot 4","bot":true,"ready":false},{"id":5,"name":"Bot 5","bot":true,"ready":false},{"id":6,"name":"Bot 6","bot":true,"ready":false},{"id":7,"name":"Bot 7","bot":true,"ready":false},{"id":8,"name":"Bot 8","bot":true,"ready":false},{"id":9,"name":"Bot 9","bot":true,"ready":false},{"id":10,"name":"Bot 10","bot":true,"ready":false}],"creator":1}}
{"t":"grid","n":522,"m":{"t":"grid","cars":[{"id":1,"name":"Ace","bot":false,"ready":true},{"id":2,"name":"Bee","bot":false,"ready":false},{"id":3,"name":"Bot 3","bot":true,"ready":false},{"id":4,"name":"Bot 4","bot":true,"ready":false},{"id":5,"name":"Bot 5","bot":true,"ready":false},{"id":6,"name":"Bot 6","bot":true,"ready":false},{"id":7,"name":"Bot 7","bot":true,"ready":false},{"id":8,"name":"Bot 8","bot":true,"ready":false},{"id":9,"name":"Bot 9","bot":true,"ready":false},{"id":10,"name":"Bot 10","bot":true,"ready":false}],"creator":1}}
{"t":"grid","n":521,"m":{"t":"grid","cars":[{"id":1,"name":"Ace","bot":false,"ready":true},{"id":2,"name":"Bee","bot":false,"ready":true},{"id":3,"name":"Bot 3","bot":true,"ready":false},{"id":4,"name":"Bot 4","bot":true,"ready":false},{"id":5,"name":"Bot 5","bot":true,"ready":false},{"id":6,"name":"Bot 6","bot":true,"ready":false},{"id":7,"name":"Bot 7","bot":true,"ready":false},{"id":8,"name":"Bot 8","bot":true,"ready":false},{"id":9,"name":"Bot 9","bot":true,"ready":false},{"id":10,"name":"Bot 10","bot":true,"ready":false}],"creator":1}}
{"t":"snap","c":30,"n":13016,"h":"59234403cd2417c0"}
{"t":"lights","n":21,"m":{"t":"lights","on":1}}
{"t":"snap","c":30,"n":13031,"h":"437b24ac0cc3ae6c"}
{"t":"lights","n":21,"m":{"t":"lights","on":2}}
{"t":"snap","c":30,"n":13050,"h":"5abb45dc046fc027"}
{"t":"lights","n":21,"m":{"t":"lights","on":3}}
{"t":"snap","c":30,"n":13050,"h":"8fde2e23d4875dc6"}
{"t":"lights","n":21,"m":{"t":"lights","on":4}}
{"t":"snap","c":30,"n":13050,"h":"3a46043dfa5ec7f5"}
{"t":"lights","n":21,"m":{"t":"lights","on":5}}
{"t":"snap","c":17,"n":7395,"h":"ade2ea50cca0e2ad"}
{"t":"lights","n":31,"m":{"t":"lights","on":0,"out":335}}
{"t":"snap","c":2589,"n":1377793,"h":"dafcc506dc355202"}
{"t":"lap","n":64,"m":{"t":"lap","car":1,"lap":1,"ms":86283,"valid":true,"best":86283}}
{"t":"snap","c":30,"n":14890,"h":"a28a3f199cd6ba01"}
{"t":"lap","n":64,"m":{"t":"lap","car":2,"lap":1,"ms":87283,"valid":true,"best":87283}}
{"t":"snap","c":6,"n":2913,"h":"7230aa110abcf56d"}
{"t":"lap","n":64,"m":{"t":"lap","car":3,"lap":1,"ms":87500,"valid":true,"best":87500}}
{"t":"snap","c":7,"n":3380,"h":"1fa650073fd49553"}
{"t":"lap","n":64,"m":{"t":"lap","car":4,"lap":1,"ms":87716,"valid":true,"best":87716}}
{"t":"snap","c":37,"n":17987,"h":"a5c27606966c63c6"}
{"t":"lap","n":64,"m":{"t":"lap","car":5,"lap":1,"ms":88966,"valid":true,"best":88966}}
{"t":"snap","c":12,"n":5767,"h":"ec712059d9f1089b"}
{"t":"lap","n":64,"m":{"t":"lap","car":6,"lap":1,"ms":89366,"valid":true,"best":89366}}
{"t":"snap","c":5,"n":2397,"h":"f76ed8543e3b8b12"}
{"t":"lap","n":64,"m":{"t":"lap","car":7,"lap":1,"ms":89533,"valid":true,"best":89533}}
{"t":"snap","c":22,"n":10587,"h":"ac5e2a49e817ed65"}
{"t":"lap","n":64,"m":{"t":"lap","car":8,"lap":1,"ms":90266,"valid":true,"best":90266}}
{"t":"snap","c":5,"n":2348,"h":"aea27e1de03f0d72"}
{"t":"lap","n":64,"m":{"t":"lap","car":9,"lap":1,"ms":90433,"valid":true,"best":90433}}
{"t":"snap","c":6,"n":2790,"h":"64619cff735af815"}
{"t":"lap","n":65,"m":{"t":"lap","car":10,"lap":1,"ms":90633,"valid":true,"best":90633}}
{"t":"snap","c":2206,"n":1194844,"h":"75a9f8221355ee6c"}
{"t":"lap","n":64,"m":{"t":"lap","car":1,"lap":2,"ms":77866,"valid":true,"best":77866}}
{"t":"snap","c":61,"n":31473,"h":"5bf2478b463ea7e6"}
{"t":"lap","n":64,"m":{"t":"lap","car":3,"lap":2,"ms":78683,"valid":true,"best":78683}}
{"t":"snap","c":6,"n":3039,"h":"a6b254215cb9489e"}
{"t":"lap","n":64,"m":{"t":"lap","car":4,"lap":2,"ms":78666,"valid":true,"best":78666}}
{"t":"snap","c":70,"n":34871,"h":"bc8d6ffc71b2c05d"}
{"t":"lap","n":64,"m":{"t":"lap","car":5,"lap":2,"ms":79766,"valid":true,"best":79766}}
{"t":"snap","c":16,"n":7873,"h":"06ecfd3c7fd6b088"}
{"t":"lap","n":64,"m":{"t":"lap","car":6,"lap":2,"ms":79883,"valid":true,"best":79883}}
{"t":"snap","c":5,"n":2443,"h":"3cd1ef8be8e104b4"}
{"t":"lap","n":64,"m":{"t":"lap","car":7,"lap":2,"ms":79883,"valid":true,"best":79883}}
{"t":"snap","c":32,"n":15696,"h":"a149d35d0fdc9ec3"}
{"t":"lap","n":64,"m":{"t":"lap","car":8,"lap":2,"ms":80216,"valid":true,"best":80216}}
{"t":"snap","c":5,"n":2420,"h":"4b846ded6ef8f61d"}
{"t":"lap","n":64,"m":{"t":"lap","car":9,"lap":2,"ms":80216,"valid":true,"best":80216}}
{"t":"snap","c":6,"n":2902,"h":"7f8b5ff2b876b57d"}
{"t":"lap","n":65,"m":{"t":"lap","car":10,"lap":2,"ms":80216,"valid":true,"best":80216}}
{"t":"snap","c":318,"n":164446,"h":"bd2258c7aa8f7e3d"}
{"t":"lap","n":65,"m":{"t":"lap","car":2,"lap":2,"ms":94166,"valid":false,"best":87283}}
{"t":"snap","c":1817,"n":994034,"h":"766930942d624658"}
{"t":"lap","n":64,"m":{"t":"lap","car":1,"lap":3,"ms":77883,"valid":true,"best":77866}}
{"t":"snap","c":80,"n":42070,"h":"5707c36a80d39db7"}
{"t":"lap","n":64,"m":{"t":"lap","car":3,"lap":3,"ms":78516,"valid":true,"best":78516}}
{"t":"snap","c":7,"n":3610,"h":"d90cc52eb235c693"}
{"t":"lap","n":64,"m":{"t":"lap","car":4,"lap":3,"ms":78533,"valid":true,"best":78533}}
{"t":"snap","c":107,"n":53965,"h":"2f035072c4808434"}
{"t":"lap","n":64,"m":{"t":"lap","car":5,"lap":3,"ms":79750,"valid":true,"best":79750}}
{"t":"snap","c":20,"n":9853,"h":"921fcdbd7ad920b2"}
{"t":"lap","n":64,"m":{"t":"lap","car":6,"lap":3,"ms":79900,"valid":true,"best":79883}}
{"t":"snap","c":5,"n":2445,"h":"b72408b32518d4ff"}
{"t":"lap","n":64,"m":{"t":"lap","car":7,"lap":3,"ms":79900,"valid":true,"best":79883}}
{"t":"snap","c":42,"n":21015,"h":"06ebab824ceeae0e"}
{"t":"lap","n":64,"m":{"t":"lap","car":8,"lap":3,"ms":80233,"valid":true,"best":80216}}
{"t":"snap","c":5,"n":2494,"h":"a148984c7b1e76cb"}
{"t":"lap","n":64,"m":{"t":"lap","car":9,"lap":3,"ms":80233,"valid":true,"best":80216}}
{"t":"snap","c":6,"n":3010,"h":"1df35bcb44a2e148"}
{"t":"lap","n":65,"m":{"t":"lap","car":10,"lap":3,"ms":80233,"valid":true,"best":80216}}
{"t":"snap","c":277,"n":142888,"h":"e4ff719870271516"}
{"t":"lap","n":64,"m":{"t":"lap","car":2,"lap":3,"ms":78883,"valid":true,"best":78883}}
{"t":"results","n":833,"m":{"t":"results","rows":[{"pos":1,"id":1,"name":"Ace","laps":3,"total":242033,"best":77866,"penalty":0},{"pos":2,"id":3,"name":"Bot 3","laps":3,"total":244700,"best":78516,"penalty":0},{"pos":3,"id":4,"name":"Bot 4","laps":3,"total":244916,"best":78533,"penalty":0},{"pos":4,"id":5,"name":"Bot 5","laps":3,"total":248483,"best":79750,"penalty":0},{"pos":5,"id":6,"name":"Bot 6","laps":3,"total":249150,"best":79883,"penalty":0},{"pos":6,"id":7,"name":"Bot 7","laps":3,"total":249316,"best":79883,"penalty":0},{"pos":7,"id":8,"name":"Bot 8","laps":3,"total":250716,"best":80216,"penalty":0},{"pos":8,"id":9,"name":"Bot 9","laps":3,"total":250883,"best":80216,"penalty":0},{"pos":9,"id":10,"name":"Bot 10","laps":3,"total":251083,"best":80216,"penalty":0},{"pos":10,"id":2,"name":"Bee","laps":3,"total":260333,"best":78883,"penalty":0}]}}
## session 2
{"t":"welcome","n":183,"h":"6763e3b7fc509c9d"}
{"t":"grid","n":523,"m":{"t":"grid","cars":[{"id":1,"name":"Ace","bot":false,"ready":false},{"id":2,"name":"Bee","bot":false,"ready":false},{"id":3,"name":"Bot 3","bot":true,"ready":false},{"id":4,"name":"Bot 4","bot":true,"ready":false},{"id":5,"name":"Bot 5","bot":true,"ready":false},{"id":6,"name":"Bot 6","bot":true,"ready":false},{"id":7,"name":"Bot 7","bot":true,"ready":false},{"id":8,"name":"Bot 8","bot":true,"ready":false},{"id":9,"name":"Bot 9","bot":true,"ready":false},{"id":10,"name":"Bot 10","bot":true,"ready":false}],"creator":1}}
{"t":"grid","n":522,"m":{"t":"grid","cars":[{"id":1,"name":"Ace","bot":false,"ready":true},{"id":2,"name":"Bee","bot":false,"ready":false},{"id":3,"name":"Bot 3","bot":true,"ready":false},{"id":4,"name":"Bot 4","bot":true,"ready":false},{"id":5,"name":"Bot 5","bot":true,"ready":false},{"id":6,"name":"Bot 6","bot":true,"ready":false},{"id":7,"name":"Bot 7","bot":true,"ready":false},{"id":8,"name":"Bot 8","bot":true,"ready":false},{"id":9,"name":"Bot 9","bot":true,"ready":false},{"id":10,"name":"Bot 10","bot":true,"ready":false}],"creator":1}}
{"t":"grid","n":521,"m":{"t":"grid","cars":[{"id":1,"name":"Ace","bot":false,"ready":true},{"id":2,"name":"Bee","bot":false,"ready":true},{"id":3,"name":"Bot 3","bot":true,"ready":false},{"id":4,"name":"Bot 4","bot":true,"ready":false},{"id":5,"name":"Bot 5","bot":true,"ready":false},{"id":6,"name":"Bot 6","bot":true,"ready":false},{"id":7,"name":"Bot 7","bot":true,"ready":false},{"id":8,"name":"Bot 8","bot":true,"ready":false},{"id":9,"name":"Bot 9","bot":true,"ready":false},{"id":10,"name":"Bot 10","bot":true,"ready":false}],"creator":1}}
{"t":"snap","c":30,"n":13016,"h":"4dbc76a99089ec84"}
{"t":"lights","n":21,"m":{"t":"lights","on":1}}
{"t":"snap","c":30,"n":13031,"h":"1c84945552278082"}
{"t":"lights","n":21,"m":{"t":"lights","on":2}}
{"t":"snap","c":30,"n":13050,"h":"dacdb539656b11c7"}
{"t":"lights","n":21,"m":{"t":"lights","on":3}}
{"t":"snap","c":30,"n":13050,"h":"e9c9a56ee72fa043"}
{"t":"lights","n":21,"m":{"t":"lights","on":4}}
{"t":"snap","c":30,"n":13050,"h":"1a036fbe0881799a"}
{"t":"lights","n":21,"m":{"t":"lights","on":5}}
{"t":"snap","c":17,"n":7395,"h":"eb37a87a849951a4"}
{"t":"lights","n":31,"m":{"t":"lights","on":0,"out":335}}
{"t":"snap","c":2589,"n":1377793,"h":"635ea5a94f9feb81"}
{"t":"lap","n":64,"m":{"t":"lap","car":1,"lap":1,"ms":86283,"valid":true,"best":86283}}
{"t":"snap","c":30,"n":14890,"h":"224cef7d7f2b8793"}
{"t":"lap","n":64,"m":{"t":"lap","car":2,"lap":1,"ms":87283,"valid":true,"best":87283}}
{"t":"snap","c":6,"n":2913,"h":"77c9be9622b9770d"}
{"t":"lap","n":64,"m":{"t":"lap","car":3,"lap":1,"ms":87500,"valid":true,"best":87500}}
{"t":"snap","c":7,"n":3380,"h":"3ea17fa722199cdc"}
{"t":"lap","n":64,"m":{"t":"lap","car":4,"lap":1,"ms":87716,"valid":true,"best":87716}}
{"t":"snap","c":37,"n":17987,"h":"6c87e725825ff8f9"}
{"t":"lap","n":64,"m":{"t":"lap","car":5,"lap":1,"ms":88966,"valid":true,"best":88966}}
{"t":"snap","c":12,"n":5767,"h":"9520bce6ea78a55b"}
{"t":"lap","n":64,"m":{"t":"lap","car":6,"lap":1,"ms":89366,"valid":true,"best":89366}}
{"t":"snap","c":5,"n":2397,"h":"c3306ed7d41f10bb"}
{"t":"lap","n":64,"m":{"t":"lap","car":7,"lap":1,"ms":89533,"valid":true,"best":89533}}
{"t":"snap","c":22,"n":10587,"h":"8f7b9369d4980693"}
{"t":"lap","n":64,"m":{"t":"lap","car":8,"lap":1,"ms":90266,"valid":true,"best":90266}}
{"t":"snap","c":5,"n":2348,"h":"80c479fb3f7510f0"}
{"t":"lap","n":64,"m":{"t":"lap","car":9,"lap":1,"ms":90433,"valid":true,"best":90433}}
{"t":"snap","c":6,"n":2790,"h":"392ee019cb4d28f3"}
{"t":"lap","n":65,"m":{"t":"lap","car":10,"lap":1,"ms":90633,"valid":true,"best":90633}}
{"t":"snap","c":2206,"n":1194844,"h":"799d06ce0de074e1"}
{"t":"lap","n":64,"m":{"t":"lap","car":1,"lap":2,"ms":77866,"valid":true,"best":77866}}
{"t":"snap","c":61,"n":31473,"h":"100639cc9e69b46a"}
{"t":"lap","n":64,"m":{"t":"lap","car":3,"lap":2,"ms":78683,"valid":true,"best":78683}}
{"t":"snap","c":6,"n":3039,"h":"8b5898f7040c2a4e"}
{"t":"lap","n":64,"m":{"t":"lap","car":4,"lap":2,"ms":78666,"valid":true,"best":78666}}
{"t":"snap","c":70,"n":34871,"h":"638ea62724f9294e"}
{"t":"lap","n":64,"m":{"t":"lap","car":5,"lap":2,"ms":79766,"valid":true,"best":79766}}
{"t":"snap","c":16,"n":7873,"h":"ccec968f02bffcb6"}
{"t":"lap","n":64,"m":{"t":"lap","car":6,"lap":2,"ms":79883,"valid":true,"best":79883}}
{"t":"snap","c":5,"n":2443,"h":"642433d854cc961b"}
{"t":"lap","n":64,"m":{"t":"lap","car":7,"lap":2,"ms":79883,"valid":true,"best":79883}}
{"t":"snap","c":32,"n":15696,"h":"46e491e4507440b6"}
{"t":"lap","n":64,"m":{"t":"lap","car":8,"lap":2,"ms":80216,"valid":true,"best":80216}}
{"t":"snap","c":5,"n":2420,"h":"8ffe32712379c869"}
{"t":"lap","n":64,"m":{"t":"lap","car":9,"lap":2,"ms":80216,"valid":true,"best":80216}}
{"t":"snap","c":6,"n":2902,"h":"cdf17027145f7950"}
{"t":"lap","n":65,"m":{"t":"lap","car":10,"lap":2,"ms":80216,"valid":true,"best":80216}}
{"t":"snap","c":318,"n":164446,"h":"6b2a8cd92ec84b3e"}
{"t":"lap","n":65,"m":{"t":"lap","car":2,"lap":2,"ms":94166,"valid":false,"best":87283}}
{"t":"snap","c":1817,"n":994034,"h":"ce0bccbadcd4c21f"}
{"t":"lap","n":64,"m":{"t":"lap","car":1,"lap":3,"ms":77883,"valid":true,"best":77866}}
{"t":"snap","c":80,"n":42070,"h":"e4bfd78a8f7be5e3"}
{"t":"lap","n":64,"m":{"t":"lap","car":3,"lap":3,"ms":78516,"valid":true,"best":78516}}
{"t":"snap","c":7,"n":3610,"h":"6b0bab89f194e17d"}
{"t":"lap","n":64,"m":{"t":"lap","car":4,"lap":3,"ms":78533,"valid":true,"best":78533}}
{"t":"snap","c":107,"n":53965,"h":"2948360bbd629d1e"}
{"t":"lap","n":64,"m":{"t":"lap","car":5,"lap":3,"ms":79750,"valid":true,"best":79750}}
{"t":"snap","c":20,"n":9853,"h":"7387b28c65d3c3ad"}
{"t":"lap","n":64,"m":{"t":"lap","car":6,"lap":3,"ms":79900,"valid":true,"best":79883}}
{"t":"snap","c":5,"n":2445,"h":"bf851b88b574aa12"}
{"t":"lap","n":64,"m":{"t":"lap","car":7,"lap":3,"ms":79900,"valid":true,"best":79883}}
{"t":"snap","c":42,"n":21015,"h":"ef0fbdea9b05a10f"}
{"t":"lap","n":64,"m":{"t":"lap","car":8,"lap":3,"ms":80233,"valid":true,"best":80216}}
{"t":"snap","c":5,"n":2494,"h":"cf53136b05c79d16"}
{"t":"lap","n":64,"m":{"t":"lap","car":9,"lap":3,"ms":80233,"valid":true,"best":80216}}
{"t":"snap","c":6,"n":3010,"h":"69d5a9b9eadc620f"}
{"t":"lap","n":65,"m":{"t":"lap","car":10,"lap":3,"ms":80233,"valid":true,"best":80216}}
{"t":"snap","c":277,"n":142888,"h":"bf6695579456790e"}
{"t":"lap","n":64,"m":{"t":"lap","car":2,"lap":3,"ms":78883,"valid":true,"best":78883}}
{"t":"results","n":833,"m":{"t":"results","rows":[{"pos":1,"id":1,"name":"Ace","laps":3,"total":242033,"best":77866,"penalty":0},{"pos":2,"id":3,"name":"Bot 3","laps":3,"total":244700,"best":78516,"penalty":0},{"pos":3,"id":4,"name":"Bot 4","laps":3,"total":244916,"best":78533,"penalty":0},{"pos":4,"id":5,"name":"Bot 5","laps":3,"total":248483,"best":79750,"penalty":0},{"pos":5,"id":6,"name":"Bot 6","laps":3,"total":249150,"best":79883,"penalty":0},{"pos":6,"id":7,"name":"Bot 7","laps":3,"total":249316,"best":79883,"penalty":0},{"pos":7,"id":8,"name":"Bot 8","laps":3,"total":250716,"best":80216,"penalty":0},{"pos":8,"id":9,"name":"Bot 9","laps":3,"total":250883,"best":80216,"penalty":0},{"pos":9,"id":10,"name":"Bot 10","laps":3,"total":251083,"best":80216,"penalty":0},{"pos":10,"id":2,"name":"Bee","laps":3,"total":260333,"best":78883,"penalty":0}]}}
