## session 1
{"t":"welcome","n":185,"h":"e9ea589c82d46ee4"}
{"t":"grid","n":524,"m":{"t":"grid","cars":[{"id":1,"name":"Ace","bot":false,"ready":false},{"id":2,"name":"Bot 2","bot":true,"ready":false},{"id":3,"name":"Bot 3","bot":true,"ready":false},{"id":4,"name":"Bot 4","bot":true,"ready":false},{"id":5,"name":"Bot 5","bot":true,"ready":false},{"id":6,"name":"Bot 6","bot":true,"ready":false},{"id":7,"name":"Bot 7","bot":true,"ready":false},{"id":8,"name":"Bot 8","bot":true,"ready":false},{"id":9,"name":"Bot 9","bot":true,"ready":false},{"id":10,"name":"Bot 10","bot":true,"ready":false}],"creator":1}}
{"t":"grid","n":523,"m":{"t":"grid","cars":[{"id":1,"name":"Ace","bot":false,"ready":false},{"id":2,"name":"Bee","bot":false,"ready":false},{"id":3,"name":"Bot 3","bot":true,"ready":false},{"id":4,"name":"Bot 4","bot":true,"ready":false},{"id":5,"name":"Bot 5","bot":true,"ready":false},{"id":6,"name":"Bot 6","bot":true,"ready":false},{"id":7,"name":"Bot 7","bot":true,"ready":false},{"id":8,"name":"Bot 8","bot":true,"ready":false},{"id":9,"name":"Bot 9","bot":true,"ready":false},{"id":10,"name":"Bot 10","bot":true,"ready":false}],"creator":1}}
{"t":"grid","n":522,"m":{"t":"grid","cars":[{"id":1,"name":"Ace","bot":false,"ready":true},{"id":2,"name":"Bee","bot":false,"ready":false},{"id":3,"name":"Bot 3","bot":true,"ready":false},{"id":4,"name":"Bot 4","bot":true,"ready":false},{"id":5,"name":"Bot 5","bot":true,"ready":false},{"id":6,"name":"Bot 6","bot":true,"ready":false},{"id":7,"name":"Bot 7","bot":true,"ready":false},{"id":8,"name":"Bot 8","bot":true,"ready":false},{"id":9,"name":"Bot 9","bot":true,"ready":false},{"id":10,"name":"Bot 10","bot":true,"ready":false}],"creator":1}}
{"t":"grid","n":521,"m":{"t":"grid","cars":[{"id":1,"name":"Ace","bot":false,"ready":true},{"id":2,"name":"Bee","bot":false,"ready":true},{"id":3,"name":"Bot 3","bot":true,"ready":false},{"id":4,"name":"Bot 4","bot":true,"ready":false},{"id":5,"name":"Bot 5","bot":true,"ready":false},{"id":6,"name":"Bot 6","bot":true,"ready":false},{"id":7,"name":"Bot 7","bot":true,"ready":false},{"id":8,"name":"Bot 8","bot":true,"ready":false},{"id":9,"name":"Bot 9","bot":true,"ready":false},{"id":10,"name":"Bot 10","bot":true,"ready":false}],"creator":1}}
{"t":"snap","c":30,"n":13016,"h":"59234403cd2417c0"}
{"t":"lights","n":21,"m":{"t":"lights","on":1}}
{"t":"snap","c":30,"n":13031,"h":"437b24ac0cc3ae6c"}
{"t":"lights","n":21,"m":{"t":"lights","on":2}}
{"t":"snap","c":30,"n":13050,"h":"5abb45dc046fc027"}
{"t":"lights","n":21,"m":{"t":"lights","on":3}}
{"t":"snap","c":30,"n":13050,"h":"8fde2e23d4875dc6"}
{"t":"lights","n":21,"m":{"t":"lights","on":4}}
{"t":"snap","c":30,"n":13050,"h":"3a46043dfa5ec7f5"}
{"t":"lights","n":21,"m":{"t":"lights","on":5}}
{"t":"snap","c":17,"n":7395,"h":"ade2ea50cca0e2ad"}
{"t":"lights","n":31,"m":{"t":"lights","on":0,"out":335}}
{"t":"snap","c":2376,"n":1271032,"h":"459fe2b414f39eb4"}
{"t":"lap","n":64,"m":{"t":"lap","car":1,"lap":1,"ms":79183,"valid":true,"best":79183}}
{"t":"snap","c":37,"n":18298,"h":"04f3f311ad37a841"}
{"t":"lap","n":64,"m":{"t":"lap","car":2,"lap":1,"ms":80433,"valid":true,"best":80433}}
{"t":"snap","c":6,"n":2907,"h":"791d987eb4ed6f54"}
{"t":"lap","n":64,"m":{"t":"lap","car":3,"lap":1,"ms":80616,"valid":true,"best":80616}}
{"t":"snap","c":5,"n":2419,"h":"e24f315479ccfc3c"}
{"t":"lap","n":64,"m":{"t":"lap","car":4,"lap":1,"ms":80800,"valid":true,"best":80800}}
{"t":"snap","c":26,"n":12661,"h":"97fc9b9d91b596da"}
{"t":"lap","n":64,"m":{"t":"lap","car":5,"lap":1,"ms":81666,"valid":true,"best":81666}}
{"t":"snap","c":11,"n":5308,"h":"49b35f2406b72d6f"}
{"t":"lap","n":64,"m":{"t":"lap","car":6,"lap":1,"ms":82033,"valid":true,"best":82033}}
{"t":"snap","c":5,"n":2382,"h":"c6cd40c678b1c094"}
{"t":"lap","n":64,"m":{"t":"lap","car":7,"lap":1,"ms":82200,"valid":true,"best":82200}}
{"t":"snap","c":20,"n":9617,"h":"9e3f5b6520b51a3d"}
{"t":"lap","n":64,"m":{"t":"lap","car":8,"lap":1,"ms":82850,"valid":true,"best":82850}}
{"t":"snap","c":5,"n":2389,"h":"87e1585beef22087"}
{"t":"lap","n":64,"m":{"t":"lap","car":9,"lap":1,"ms":83016,"valid":true,"best":83016}}
{"t":"snap","c":5,"n":2372,"h":"cbd3db8e68a2c0ea"}
{"t":"lap","n":65,"m":{"t":"lap","car":10,"lap":1,"ms":83183,"valid":true,"best":83183}}
{"t":"snap","c":598,"n":316229,"h":"68854bb29258dcb4"}
{"t":"reset","n":21,"m":{"t":"reset","car":2}}
{"t":"snap","c":1454,"n":797741,"h":"606dc37bec7ee47a"}
{"t":"lap","n":64,"m":{"t":"lap","car":1,"lap":2,"ms":72416,"valid":true,"best":72416}}
{"t":"snap","c":64,"n":32957,"h":"f7ca954fa3b20337"}
{"t":"lap","n":64,"m":{"t":"lap","car":3,"lap":2,"ms":73100,"valid":true,"best":73100}}
{"t":"snap","c":5,"n":2504,"h":"e33aed4315cf2c32"}
{"t":"lap","n":64,"m":{"t":"lap","car":4,"lap":2,"ms":73100,"valid":true,"best":73100}}
{"t":"snap","c":53,"n":26172,"h":"3fc6345acfddde09"}
{"t":"lap","n":64,"m":{"t":"lap","car":5,"lap":2,"ms":74000,"valid":true,"best":74000}}
{"t":"snap","c":16,"n":7875,"h":"471aa96fe62a5375"}
{"t":"lap","n":64,"m":{"t":"lap","car":6,"lap":2,"ms":74150,"valid":true,"best":74150}}
{"t":"snap","c":5,"n":2459,"h":"04c9f64f32d9e65b"}
{"t":"lap","n":64,"m":{"t":"lap","car":7,"lap":2,"ms":74150,"valid":true,"best":74150}}
{"t":"snap","c":28,"n":13761,"h":"7b6954a85e84e21c"}
{"t":"lap","n":64,"m":{"t":"lap","car":8,"lap":2,"ms":74450,"valid":true,"best":74450}}
{"t":"snap","c":5,"n":2426,"h":"da66589867164444"}
{"t":"lap","n":64,"m":{"t":"lap","car":9,"lap":2,"ms":74450,"valid":true,"best":74450}}
{"t":"snap","c":6,"n":2887,"h":"56bba42bfa6cff25"}
{"t":"lap","n":65,"m":{"t":"lap","car":10,"lap":2,"ms":74466,"valid":true,"best":74466}}
{"t":"snap","c":214,"n":108154,"h":"28c17d855d700fae"}
{"t":"lap","n":65,"m":{"t":"lap","car":2,"lap":2,"ms":84350,"valid":false,"best":80433}}
{"t":"snap","c":1777,"n":976776,"h":"0b14f88e08689f42"}
{"t":"lap","n":64,"m":{"t":"lap","car":1,"lap":3,"ms":72416,"valid":true,"best":72416}}
{"t":"snap","c":76,"n":40051,"h":"4a8ecc66c5b45454"}
{"t":"lap","n":64,"m":{"t":"lap","car":3,"lap":3,"ms":72833,"valid":true,"best":72833}}
{"t":"snap","c":5,"n":2568,"h":"434fc9ed7ef355bd"}
{"t":"lap","n":64,"m":{"t":"lap","car":4,"lap":3,"ms":72816,"valid":true,"best":72816}}
{"t":"snap","c":89,"n":44686,"h":"d4bcc5ca276d50f5"}
{"t":"lap","n":64,"m":{"t":"lap","car":5,"lap":3,"ms":74016,"valid":true,"best":74000}}
{"t":"snap","c":19,"n":9339,"h":"d8e323169e3c8a9f"}
{"t":"lap","n":64,"m":{"t":"lap","car":6,"lap":3,"ms":74133,"valid":true,"best":74133}}
{"t":"snap","c":5,"n":2449,"h":"b788848e4a35562f"}
{"t":"lap","n":64,"m":{"t":"lap","car":7,"lap":3,"ms":74133,"valid":true,"best":74133}}
{"t":"snap","c":38,"n":18851,"h":"af694389aa2c4e2d"}
{"t":"lap","n":64,"m":{"t":"lap","car":8,"lap":3,"ms":74466,"valid":true,"best":74450}}
{"t":"snap","c":5,"n":2473,"h":"b8cb7e1020b3c61c"}
{"t":"lap","n":64,"m":{"t":"lap","car":9,"lap":3,"ms":74466,"valid":true,"best":74450}}
{"t":"snap","c":5,"n":2483,"h":"c69a543e22455b7f"}
{"t":"lap","n":65,"m":{"t":"lap","car":10,"lap":3,"ms":74450,"valid":true,"best":74450}}
{"t":"snap","c":192,"n":97354,"h":"8ce079e90fe2fcca"}
{"t":"lap","n":64,"m":{"t":"lap","car":2,"lap":3,"ms":73700,"valid":true,"best":73700}}
{"t":"results","n":833,"m":{"t":"results","rows":[{"pos":1,"id":1,"name":"Ace","laps":3,"total":224016,"best":72416,"penalty":0},{"pos":2,"id":3,"name":"Bot 3","laps":3,"total":226550,"best":72833,"penalty":0},{"pos":3,"id":4,"name":"Bot 4","laps":3,"total":226716,"best":72816,"penalty":0},{"pos":4,"id":5,"name":"Bot 5","laps":3,"total":229683,"best":74000,"penalty":0},{"pos":5,"id":6,"name":"Bot 6","laps":3,"total":230316,"best":74133,"penalty":0},{"pos":6,"id":7,"name":"Bot 7","laps":3,"total":230483,"best":74133,"penalty":0},{"pos":7,"id":8,"name":"Bot 8","laps":3,"total":231766,"best":74450,"penalty":0},{"pos":8,"id":9,"name":"Bot 9","laps":3,"total":231933,"best":74450,"penalty":0},{"pos":9,"id":10,"name":"Bot 10","laps":3,"total":232100,"best":74450,"penalty":0},{"pos":10,"id":2,"name":"Bee","laps":3,"total":238483,"best":73700,"penalty":0}]}}
## session 2
{"t":"welcome","n":186,"h":"8076e144045c05d4"}
{"t":"grid","n":523,"m":{"t":"grid","cars":[{"id":1,"name":"Ace","bot":false,"ready":false},{"id":2,"name":"Bee","bot":false,"ready":false},{"id":3,"name":"Bot 3","bot":true,"ready":false},{"id":4,"name":"Bot 4","bot":true,"ready":false},{"id":5,"name":"Bot 5","bot":true,"ready":false},{"id":6,"name":"Bot 6","bot":true,"ready":false},{"id":7,"name":"Bot 7","bot":true,"ready":false},{"id":8,"name":"Bot 8","bot":true,"ready":false},{"id":9,"name":"Bot 9","bot":true,"ready":false},{"id":10,"name":"Bot 10","bot":true,"ready":false}],"creator":1}}
{"t":"grid","n":522,"m":{"t":"grid","cars":[{"id":1,"name":"Ace","bot":false,"ready":true},{"id":2,"name":"Bee","bot":false,"ready":false},{"id":3,"name":"Bot 3","bot":true,"ready":false},{"id":4,"name":"Bot 4","bot":true,"ready":false},{"id":5,"name":"Bot 5","bot":true,"ready":false},{"id":6,"name":"Bot 6","bot":true,"ready":false},{"id":7,"name":"Bot 7","bot":true,"ready":false},{"id":8,"name":"Bot 8","bot":true,"ready":false},{"id":9,"name":"Bot 9","bot":true,"ready":false},{"id":10,"name":"Bot 10","bot":true,"ready":false}],"creator":1}}
{"t":"grid","n":521,"m":{"t":"grid","cars":[{"id":1,"name":"Ace","bot":false,"ready":true},{"id":2,"name":"Bee","bot":false,"ready":true},{"id":3,"name":"Bot 3","bot":true,"ready":false},{"id":4,"name":"Bot 4","bot":true,"ready":false},{"id":5,"name":"Bot 5","bot":true,"ready":false},{"id":6,"name":"Bot 6","bot":true,"ready":false},{"id":7,"name":"Bot 7","bot":true,"ready":false},{"id":8,"name":"Bot 8","bot":true,"ready":false},{"id":9,"name":"Bot 9","bot":true,"ready":false},{"id":10,"name":"Bot 10","bot":true,"ready":false}],"creator":1}}
{"t":"snap","c":30,"n":13016,"h":"4dbc76a99089ec84"}
{"t":"lights","n":21,"m":{"t":"lights","on":1}}
{"t":"snap","c":30,"n":13031,"h":"1c84945552278082"}
{"t":"lights","n":21,"m":{"t":"lights","on":2}}
{"t":"snap","c":30,"n":13050,"h":"dacdb539656b11c7"}
{"t":"lights","n":21,"m":{"t":"lights","on":3}}
{"t":"snap","c":30,"n":13050,"h":"e9c9a56ee72fa043"}
{"t":"lights","n":21,"m":{"t":"lights","on":4}}
{"t":"snap","c":30,"n":13050,"h":"1a036fbe0881799a"}
{"t":"lights","n":21,"m":{"t":"lights","on":5}}
{"t":"snap","c":17,"n":7395,"h":"eb37a87a849951a4"}
{"t":"lights","n":31,"m":{"t":"lights","on":0,"out":335}}
{"t":"snap","c":2376,"n":1271032,"h":"e98d835c5d4328c7"}
{"t":"lap","n":64,"m":{"t":"lap","car":1,"lap":1,"ms":79183,"valid":true,"best":79183}}
{"t":"snap","c":37,"n":18298,"h":"349452daf22bae03"}
{"t":"lap","n":64,"m":{"t":"lap","car":2,"lap":1,"ms":80433,"valid":true,"best":80433}}
{"t":"snap","c":6,"n":2907,"h":"7d9bb3c7ce3f1a64"}
{"t":"lap","n":64,"m":{"t":"lap","car":3,"lap":1,"ms":80616,"valid":true,"best":80616}}
{"t":"snap","c":5,"n":2419,"h":"2f5583c4eafe4674"}
{"t":"lap","n":64,"m":{"t":"lap","car":4,"lap":1,"ms":80800,"valid":true,"best":80800}}
{"t":"snap","c":26,"n":12661,"h":"c4c32103e2490a47"}
{"t":"lap","n":64,"m":{"t":"lap","car":5,"lap":1,"ms":81666,"valid":true,"best":81666}}
{"t":"snap","c":11,"n":5308,"h":"ea50a6917565c86a"}
{"t":"lap","n":64,"m":{"t":"lap","car":6,"lap":1,"ms":82033,"valid":true,"best":82033}}
{"t":"snap","c":5,"n":2382,"h":"8ad4426cb3b89a85"}
{"t":"lap","n":64,"m":{"t":"lap","car":7,"lap":1,"ms":82200,"valid":true,"best":82200}}
{"t":"snap","c":20,"n":9617,"h":"68c8c1158c5e3273"}
{"t":"lap","n":64,"m":{"t":"lap","car":8,"lap":1,"ms":82850,"valid":true,"best":82850}}
{"t":"snap","c":5,"n":2389,"h":"ac6ba1e2b12d58a8"}
{"t":"lap","n":64,"m":{"t":"lap","car":9,"lap":1,"ms":83016,"valid":true,"best":83016}}
{"t":"snap","c":5,"n":2372,"h":"6a96e11cfb452481"}
{"t":"lap","n":65,"m":{"t":"lap","car":10,"lap":1,"ms":83183,"valid":true,"best":83183}}
{"t":"snap","c":598,"n":316229,"h":"0627ff0ad55e6391"}
{"t":"reset","n":21,"m":{"t":"reset","car":2}}
{"t":"snap","c":1454,"n":797741,"h":"745275b574b1ca16"}
{"t":"lap","n":64,"m":{"t":"lap","car":1,"lap":2,"ms":72416,"valid":true,"best":72416}}
{"t":"snap","c":64,"n":32957,"h":"8c203135eb2cac9c"}
{"t":"lap","n":64,"m":{"t":"lap","car":3,"lap":2,"ms":73100,"valid":true,"best":73100}}
{"t":"snap","c":5,"n":2504,"h":"e2fd1ece110a50ef"}
{"t":"lap","n":64,"m":{"t":"lap","car":4,"lap":2,"ms":73100,"valid":true,"best":73100}}
{"t":"snap","c":53,"n":26172,"h":"54450379b98d427a"}
{"t":"lap","n":64,"m":{"t":"lap","car":5,"lap":2,"ms":74000,"valid":true,"best":74000}}
{"t":"snap","c":16,"n":7875,"h":"c95661c32640662d"}
{"t":"lap","n":64,"m":{"t":"lap","car":6,"lap":2,"ms":74150,"valid":true,"best":74150}}
{"t":"snap","c":5,"n":2459,"h":"f25e4d4bfa4bb0ab"}
{"t":"lap","n":64,"m":{"t":"lap","car":7,"lap":2,"ms":74150,"valid":true,"best":74150}}
{"t":"snap","c":28,"n":13761,"h":"a56dbc4b48b4c761"}
{"t":"lap","n":64,"m":{"t":"lap","car":8,"lap":2,"ms":74450,"valid":true,"best":74450}}
{"t":"snap","c":5,"n":2426,"h":"3c470baa1efb26a1"}
{"t":"lap","n":64,"m":{"t":"lap","car":9,"lap":2,"ms":74450,"valid":true,"best":74450}}
{"t":"snap","c":6,"n":2887,"h":"9636863f6ba70742"}
{"t":"lap","n":65,"m":{"t":"lap","car":10,"lap":2,"ms":74466,"valid":true,"best":74466}}
{"t":"snap","c":214,"n":108154,"h":"878b5a51e8bbad9b"}
{"t":"lap","n":65,"m":{"t":"lap","car":2,"lap":2,"ms":84350,"valid":false,"best":80433}}
{"t":"snap","c":1777,"n":976776,"h":"39f2574a1be1e8df"}
{"t":"lap","n":64,"m":{"t":"lap","car":1,"lap":3,"ms":72416,"valid":true,"best":72416}}
{"t":"snap","c":76,"n":40051,"h":"4473729da08cf50e"}
{"t":"lap","n":64,"m":{"t":"lap","car":3,"lap":3,"ms":72833,"valid":true,"best":72833}}
{"t":"snap","c":5,"n":2568,"h":"3ac8f8e4f29346fa"}
{"t":"lap","n":64,"m":{"t":"lap","car":4,"lap":3,"ms":72816,"valid":true,"best":72816}}
{"t":"snap","c":89,"n":44686,"h":"83769c9d690e9c69"}
{"t":"lap","n":64,"m":{"t":"lap","car":5,"lap":3,"ms":74016,"valid":true,"best":74000}}
{"t":"snap","c":19,"n":9339,"h":"ccea43878f431d76"}
{"t":"lap","n":64,"m":{"t":"lap","car":6,"lap":3,"ms":74133,"valid":true,"best":74133}}
{"t":"snap","c":5,"n":2449,"h":"a0e5906a1257d1ec"}
{"t":"lap","n":64,"m":{"t":"lap","car":7,"lap":3,"ms":74133,"valid":true,"best":74133}}
{"t":"snap","c":38,"n":18851,"h":"dd919935cfb11580"}
{"t":"lap","n":64,"m":{"t":"lap","car":8,"lap":3,"ms":74466,"valid":true,"best":74450}}
{"t":"snap","c":5,"n":2473,"h":"ec06d8170eade5f0"}
{"t":"lap","n":64,"m":{"t":"lap","car":9,"lap":3,"ms":74466,"valid":true,"best":74450}}
{"t":"snap","c":5,"n":2483,"h":"139709047435cce2"}
{"t":"lap","n":65,"m":{"t":"lap","car":10,"lap":3,"ms":74450,"valid":true,"best":74450}}
{"t":"snap","c":192,"n":97354,"h":"e1ae1c6de717ad87"}
{"t":"lap","n":64,"m":{"t":"lap","car":2,"lap":3,"ms":73700,"valid":true,"best":73700}}
{"t":"results","n":833,"m":{"t":"results","rows":[{"pos":1,"id":1,"name":"Ace","laps":3,"total":224016,"best":72416,"penalty":0},{"pos":2,"id":3,"name":"Bot 3","laps":3,"total":226550,"best":72833,"penalty":0},{"pos":3,"id":4,"name":"Bot 4","laps":3,"total":226716,"best":72816,"penalty":0},{"pos":4,"id":5,"name":"Bot 5","laps":3,"total":229683,"best":74000,"penalty":0},{"pos":5,"id":6,"name":"Bot 6","laps":3,"total":230316,"best":74133,"penalty":0},{"pos":6,"id":7,"name":"Bot 7","laps":3,"total":230483,"best":74133,"penalty":0},{"pos":7,"id":8,"name":"Bot 8","laps":3,"total":231766,"best":74450,"penalty":0},{"pos":8,"id":9,"name":"Bot 9","laps":3,"total":231933,"best":74450,"penalty":0},{"pos":9,"id":10,"name":"Bot 10","laps":3,"total":232100,"best":74450,"penalty":0},{"pos":10,"id":2,"name":"Bee","laps":3,"total":238483,"best":73700,"penalty":0}]}}
