## session 1
{"t":"welcome","n":170,"h":"44bb5eeb493f910d"}
{"t":"grid","n":524,"m":{"t":"grid","cars":[{"id":1,"name":"Ace","bot":false,"ready":false},{"id":2,"name":"Bot 2","bot":true,"ready":false},{"id":3,"name":"Bot 3","bot":true,"ready":false},{"id":4,"name":"Bot 4","bot":true,"ready":false},{"id":5,"name":"Bot 5","bot":true,"ready":false},{"id":6,"name":"Bot 6","bot":true,"ready":false},{"id":7,"name":"Bot 7","bot":true,"ready":false},{"id":8,"name":"Bot 8","bot":true,"ready":false},{"id":9,"name":"Bot 9","bot":true,"ready":false},{"id":10,"name":"Bot 10","bot":true,"ready":false}],"creator":1}}
{"t":"grid","n":523,"m":{"t":"grid","cars":[{"id":1,"name":"Ace","bot":false,"ready":false},{"id":2,"name":"Bee","bot":false,"ready":false},{"id":3,"name":"Bot 3","bot":true,"ready":false},{"id":4,"name":"Bot 4","bot":true,"ready":false},{"id":5,"name":"Bot 5","bot":true,"ready":false},{"id":6,"name":"Bot 6","bot":true,"ready":false},{"id":7,"name":"Bot 7","bot":true,"ready":false},{"id":8,"name":"Bot 8","bot":true,"ready":false},{"id":9,"name":"Bot 9","bot":true,"ready":false},{"id":10,"name":"Bot 10","bot":true,"ready":false}],"creator":1}}
{"t":"grid","n":522,"m":{"t":"grid","cars":[{"id":1,"name":"Ace","bot":false,"ready":true},{"id":2,"name":"Bee","bot":false,"ready":false},{"id":3,"name":"Bot 3","bot":true,"ready":false},{"id":4,"name":"Bot 4","bot":true,"ready":false},{"id":5,"name":"Bot 5","bot":true,"ready":false},{"id":6,"name":"Bot 6","bot":true,"ready":false},{"id":7,"name":"Bot 7","bot":true,"ready":false},{"id":8,"name":"Bot 8","bot":true,"ready":false},{"id":9,"name":"Bot 9","bot":true,"ready":false},{"id":10,"name":"Bot 10","bot":true,"ready":false}],"creator":1}}
{"t":"grid","n":521,"m":{"t":"grid","cars":[{"id":1,"name":"Ace","bot":false,"ready":true},{"id":2,"name":"Bee","bot":false,"ready":true},{"id":3,"name":"Bot 3","bot":true,"ready":false},{"id":4,"name":"Bot 4","bot":true,"ready":false},{"id":5,"name":"Bot 5","bot":true,"ready":false},{"id":6,"name":"Bot 6","bot":true,"ready":false},{"id":7,"name":"Bot 7","bot":true,"ready":false},{"id":8,"name":"Bot 8","bot":true,"ready":false},{"id":9,"name":"Bot 9","bot":true,"ready":false},{"id":10,"name":"Bot 10","bot":true,"ready":false}],"creator":1}}
{"t":"snap","c":30,"n":13016,"h":"59234403cd2417c0"}
{"t":"lights","n":21,"m":{"t":"lights","on":1}}
{"t":"snap","c":30,"n":13031,"h":"437b24ac0cc3ae6c"}
{"t":"lights","n":21,"m":{"t":"lights","on":2}}
{"t":"snap","c":30,"n":13050,"h":"5abb45dc046fc027"}
{"t":"lights","n":21,"m":{"t":"lights","on":3}}
{"t":"snap","c":30,"n":13050,"h":"8fde2e23d4875dc6"}
{"t":"lights","n":21,"m":{"t":"lights","on":4}}
{"t":"snap","c":30,"n":13050,"h":"3a46043dfa5ec7f5"}
{"t":"lights","n":21,"m":{"t":"lights","on":5}}
{"t":"snap","c":17,"n":7395,"h":"ade2ea50cca0e2ad"}
{"t":"lights","n":31,"m":{"t":"lights","on":0,"out":335}}
{"t":"snap","c":2589,"n":1377649,"h":"98234415934656f9"}
{"t":"lap","n":64,"m":{"t":"lap","car":1,"lap":1,"ms":86283,"valid":true,"best":86283}}
{"t":"snap","c":31,"n":15318,"h":"1d3325c11eeaab93"}
{"t":"lap","n":64,"m":{"t":"lap","car":2,"lap":1,"ms":87316,"valid":true,"best":87316}}
{"t":"snap","c":6,"n":2916,"h":"b8b75434bb62fa89"}
{"t":"lap","n":64,"m":{"t":"lap","car":3,"lap":1,"ms":87516,"valid":true,"best":87516}}
{"t":"snap","c":5,"n":2404,"h":"07dc3668e1844a3a"}
{"t":"lap","n":64,"m":{"t":"lap","car":4,"lap":1,"ms":87683,"valid":true,"best":87683}}
{"t":"snap","c":33,"n":16054,"h":"b011b91ce3e5ff3c"}
{"t":"lap","n":64,"m":{"t":"lap","car":5,"lap":1,"ms":88800,"valid":true,"best":88800}}
{"t":"snap","c":11,"n":5270,"h":"3ad755281b2d6e49"}
{"t":"lap","n":64,"m":{"t":"lap","car":6,"lap":1,"ms":89166,"valid":true,"best":89166}}
{"t":"snap","c":5,"n":2396,"h":"07fdc2fbef123450"}
{"t":"lap","n":64,"m":{"t":"lap","car":7,"lap":1,"ms":89333,"valid":true,"best":89333}}
{"t":"snap","c":22,"n":10594,"h":"55f05ec5c9e5e23a"}
{"t":"lap","n":64,"m":{"t":"lap","car":8,"lap":1,"ms":90066,"valid":true,"best":90066}}
{"t":"snap","c":6,"n":2840,"h":"d39406912500da30"}
{"t":"lap","n":64,"m":{"t":"lap","car":9,"lap":1,"ms":90250,"valid":true,"best":90250}}
{"t":"snap","c":5,"n":2341,"h":"9a1550086cfc6a5f"}
{"t":"lap","n":65,"m":{"t":"lap","car":10,"lap":1,"ms":90433,"valid":true,"best":90433}}
{"t":"snap","c":2212,"n":1197551,"h":"392949659408ee24"}
{"t":"lap","n":64,"m":{"t":"lap","car":1,"lap":2,"ms":77866,"valid":true,"best":77866}}
{"t":"snap","c":55,"n":28270,"h":"311f5a97d8561b57"}
{"t":"lap","n":64,"m":{"t":"lap","car":3,"lap":2,"ms":78466,"valid":true,"best":78466}}
{"t":"snap","c":6,"n":3043,"h":"13fc7116c445d145"}
{"t":"lap","n":64,"m":{"t":"lap","car":4,"lap":2,"ms":78500,"valid":true,"best":78500}}
{"t":"snap","c":65,"n":32183,"h":"7f1c78fbcc0d1542"}
{"t":"lap","n":64,"m":{"t":"lap","car":5,"lap":2,"ms":79566,"valid":true,"best":79566}}
{"t":"snap","c":15,"n":7341,"h":"02beefe86be09cce"}
{"t":"lap","n":64,"m":{"t":"lap","car":6,"lap":2,"ms":79700,"valid":true,"best":79700}}
{"t":"snap","c":5,"n":2430,"h":"7a9a2beabfacc1be"}
{"t":"lap","n":64,"m":{"t":"lap","car":7,"lap":2,"ms":79700,"valid":true,"best":79700}}
{"t":"snap","c":32,"n":15560,"h":"0e6b8d5f55d61a90"}
{"t":"lap","n":64,"m":{"t":"lap","car":8,"lap":2,"ms":80033,"valid":true,"best":80033}}
{"t":"snap","c":6,"n":2884,"h":"c7ba989f495f4632"}
{"t":"lap","n":64,"m":{"t":"lap","car":9,"lap":2,"ms":80033,"valid":true,"best":80033}}
{"t":"snap","c":5,"n":2394,"h":"1abad49858ebe286"}
{"t":"lap","n":65,"m":{"t":"lap","car":10,"lap":2,"ms":80033,"valid":true,"best":80033}}
{"t":"snap","c":126,"n":61818,"h":"6176c31945ef4a2b"}
{"t":"lap","n":65,"m":{"t":"lap","car":2,"lap":2,"ms":87333,"valid":false,"best":87316}}
{"t":"snap","c":2021,"n":1103485,"h":"dc1cff4c580304dd"}
{"t":"lap","n":64,"m":{"t":"lap","car":1,"lap":3,"ms":77883,"valid":true,"best":77866}}
{"t":"snap","c":68,"n":35530,"h":"2b08df5878807f33"}
{"t":"lap","n":64,"m":{"t":"lap","car":3,"lap":3,"ms":78300,"valid":true,"best":78300}}
{"t":"snap","c":6,"n":3108,"h":"938169acbf02e0e2"}
{"t":"lap","n":64,"m":{"t":"lap","car":4,"lap":3,"ms":78300,"valid":true,"best":78300}}
{"t":"snap","c":103,"n":51652,"h":"f4b3d4e558345c82"}
{"t":"lap","n":64,"m":{"t":"lap","car":5,"lap":3,"ms":79566,"valid":true,"best":79566}}
{"t":"snap","c":19,"n":9284,"h":"9d918dc0f4a15b1a"}
{"t":"lap","n":64,"m":{"t":"lap","car":6,"lap":3,"ms":79700,"valid":true,"best":79700}}
{"t":"snap","c":5,"n":2412,"h":"35aad63dbc50c548"}
{"t":"lap","n":64,"m":{"t":"lap","car":7,"lap":3,"ms":79700,"valid":true,"best":79700}}
{"t":"snap","c":42,"n":20832,"h":"871d4b2e7cd42195"}
{"t":"lap","n":64,"m":{"t":"lap","car":8,"lap":3,"ms":80033,"valid":true,"best":80033}}
{"t":"snap","c":6,"n":2950,"h":"7cd2b4d7ff900051"}
{"t":"lap","n":64,"m":{"t":"lap","car":9,"lap":3,"ms":80033,"valid":true,"best":80033}}
{"t":"snap","c":5,"n":2464,"h":"839d62805ca47244"}
{"t":"lap","n":65,"m":{"t":"lap","car":10,"lap":3,"ms":80033,"valid":true,"best":80033}}
{"t":"snap","c":93,"n":45831,"h":"4f524a92fc56969f"}
{"t":"lap","n":64,"m":{"t":"lap","car":2,"lap":3,"ms":78933,"valid":true,"best":78933}}
{"t":"results","n":833,"m":{"t":"results","rows":[{"pos":1,"id":1,"name":"Ace","laps":3,"total":242033,"best":77866,"penalty":0},{"pos":2,"id":3,"name":"Bot 3","laps":3,"total":244283,"best":78300,"penalty":0},{"pos":3,"id":4,"name":"Bot 4","laps":3,"total":244483,"best":78300,"penalty":0},{"pos":4,"id":5,"name":"Bot 5","laps":3,"total":247933,"best":79566,"penalty":0},{"pos":5,"id":6,"name":"Bot 6","laps":3,"total":248566,"best":79700,"penalty":0},{"pos":6,"id":7,"name":"Bot 7","laps":3,"total":248733,"best":79700,"penalty":0},{"pos":7,"id":8,"name":"Bot 8","laps":3,"total":250133,"best":80033,"penalty":0},{"pos":8,"id":9,"name":"Bot 9","laps":3,"total":250316,"best":80033,"penalty":0},{"pos":9,"id":10,"name":"Bot 10","laps":3,"total":250500,"best":80033,"penalty":0},{"pos":10,"id":2,"name":"Bee","laps":3,"total":253583,"best":78933,"penalty":0}]}}
## session 2
{"t":"welcome","n":171,"h":"d45db4ac6f4810f1"}
{"t":"grid","n":523,"m":{"t":"grid","cars":[{"id":1,"name":"Ace","bot":false,"ready":false},{"id":2,"name":"Bee","bot":false,"ready":false},{"id":3,"name":"Bot 3","bot":true,"ready":false},{"id":4,"name":"Bot 4","bot":true,"ready":false},{"id":5,"name":"Bot 5","bot":true,"ready":false},{"id":6,"name":"Bot 6","bot":true,"ready":false},{"id":7,"name":"Bot 7","bot":true,"ready":false},{"id":8,"name":"Bot 8","bot":true,"ready":false},{"id":9,"name":"Bot 9","bot":true,"ready":false},{"id":10,"name":"Bot 10","bot":true,"ready":false}],"creator":1}}
{"t":"grid","n":522,"m":{"t":"grid","cars":[{"id":1,"name":"Ace","bot":false,"ready":true},{"id":2,"name":"Bee","bot":false,"ready":false},{"id":3,"name":"Bot 3","bot":true,"ready":false},{"id":4,"name":"Bot 4","bot":true,"ready":false},{"id":5,"name":"Bot 5","bot":true,"ready":false},{"id":6,"name":"Bot 6","bot":true,"ready":false},{"id":7,"name":"Bot 7","bot":true,"ready":false},{"id":8,"name":"Bot 8","bot":true,"ready":false},{"id":9,"name":"Bot 9","bot":true,"ready":false},{"id":10,"name":"Bot 10","bot":true,"ready":false}],"creator":1}}
{"t":"grid","n":521,"m":{"t":"grid","cars":[{"id":1,"name":"Ace","bot":false,"ready":true},{"id":2,"name":"Bee","bot":false,"ready":true},{"id":3,"name":"Bot 3","bot":true,"ready":false},{"id":4,"name":"Bot 4","bot":true,"ready":false},{"id":5,"name":"Bot 5","bot":true,"ready":false},{"id":6,"name":"Bot 6","bot":true,"ready":false},{"id":7,"name":"Bot 7","bot":true,"ready":false},{"id":8,"name":"Bot 8","bot":true,"ready":false},{"id":9,"name":"Bot 9","bot":true,"ready":false},{"id":10,"name":"Bot 10","bot":true,"ready":false}],"creator":1}}
{"t":"snap","c":30,"n":13016,"h":"4dbc76a99089ec84"}
{"t":"lights","n":21,"m":{"t":"lights","on":1}}
{"t":"snap","c":30,"n":13031,"h":"1c84945552278082"}
{"t":"lights","n":21,"m":{"t":"lights","on":2}}
{"t":"snap","c":30,"n":13050,"h":"dacdb539656b11c7"}
{"t":"lights","n":21,"m":{"t":"lights","on":3}}
{"t":"snap","c":30,"n":13050,"h":"e9c9a56ee72fa043"}
{"t":"lights","n":21,"m":{"t":"lights","on":4}}
{"t":"snap","c":30,"n":13050,"h":"1a036fbe0881799a"}
{"t":"lights","n":21,"m":{"t":"lights","on":5}}
{"t":"snap","c":17,"n":7395,"h":"eb37a87a849951a4"}
{"t":"lights","n":31,"m":{"t":"lights","on":0,"out":335}}
{"t":"snap","c":2589,"n":1377649,"h":"7c380c9d67f1be0f"}
{"t":"lap","n":64,"m":{"t":"lap","car":1,"lap":1,"ms":86283,"valid":true,"best":86283}}
{"t":"snap","c":31,"n":15318,"h":"bb967b1818337b28"}
{"t":"lap","n":64,"m":{"t":"lap","car":2,"lap":1,"ms":87316,"valid":true,"best":87316}}
{"t":"snap","c":6,"n":2916,"h":"403ad5e33c292127"}
{"t":"lap","n":64,"m":{"t":"lap","car":3,"lap":1,"ms":87516,"valid":true,"best":87516}}
{"t":"snap","c":5,"n":2404,"h":"49c1412bbb700297"}
{"t":"lap","n":64,"m":{"t":"lap","car":4,"lap":1,"ms":87683,"valid":true,"best":87683}}
{"t":"snap","c":33,"n":16054,"h":"4ae6b98d79a5b8ef"}
{"t":"lap","n":64,"m":{"t":"lap","car":5,"lap":1,"ms":88800,"valid":true,"best":88800}}
{"t":"snap","c":11,"n":5270,"h":"f8954b1d1ff921a7"}
{"t":"lap","n":64,"m":{"t":"lap","car":6,"lap":1,"ms":89166,"valid":true,"best":89166}}
{"t":"snap","c":5,"n":2396,"h":"b31af5308b38f6f2"}
{"t":"lap","n":64,"m":{"t":"lap","car":7,"lap":1,"ms":89333,"valid":true,"best":89333}}
{"t":"snap","c":22,"n":10594,"h":"a133ecd6a20bfe95"}
{"t":"lap","n":64,"m":{"t":"lap","car":8,"lap":1,"ms":90066,"valid":true,"best":90066}}
{"t":"snap","c":6,"n":2840,"h":"819921ff1a4cbd4e"}
{"t":"lap","n":64,"m":{"t":"lap","car":9,"lap":1,"ms":90250,"valid":true,"best":90250}}
{"t":"snap","c":5,"n":2341,"h":"a6210c589da3dbbc"}
{"t":"lap","n":65,"m":{"t":"lap","car":10,"lap":1,"ms":90433,"valid":true,"best":90433}}
{"t":"snap","c":2212,"n":1197551,"h":"e400ed35cd6dbded"}
{"t":"lap","n":64,"m":{"t":"lap","car":1,"lap":2,"ms":77866,"valid":true,"best":77866}}
{"t":"snap","c":55,"n":28270,"h":"5e4138af62fd46f2"}
{"t":"lap","n":64,"m":{"t":"lap","car":3,"lap":2,"ms":78466,"valid":true,"best":78466}}
{"t":"snap","c":6,"n":3043,"h":"ca86a2e78de73e6a"}
{"t":"lap","n":64,"m":{"t":"lap","car":4,"lap":2,"ms":78500,"valid":true,"best":78500}}
{"t":"snap","c":65,"n":32183,"h":"bbe73d6b40de9299"}
{"t":"lap","n":64,"m":{"t":"lap","car":5,"lap":2,"ms":79566,"valid":true,"best":79566}}
{"t":"snap","c":15,"n":7341,"h":"b433ac4bfd3fde0f"}
{"t":"lap","n":64,"m":{"t":"lap","car":6,"lap":2,"ms":79700,"valid":true,"best":79700}}
{"t":"snap","c":5,"n":2430,"h":"f5c06b9de27068de"}
{"t":"lap","n":64,"m":{"t":"lap","car":7,"lap":2,"ms":79700,"valid":true,"best":79700}}
{"t":"snap","c":32,"n":15560,"h":"c478583160e5dc65"}
{"t":"lap","n":64,"m":{"t":"lap","car":8,"lap":2,"ms":80033,"valid":true,"best":80033}}
{"t":"snap","c":6,"n":2884,"h":"ba564c7723904086"}
{"t":"lap","n":64,"m":{"t":"lap","car":9,"lap":2,"ms":80033,"valid":true,"best":80033}}
{"t":"snap","c":5,"n":2394,"h":"0220f53f2296ebed"}
{"t":"lap","n":65,"m":{"t":"lap","car":10,"lap":2,"ms":80033,"valid":true,"best":80033}}
{"t":"snap","c":126,"n":61818,"h":"e31ab795629ae978"}
{"t":"lap","n":65,"m":{"t":"lap","car":2,"lap":2,"ms":87333,"valid":false,"best":87316}}
{"t":"snap","c":2021,"n":1103485,"h":"4a6cf5ec60226669"}
{"t":"lap","n":64,"m":{"t":"lap","car":1,"lap":3,"ms":77883,"valid":true,"best":77866}}
{"t":"snap","c":68,"n":35530,"h":"52c9612cdeac35ee"}
{"t":"lap","n":64,"m":{"t":"lap","car":3,"lap":3,"ms":78300,"valid":true,"best":78300}}
{"t":"snap","c":6,"n":3108,"h":"d1d432ec188f0c09"}
{"t":"lap","n":64,"m":{"t":"lap","car":4,"lap":3,"ms":78300,"valid":true,"best":78300}}
{"t":"snap","c":103,"n":51652,"h":"4f34e85879f15ad6"}
{"t":"lap","n":64,"m":{"t":"lap","car":5,"lap":3,"ms":79566,"valid":true,"best":79566}}
{"t":"snap","c":19,"n":9284,"h":"f44b1bf9023d7bbd"}
{"t":"lap","n":64,"m":{"t":"lap","car":6,"lap":3,"ms":79700,"valid":true,"best":79700}}
{"t":"snap","c":5,"n":2412,"h":"5bf3db49ded91869"}
{"t":"lap","n":64,"m":{"t":"lap","car":7,"lap":3,"ms":79700,"valid":true,"best":79700}}
{"t":"snap","c":42,"n":20832,"h":"1f784299082bc597"}
{"t":"lap","n":64,"m":{"t":"lap","car":8,"lap":3,"ms":80033,"valid":true,"best":80033}}
{"t":"snap","c":6,"n":2950,"h":"502df0f6801cea5e"}
{"t":"lap","n":64,"m":{"t":"lap","car":9,"lap":3,"ms":80033,"valid":true,"best":80033}}
{"t":"snap","c":5,"n":2464,"h":"ea76701e3ec36abb"}
{"t":"lap","n":65,"m":{"t":"lap","car":10,"lap":3,"ms":80033,"valid":true,"best":80033}}
{"t":"snap","c":93,"n":45831,"h":"b7ea9817f31ebb9a"}
{"t":"lap","n":64,"m":{"t":"lap","car":2,"lap":3,"ms":78933,"valid":true,"best":78933}}
{"t":"results","n":833,"m":{"t":"results","rows":[{"pos":1,"id":1,"name":"Ace","laps":3,"total":242033,"best":77866,"penalty":0},{"pos":2,"id":3,"name":"Bot 3","laps":3,"total":244283,"best":78300,"penalty":0},{"pos":3,"id":4,"name":"Bot 4","laps":3,"total":244483,"best":78300,"penalty":0},{"pos":4,"id":5,"name":"Bot 5","laps":3,"total":247933,"best":79566,"penalty":0},{"pos":5,"id":6,"name":"Bot 6","laps":3,"total":248566,"best":79700,"penalty":0},{"pos":6,"id":7,"name":"Bot 7","laps":3,"total":248733,"best":79700,"penalty":0},{"pos":7,"id":8,"name":"Bot 8","laps":3,"total":250133,"best":80033,"penalty":0},{"pos":8,"id":9,"name":"Bot 9","laps":3,"total":250316,"best":80033,"penalty":0},{"pos":9,"id":10,"name":"Bot 10","laps":3,"total":250500,"best":80033,"penalty":0},{"pos":10,"id":2,"name":"Bee","laps":3,"total":253583,"best":78933,"penalty":0}]}}
