## session 1
{"t":"welcome","n":182,"h":"b5ed84ce4fcc3dd4"}
{"t":"grid","n":524,"m":{"t":"grid","cars":[{"id":1,"name":"Ace","bot":false,"ready":false},{"id":2,"name":"Bot 2","bot":true,"ready":false},{"id":3,"name":"Bot 3","bot":true,"ready":false},{"id":4,"name":"Bot 4","bot":true,"ready":false},{"id":5,"name":"Bot 5","bot":true,"ready":false},{"id":6,"name":"Bot 6","bot":true,"ready":false},{"id":7,"name":"Bot 7","bot":true,"ready":false},{"id":8,"name":"Bot 8","bot":true,"ready":false},{"id":9,"name":"Bot 9","bot":true,"ready":false},{"id":10,"name":"Bot 10","bot":true,"ready":false}],"creator":1}}
{"t":"grid","n":523,"m":{"t":"grid","cars":[{"id":1,"name":"Ace","bot":false,"ready":false},{"id":2,"name":"Bee","bot":false,"ready":false},{"id":3,"name":"Bot 3","bot":true,"ready":false},{"id":4,"name":"Bot 4","bot":true,"ready":false},{"id":5,"name":"Bot 5","bot":true,"ready":false},{"id":6,"name":"Bot 6","bot":true,"ready":false},{"id":7,"name":"Bot 7","bot":true,"ready":false},{"id":8,"name":"Bot 8","bot":true,"ready":false},{"id":9,"name":"Bot 9","bot":true,"ready":false},{"id":10,"name":"Bot 10","bot":true,"ready":false}],"creator":1}}
{"t":"grid","n":522,"m":{"t":"grid","cars":[{"id":1,"name":"Ace","bot":false,"ready":true},{"id":2,"name":"Bee","bot":false,"ready":false},{"id":3,"name":"Bot 3","bot":true,"ready":false},{"id":4,"name":"Bot 4","bot":true,"ready":false},{"id":5,"name":"Bot 5","bot":true,"ready":false},{"id":6,"name":"Bot 6","bot":true,"ready":false},{"id":7,"name":"Bot 7","bot":true,"ready":false},{"id":8,"name":"Bot 8","bot":true,"ready":false},{"id":9,"name":"Bot 9","bot":true,"ready":false},{"id":10,"name":"Bot 10","bot":true,"ready":false}],"creator":1}}
{"t":"grid","n":521,"m":{"t":"grid","cars":[{"id":1,"name":"Ace","bot":false,"ready":true},{"id":2,"name":"Bee","bot":false,"ready":true},{"id":3,"name":"Bot 3","bot":true,"ready":false},{"id":4,"name":"Bot 4","bot":true,"ready":false},{"id":5,"name":"Bot 5","bot":true,"ready":false},{"id":6,"name":"Bot 6","bot":true,"ready":false},{"id":7,"name":"Bot 7","bot":true,"ready":false},{"id":8,"name":"Bot 8","bot":true,"ready":false},{"id":9,"name":"Bot 9","bot":true,"ready":false},{"id":10,"name":"Bot 10","bot":true,"ready":false}],"creator":1}}
{"t":"snap","c":30,"n":13016,"h":"59234403cd2417c0"}
{"t":"lights","n":21,"m":{"t":"lights","on":1}}
{"t":"snap","c":30,"n":13031,"h":"437b24ac0cc3ae6c"}
{"t":"lights","n":21,"m":{"t":"lights","on":2}}
{"t":"snap","c":30,"n":13050,"h":"5abb45dc046fc027"}
{"t":"lights","n":21,"m":{"t":"lights","on":3}}
{"t":"snap","c":30,"n":13050,"h":"8fde2e23d4875dc6"}
{"t":"lights","n":21,"m":{"t":"lights","on":4}}
{"t":"snap","c":30,"n":13050,"h":"3a46043dfa5ec7f5"}
{"t":"lights","n":21,"m":{"t":"lights","on":5}}
{"t":"snap","c":17,"n":7395,"h":"ade2ea50cca0e2ad"}
{"t":"lights","n":31,"m":{"t":"lights","on":0,"out":335}}
{"t":"snap","c":2590,"n":1378592,"h":"68dd5e1acd1f9a50"}
{"t":"lap","n":64,"m":{"t":"lap","car":1,"lap":1,"ms":86316,"valid":true,"best":86316}}
{"t":"snap","c":31,"n":15476,"h":"662c58a336d40928"}
{"t":"lap","n":64,"m":{"t":"lap","car":2,"lap":1,"ms":87366,"valid":true,"best":87366}}
{"t":"snap","c":14,"n":6817,"h":"c5c7e57d5b2d9be3"}
{"t":"lap","n":64,"m":{"t":"lap","car":3,"lap":1,"ms":87833,"valid":true,"best":87833}}
{"t":"snap","c":7,"n":3405,"h":"d54fdcafe1a6915c"}
{"t":"lap","n":64,"m":{"t":"lap","car":4,"lap":1,"ms":88050,"valid":true,"best":88050}}
{"t":"snap","c":40,"n":19406,"h":"2d4a6ac3f14016cf"}
{"t":"lap","n":64,"m":{"t":"lap","car":5,"lap":1,"ms":89400,"valid":true,"best":89400}}
{"t":"snap","c":11,"n":5280,"h":"ef6995ebddc5a59b"}
{"t":"lap","n":64,"m":{"t":"lap","car":6,"lap":1,"ms":89766,"valid":true,"best":89766}}
{"t":"snap","c":5,"n":2400,"h":"ea4b1efb5a1bba34"}
{"t":"lap","n":64,"m":{"t":"lap","car":7,"lap":1,"ms":89933,"valid":true,"best":89933}}
{"t":"snap","c":19,"n":9126,"h":"cd092366907fc114"}
{"t":"lap","n":64,"m":{"t":"lap","car":8,"lap":1,"ms":90566,"valid":true,"best":90566}}
{"t":"snap","c":5,"n":2350,"h":"b50b6d489409b185"}
{"t":"lap","n":64,"m":{"t":"lap","car":9,"lap":1,"ms":90733,"valid":true,"best":90733}}
{"t":"snap","c":6,"n":2800,"h":"09b76eb4f863ea4d"}
{"t":"lap","n":65,"m":{"t":"lap","car":10,"lap":1,"ms":90933,"valid":true,"best":90933}}
{"t":"snap","c":2199,"n":1191028,"h":"cd0621835212876d"}
{"t":"lap","n":64,"m":{"t":"lap","car":1,"lap":2,"ms":77916,"valid":true,"best":77916}}
{"t":"snap","c":67,"n":34676,"h":"8cbfa0e6bece4f5b"}
{"t":"lap","n":64,"m":{"t":"lap","car":3,"lap":2,"ms":78633,"valid":true,"best":78633}}
{"t":"snap","c":7,"n":3544,"h":"d4be72d38551b3d7"}
{"t":"lap","n":64,"m":{"t":"lap","car":4,"lap":2,"ms":78633,"valid":true,"best":78633}}
{"t":"snap","c":75,"n":37364,"h":"67987cba3e8d7f73"}
{"t":"lap","n":64,"m":{"t":"lap","car":5,"lap":2,"ms":79783,"valid":true,"best":79783}}
{"t":"snap","c":19,"n":9388,"h":"c426d97dd4d1eb18"}
{"t":"lap","n":64,"m":{"t":"lap","car":6,"lap":2,"ms":80050,"valid":true,"best":80050}}
{"t":"snap","c":5,"n":2442,"h":"2f08ac7d0e67e9ee"}
{"t":"lap","n":64,"m":{"t":"lap","car":7,"lap":2,"ms":80050,"valid":true,"best":80050}}
{"t":"snap","c":24,"n":11786,"h":"c8c750d0c7a510e9"}
{"t":"lap","n":64,"m":{"t":"lap","car":8,"lap":2,"ms":80233,"valid":true,"best":80233}}
{"t":"snap","c":5,"n":2433,"h":"52be95c8cc272d61"}
{"t":"lap","n":64,"m":{"t":"lap","car":9,"lap":2,"ms":80233,"valid":true,"best":80233}}
{"t":"snap","c":6,"n":2925,"h":"b9f994f17cb2f9ef"}
{"t":"lap","n":65,"m":{"t":"lap","car":10,"lap":2,"ms":80233,"valid":true,"best":80233}}
{"t":"snap","c":326,"n":168653,"h":"4dfb3163108f80b9"}
{"t":"lap","n":65,"m":{"t":"lap","car":2,"lap":2,"ms":94650,"valid":false,"best":87366}}
{"t":"snap","c":1804,"n":987116,"h":"531a8a14df6adbde"}
{"t":"lap","n":64,"m":{"t":"lap","car":1,"lap":3,"ms":77916,"valid":true,"best":77916}}
{"t":"snap","c":90,"n":47347,"h":"2afa50f16e935942"}
{"t":"lap","n":64,"m":{"t":"lap","car":3,"lap":3,"ms":78700,"valid":true,"best":78633}}
{"t":"snap","c":6,"n":3073,"h":"1eaea0b501c4229d"}
{"t":"lap","n":64,"m":{"t":"lap","car":4,"lap":3,"ms":78683,"valid":true,"best":78633}}
{"t":"snap","c":108,"n":54531,"h":"374d3369bc1d816b"}
{"t":"lap","n":64,"m":{"t":"lap","car":5,"lap":3,"ms":79766,"valid":true,"best":79766}}
{"t":"snap","c":28,"n":13839,"h":"433577336b587954"}
{"t":"lap","n":64,"m":{"t":"lap","car":6,"lap":3,"ms":80066,"valid":true,"best":80050}}
{"t":"snap","c":5,"n":2468,"h":"ed644b341e300b55"}
{"t":"lap","n":64,"m":{"t":"lap","car":7,"lap":3,"ms":80066,"valid":true,"best":80050}}
{"t":"snap","c":29,"n":14551,"h":"2805cedfa9d4864b"}
{"t":"lap","n":64,"m":{"t":"lap","car":8,"lap":3,"ms":80233,"valid":true,"best":80233}}
{"t":"snap","c":5,"n":2508,"h":"996c858f3fb2570c"}
{"t":"lap","n":64,"m":{"t":"lap","car":9,"lap":3,"ms":80233,"valid":true,"best":80233}}
{"t":"snap","c":6,"n":2988,"h":"87a5e8877bc4d265"}
{"t":"lap","n":65,"m":{"t":"lap","car":10,"lap":3,"ms":80233,"valid":true,"best":80233}}
{"t":"snap","c":286,"n":147514,"h":"079397cd2c4125e0"}
{"t":"lap","n":64,"m":{"t":"lap","car":2,"lap":3,"ms":78900,"valid":true,"best":78900}}
{"t":"results","n":833,"m":{"t":"results","rows":[{"pos":1,"id":1,"name":"Ace","laps":3,"total":242150,"best":77916,"penalty":0},{"pos":2,"id":3,"name":"Bot 3","laps":3,"total":245166,"best":78633,"penalty":0},{"pos":3,"id":4,"name":"Bot 4","laps":3,"total":245366,"best":78633,"penalty":0},{"pos":4,"id":5,"name":"Bot 5","laps":3,"total":248950,"best":79766,"penalty":0},{"pos":5,"id":6,"name":"Bot 6","laps":3,"total":249883,"best":80050,"penalty":0},{"pos":6,"id":7,"name":"Bot 7","laps":3,"total":250050,"best":80050,"penalty":0},{"pos":7,"id":8,"name":"Bot 8","laps":3,"total":251033,"best":80233,"penalty":0},{"pos":8,"id":9,"name":"Bot 9","laps":3,"total":251200,"best":80233,"penalty":0},{"pos":9,"id":10,"name":"Bot 10","laps":3,"total":251400,"best":80233,"penalty":0},{"pos":10,"id":2,"name":"Bee","laps":3,"total":260916,"best":78900,"penalty":0}]}}
## session 2
{"t":"welcome","n":183,"h":"6763e3b7fc509c9d"}
{"t":"grid","n":523,"m":{"t":"grid","cars":[{"id":1,"name":"Ace","bot":false,"ready":false},{"id":2,"name":"Bee","bot":false,"ready":false},{"id":3,"name":"Bot 3","bot":true,"ready":false},{"id":4,"name":"Bot 4","bot":true,"ready":false},{"id":5,"name":"Bot 5","bot":true,"ready":false},{"id":6,"name":"Bot 6","bot":true,"ready":false},{"id":7,"name":"Bot 7","bot":true,"ready":false},{"id":8,"name":"Bot 8","bot":true,"ready":false},{"id":9,"name":"Bot 9","bot":true,"ready":false},{"id":10,"name":"Bot 10","bot":true,"ready":false}],"creator":1}}
{"t":"grid","n":522,"m":{"t":"grid","cars":[{"id":1,"name":"Ace","bot":false,"ready":true},{"id":2,"name":"Bee","bot":false,"ready":false},{"id":3,"name":"Bot 3","bot":true,"ready":false},{"id":4,"name":"Bot 4","bot":true,"ready":false},{"id":5,"name":"Bot 5","bot":true,"ready":false},{"id":6,"name":"Bot 6","bot":true,"ready":false},{"id":7,"name":"Bot 7","bot":true,"ready":false},{"id":8,"name":"Bot 8","bot":true,"ready":false},{"id":9,"name":"Bot 9","bot":true,"ready":false},{"id":10,"name":"Bot 10","bot":true,"ready":false}],"creator":1}}
{"t":"grid","n":521,"m":{"t":"grid","cars":[{"id":1,"name":"Ace","bot":false,"ready":true},{"id":2,"name":"Bee","bot":false,"ready":true},{"id":3,"name":"Bot 3","bot":true,"ready":false},{"id":4,"name":"Bot 4","bot":true,"ready":false},{"id":5,"name":"Bot 5","bot":true,"ready":false},{"id":6,"name":"Bot 6","bot":true,"ready":false},{"id":7,"name":"Bot 7","bot":true,"ready":false},{"id":8,"name":"Bot 8","bot":true,"ready":false},{"id":9,"name":"Bot 9","bot":true,"ready":false},{"id":10,"name":"Bot 10","bot":true,"ready":false}],"creator":1}}
{"t":"snap","c":30,"n":13016,"h":"4dbc76a99089ec84"}
{"t":"lights","n":21,"m":{"t":"lights","on":1}}
{"t":"snap","c":30,"n":13031,"h":"1c84945552278082"}
{"t":"lights","n":21,"m":{"t":"lights","on":2}}
{"t":"snap","c":30,"n":13050,"h":"dacdb539656b11c7"}
{"t":"lights","n":21,"m":{"t":"lights","on":3}}
{"t":"snap","c":30,"n":13050,"h":"e9c9a56ee72fa043"}
{"t":"lights","n":21,"m":{"t":"lights","on":4}}
{"t":"snap","c":30,"n":13050,"h":"1a036fbe0881799a"}
{"t":"lights","n":21,"m":{"t":"lights","on":5}}
{"t":"snap","c":17,"n":7395,"h":"eb37a87a849951a4"}
{"t":"lights","n":31,"m":{"t":"lights","on":0,"out":335}}
{"t":"snap","c":2590,"n":1378592,"h":"86cb3158d62b024c"}
{"t":"lap","n":64,"m":{"t":"lap","car":1,"lap":1,"ms":86316,"valid":true,"best":86316}}
{"t":"snap","c":31,"n":15476,"h":"7a79dfb7267d9a13"}
{"t":"lap","n":64,"m":{"t":"lap","car":2,"lap":1,"ms":87366,"valid":true,"best":87366}}
{"t":"snap","c":14,"n":6817,"h":"0a6e88cd2b56f698"}
{"t":"lap","n":64,"m":{"t":"lap","car":3,"lap":1,"ms":87833,"valid":true,"best":87833}}
{"t":"snap","c":7,"n":3405,"h":"df425e7dde8c012a"}
{"t":"lap","n":64,"m":{"t":"lap","car":4,"lap":1,"ms":88050,"valid":true,"best":88050}}
{"t":"snap","c":40,"n":19406,"h":"c418f36f35a58493"}
{"t":"lap","n":64,"m":{"t":"lap","car":5,"lap":1,"ms":89400,"valid":true,"best":89400}}
{"t":"snap","c":11,"n":5280,"h":"5d692884469a160f"}
{"t":"lap","n":64,"m":{"t":"lap","car":6,"lap":1,"ms":89766,"valid":true,"best":89766}}
{"t":"snap","c":5,"n":2400,"h":"b1225e44c0a86566"}
{"t":"lap","n":64,"m":{"t":"lap","car":7,"lap":1,"ms":89933,"valid":true,"best":89933}}
{"t":"snap","c":19,"n":9126,"h":"cc79b4fe2fd16d9c"}
{"t":"lap","n":64,"m":{"t":"lap","car":8,"lap":1,"ms":90566,"valid":true,"best":90566}}
{"t":"snap","c":5,"n":2350,"h":"2bf6da7d94d21e4f"}
{"t":"lap","n":64,"m":{"t":"lap","car":9,"lap":1,"ms":90733,"valid":true,"best":90733}}
{"t":"snap","c":6,"n":2800,"h":"27effc6cf176d260"}
{"t":"lap","n":65,"m":{"t":"lap","car":10,"lap":1,"ms":90933,"valid":true,"best":90933}}
{"t":"snap","c":2199,"n":1191028,"h":"dccb6f493f474f53"}
{"t":"lap","n":64,"m":{"t":"lap","car":1,"lap":2,"ms":77916,"valid":true,"best":77916}}
{"t":"snap","c":67,"n":34676,"h":"4596f8b8dd0dc0be"}
{"t":"lap","n":64,"m":{"t":"lap","car":3,"lap":2,"ms":78633,"valid":true,"best":78633}}
{"t":"snap","c":7,"n":3544,"h":"1d4686b75e72b430"}
{"t":"lap","n":64,"m":{"t":"lap","car":4,"lap":2,"ms":78633,"valid":true,"best":78633}}
{"t":"snap","c":75,"n":37364,"h":"61c003a4091ee904"}
{"t":"lap","n":64,"m":{"t":"lap","car":5,"lap":2,"ms":79783,"valid":true,"best":79783}}
{"t":"snap","c":19,"n":9388,"h":"7799676bd7221b18"}
{"t":"lap","n":64,"m":{"t":"lap","car":6,"lap":2,"ms":80050,"valid":true,"best":80050}}
{"t":"snap","c":5,"n":2442,"h":"6f2547aec9b15b53"}
{"t":"lap","n":64,"m":{"t":"lap","car":7,"lap":2,"ms":80050,"valid":true,"best":80050}}
{"t":"snap","c":24,"n":11786,"h":"ddcf291ef25dd05a"}
{"t":"lap","n":64,"m":{"t":"lap","car":8,"lap":2,"ms":80233,"valid":true,"best":80233}}
{"t":"snap","c":5,"n":2433,"h":"7c3824dcc422927e"}
{"t":"lap","n":64,"m":{"t":"lap","car":9,"lap":2,"ms":80233,"valid":true,"best":80233}}
{"t":"snap","c":6,"n":2925,"h":"dd80b038b507ead6"}
{"t":"lap","n":65,"m":{"t":"lap","car":10,"lap":2,"ms":80233,"valid":true,"best":80233}}
{"t":"snap","c":326,"n":168653,"h":"6a49db758933ed46"}
{"t":"lap","n":65,"m":{"t":"lap","car":2,"lap":2,"ms":94650,"valid":false,"best":87366}}
{"t":"snap","c":1804,"n":987116,"h":"25b5981dd9fc2390"}
{"t":"lap","n":64,"m":{"t":"lap","car":1,"lap":3,"ms":77916,"valid":true,"best":77916}}
{"t":"snap","c":90,"n":47347,"h":"153010fa46819008"}
{"t":"lap","n":64,"m":{"t":"lap","car":3,"lap":3,"ms":78700,"valid":true,"best":78633}}
{"t":"snap","c":6,"n":3073,"h":"8a0505ce6f714755"}
{"t":"lap","n":64,"m":{"t":"lap","car":4,"lap":3,"ms":78683,"valid":true,"best":78633}}
{"t":"snap","c":108,"n":54531,"h":"1925046edb2f204b"}
{"t":"lap","n":64,"m":{"t":"lap","car":5,"lap":3,"ms":79766,"valid":true,"best":79766}}
{"t":"snap","c":28,"n":13839,"h":"d44f319772a57534"}
{"t":"lap","n":64,"m":{"t":"lap","car":6,"lap":3,"ms":80066,"valid":true,"best":80050}}
{"t":"snap","c":5,"n":2468,"h":"8192d554309a8007"}
{"t":"lap","n":64,"m":{"t":"lap","car":7,"lap":3,"ms":80066,"valid":true,"best":80050}}
{"t":"snap","c":29,"n":14551,"h":"6f5723a5ffad13b2"}
{"t":"lap","n":64,"m":{"t":"lap","car":8,"lap":3,"ms":80233,"valid":true,"best":80233}}
{"t":"snap","c":5,"n":2508,"h":"282ff7a2ce3bc0fe"}
{"t":"lap","n":64,"m":{"t":"lap","car":9,"lap":3,"ms":80233,"valid":true,"best":80233}}
{"t":"snap","c":6,"n":2988,"h":"4d97fd428f1a7a16"}
{"t":"lap","n":65,"m":{"t":"lap","car":10,"lap":3,"ms":80233,"valid":true,"best":80233}}
{"t":"snap","c":286,"n":147514,"h":"5e81e461f37420b0"}
{"t":"lap","n":64,"m":{"t":"lap","car":2,"lap":3,"ms":78900,"valid":true,"best":78900}}
{"t":"results","n":833,"m":{"t":"results","rows":[{"pos":1,"id":1,"name":"Ace","laps":3,"total":242150,"best":77916,"penalty":0},{"pos":2,"id":3,"name":"Bot 3","laps":3,"total":245166,"best":78633,"penalty":0},{"pos":3,"id":4,"name":"Bot 4","laps":3,"total":245366,"best":78633,"penalty":0},{"pos":4,"id":5,"name":"Bot 5","laps":3,"total":248950,"best":79766,"penalty":0},{"pos":5,"id":6,"name":"Bot 6","laps":3,"total":249883,"best":80050,"penalty":0},{"pos":6,"id":7,"name":"Bot 7","laps":3,"total":250050,"best":80050,"penalty":0},{"pos":7,"id":8,"name":"Bot 8","laps":3,"total":251033,"best":80233,"penalty":0},{"pos":8,"id":9,"name":"Bot 9","laps":3,"total":251200,"best":80233,"penalty":0},{"pos":9,"id":10,"name":"Bot 10","laps":3,"total":251400,"best":80233,"penalty":0},{"pos":10,"id":2,"name":"Bee","laps":3,"total":260916,"best":78900,"penalty":0}]}}
