## session 1
{"t":"welcome","n":173,"h":"4322618727a7edb5"}
{"t":"grid","n":524,"m":{"t":"grid","cars":[{"id":1,"name":"Ace","bot":false,"ready":false},{"id":2,"name":"Bot 2","bot":true,"ready":false},{"id":3,"name":"Bot 3","bot":true,"ready":false},{"id":4,"name":"Bot 4","bot":true,"ready":false},{"id":5,"name":"Bot 5","bot":true,"ready":false},{"id":6,"name":"Bot 6","bot":true,"ready":false},{"id":7,"name":"Bot 7","bot":true,"ready":false},{"id":8,"name":"Bot 8","bot":true,"ready":false},{"id":9,"name":"Bot 9","bot":true,"ready":false},{"id":10,"name":"Bot 10","bot":true,"ready":false}],"creator":1}}
{"t":"grid","n":523,"m":{"t":"grid","cars":[{"id":1,"name":"Ace","bot":false,"ready":false},{"id":2,"name":"Bee","bot":false,"ready":false},{"id":3,"name":"Bot 3","bot":true,"ready":false},{"id":4,"name":"Bot 4","bot":true,"ready":false},{"id":5,"name":"Bot 5","bot":true,"ready":false},{"id":6,"name":"Bot 6","bot":true,"ready":false},{"id":7,"name":"Bot 7","bot":true,"ready":false},{"id":8,"name":"Bot 8","bot":true,"ready":false},{"id":9,"name":"Bot 9","bot":true,"ready":false},{"id":10,"name":"Bot 10","bot":true,"ready":false}],"creator":1}}
{"t":"grid","n":522,"m":{"t":"grid","cars":[{"id":1,"name":"Ace","bot":false,"ready":true},{"id":2,"name":"Bee","bot":false,"ready":false},{"id":3,"name":"Bot 3","bot":true,"ready":false},{"id":4,"name":"Bot 4","bot":true,"ready":false},{"id":5,"name":"Bot 5","bot":true,"ready":false},{"id":6,"name":"Bot 6","bot":true,"ready":false},{"id":7,"name":"Bot 7","bot":true,"ready":false},{"id":8,"name":"Bot 8","bot":true,"ready":false},{"id":9,"name":"Bot 9","bot":true,"ready":false},{"id":10,"name":"Bot 10","bot":true,"ready":false}],"creator":1}}
{"t":"grid","n":521,"m":{"t":"grid","cars":[{"id":1,"name":"Ace","bot":false,"ready":true},{"id":2,"name":"Bee","bot":false,"ready":true},{"id":3,"name":"Bot 3","bot":true,"ready":false},{"id":4,"name":"Bot 4","bot":true,"ready":false},{"id":5,"name":"Bot 5","bot":true,"ready":false},{"id":6,"name":"Bot 6","bot":true,"ready":false},{"id":7,"name":"Bot 7","bot":true,"ready":false},{"id":8,"name":"Bot 8","bot":true,"ready":false},{"id":9,"name":"Bot 9","bot":true,"ready":false},{"id":10,"name":"Bot 10","bot":true,"ready":false}],"creator":1}}
{"t":"snap","c":30,"n":13016,"h":"59234403cd2417c0"}
{"t":"lights","n":21,"m":{"t":"lights","on":1}}
{"t":"snap","c":30,"n":13031,"h":"437b24ac0cc3ae6c"}
{"t":"lights","n":21,"m":{"t":"lights","on":2}}
{"t":"snap","c":30,"n":13050,"h":"5abb45dc046fc027"}
{"t":"lights","n":21,"m":{"t":"lights","on":3}}
{"t":"snap","c":30,"n":13050,"h":"8fde2e23d4875dc6"}
{"t":"lights","n":21,"m":{"t":"lights","on":4}}
{"t":"snap","c":30,"n":13050,"h":"3a46043dfa5ec7f5"}
{"t":"lights","n":21,"m":{"t":"lights","on":5}}
{"t":"snap","c":17,"n":7395,"h":"ade2ea50cca0e2ad"}
{"t":"lights","n":31,"m":{"t":"lights","on":0,"out":335}}
{"t":"snap","c":2375,"n":1270549,"h":"d89e088c9eb2af1b"}
{"t":"lap","n":64,"m":{"t":"lap","car":1,"lap":1,"ms":79150,"valid":true,"best":79150}}
{"t":"snap","c":38,"n":18788,"h":"02216c850f2e31ca"}
{"t":"lap","n":64,"m":{"t":"lap","car":2,"lap":1,"ms":80433,"valid":true,"best":80433}}
{"t":"snap","c":6,"n":2905,"h":"a3f9bb1f32c17a93"}
{"t":"lap","n":64,"m":{"t":"lap","car":3,"lap":1,"ms":80616,"valid":true,"best":80616}}
{"t":"snap","c":5,"n":2420,"h":"9f056ba8aef4fee1"}
{"t":"lap","n":64,"m":{"t":"lap","car":4,"lap":1,"ms":80800,"valid":true,"best":80800}}
{"t":"snap","c":25,"n":12178,"h":"ca8b4e42dfe22559"}
{"t":"lap","n":64,"m":{"t":"lap","car":5,"lap":1,"ms":81633,"valid":true,"best":81633}}
{"t":"snap","c":12,"n":5789,"h":"9c431b163dbbcc2e"}
{"t":"lap","n":64,"m":{"t":"lap","car":6,"lap":1,"ms":82016,"valid":true,"best":82016}}
{"t":"snap","c":5,"n":2379,"h":"eb3831afbb3e37ac"}
{"t":"lap","n":64,"m":{"t":"lap","car":7,"lap":1,"ms":82183,"valid":true,"best":82183}}
{"t":"snap","c":19,"n":9140,"h":"ef11e444267662ed"}
{"t":"lap","n":64,"m":{"t":"lap","car":8,"lap":1,"ms":82816,"valid":true,"best":82816}}
{"t":"snap","c":5,"n":2391,"h":"94851d1617e02647"}
{"t":"lap","n":64,"m":{"t":"lap","car":9,"lap":1,"ms":82983,"valid":true,"best":82983}}
{"t":"snap","c":5,"n":2369,"h":"f67d924f2141a452"}
{"t":"lap","n":65,"m":{"t":"lap","car":10,"lap":1,"ms":83150,"valid":true,"best":83150}}
{"t":"snap","c":606,"n":320778,"h":"29b9e325d834e994"}
{"t":"reset","n":21,"m":{"t":"reset","car":2}}
{"t":"snap","c":1445,"n":792854,"h":"2dd3da248818e949"}
{"t":"lap","n":64,"m":{"t":"lap","car":1,"lap":2,"ms":72366,"valid":true,"best":72366}}
{"t":"snap","c":64,"n":32956,"h":"310b940650b4de29"}
{"t":"lap","n":64,"m":{"t":"lap","car":3,"lap":2,"ms":73033,"valid":true,"best":73033}}
{"t":"snap","c":5,"n":2506,"h":"8eac9eee1729aed8"}
{"t":"lap","n":64,"m":{"t":"lap","car":4,"lap":2,"ms":73033,"valid":true,"best":73033}}
{"t":"snap","c":53,"n":26161,"h":"fe4d7459def90d48"}
{"t":"lap","n":64,"m":{"t":"lap","car":5,"lap":2,"ms":73966,"valid":true,"best":73966}}
{"t":"snap","c":16,"n":7876,"h":"dabe99a2ede66b27"}
{"t":"lap","n":64,"m":{"t":"lap","car":6,"lap":2,"ms":74100,"valid":true,"best":74100}}
{"t":"snap","c":5,"n":2459,"h":"f7069bd5687b19e1"}
{"t":"lap","n":64,"m":{"t":"lap","car":7,"lap":2,"ms":74100,"valid":true,"best":74100}}
{"t":"snap","c":28,"n":13761,"h":"a565fb8cd4478798"}
{"t":"lap","n":64,"m":{"t":"lap","car":8,"lap":2,"ms":74416,"valid":true,"best":74416}}
{"t":"snap","c":5,"n":2433,"h":"a8e61cd060b754a2"}
{"t":"lap","n":64,"m":{"t":"lap","car":9,"lap":2,"ms":74416,"valid":true,"best":74416}}
{"t":"snap","c":5,"n":2415,"h":"10d90a87d7e5e71f"}
{"t":"lap","n":65,"m":{"t":"lap","car":10,"lap":2,"ms":74416,"valid":true,"best":74416}}
{"t":"snap","c":220,"n":111319,"h":"7ddce124cd32b629"}
{"t":"lap","n":65,"m":{"t":"lap","car":2,"lap":2,"ms":84450,"valid":false,"best":80433}}
{"t":"snap","c":1770,"n":973116,"h":"e1a1035d3d2bcef6"}
{"t":"lap","n":64,"m":{"t":"lap","car":1,"lap":3,"ms":72366,"valid":true,"best":72366}}
{"t":"snap","c":76,"n":40065,"h":"cc86360422caaaf8"}
{"t":"lap","n":64,"m":{"t":"lap","car":3,"lap":3,"ms":72783,"valid":true,"best":72783}}
{"t":"snap","c":6,"n":3088,"h":"980a189484589b9d"}
{"t":"lap","n":64,"m":{"t":"lap","car":4,"lap":3,"ms":72783,"valid":true,"best":72783}}
{"t":"snap","c":88,"n":44197,"h":"fb5c9655c7d4f7b6"}
{"t":"lap","n":64,"m":{"t":"lap","car":5,"lap":3,"ms":73966,"valid":true,"best":73966}}
{"t":"snap","c":20,"n":9836,"h":"e0b83960594708da"}
{"t":"lap","n":64,"m":{"t":"lap","car":6,"lap":3,"ms":74100,"valid":true,"best":74100}}
{"t":"snap","c":5,"n":2448,"h":"e9c1038061d1399a"}
{"t":"lap","n":64,"m":{"t":"lap","car":7,"lap":3,"ms":74100,"valid":true,"best":74100}}
{"t":"snap","c":38,"n":18860,"h":"3e3fa5e620427fe8"}
{"t":"lap","n":64,"m":{"t":"lap","car":8,"lap":3,"ms":74416,"valid":true,"best":74416}}
{"t":"snap","c":5,"n":2467,"h":"48025b1e3b0693e7"}
{"t":"lap","n":64,"m":{"t":"lap","car":9,"lap":3,"ms":74416,"valid":true,"best":74416}}
{"t":"snap","c":5,"n":2477,"h":"2e3bbf461bbe78cb"}
{"t":"lap","n":65,"m":{"t":"lap","car":10,"lap":3,"ms":74416,"valid":true,"best":74416}}
{"t":"snap","c":197,"n":100076,"h":"9f4975442821b274"}
{"t":"lap","n":64,"m":{"t":"lap","car":2,"lap":3,"ms":73683,"valid":true,"best":73683}}
{"t":"results","n":833,"m":{"t":"results","rows":[{"pos":1,"id":1,"name":"Ace","laps":3,"total":223883,"best":72366,"penalty":0},{"pos":2,"id":3,"name":"Bot 3","laps":3,"total":226433,"best":72783,"penalty":0},{"pos":3,"id":4,"name":"Bot 4","laps":3,"total":226616,"best":72783,"penalty":0},{"pos":4,"id":5,"name":"Bot 5","laps":3,"total":229566,"best":73966,"penalty":0},{"pos":5,"id":6,"name":"Bot 6","laps":3,"total":230216,"best":74100,"penalty":0},{"pos":6,"id":7,"name":"Bot 7","laps":3,"total":230383,"best":74100,"penalty":0},{"pos":7,"id":8,"name":"Bot 8","laps":3,"total":231650,"best":74416,"penalty":0},{"pos":8,"id":9,"name":"Bot 9","laps":3,"total":231816,"best":74416,"penalty":0},{"pos":9,"id":10,"name":"Bot 10","laps":3,"total":231983,"best":74416,"penalty":0},{"pos":10,"id":2,"name":"Bee","laps":3,"total":238566,"best":73683,"penalty":0}]}}
## session 2
{"t":"welcome","n":174,"h":"ba7277f5dc970b57"}
{"t":"grid","n":523,"m":{"t":"grid","cars":[{"id":1,"name":"Ace","bot":false,"ready":false},{"id":2,"name":"Bee","bot":false,"ready":false},{"id":3,"name":"Bot 3","bot":true,"ready":false},{"id":4,"name":"Bot 4","bot":true,"ready":false},{"id":5,"name":"Bot 5","bot":true,"ready":false},{"id":6,"name":"Bot 6","bot":true,"ready":false},{"id":7,"name":"Bot 7","bot":true,"ready":false},{"id":8,"name":"Bot 8","bot":true,"ready":false},{"id":9,"name":"Bot 9","bot":true,"ready":false},{"id":10,"name":"Bot 10","bot":true,"ready":false}],"creator":1}}
{"t":"grid","n":522,"m":{"t":"grid","cars":[{"id":1,"name":"Ace","bot":false,"ready":true},{"id":2,"name":"Bee","bot":false,"ready":false},{"id":3,"name":"Bot 3","bot":true,"ready":false},{"id":4,"name":"Bot 4","bot":true,"ready":false},{"id":5,"name":"Bot 5","bot":true,"ready":false},{"id":6,"name":"Bot 6","bot":true,"ready":false},{"id":7,"name":"Bot 7","bot":true,"ready":false},{"id":8,"name":"Bot 8","bot":true,"ready":false},{"id":9,"name":"Bot 9","bot":true,"ready":false},{"id":10,"name":"Bot 10","bot":true,"ready":false}],"creator":1}}
{"t":"grid","n":521,"m":{"t":"grid","cars":[{"id":1,"name":"Ace","bot":false,"ready":true},{"id":2,"name":"Bee","bot":false,"ready":true},{"id":3,"name":"Bot 3","bot":true,"ready":false},{"id":4,"name":"Bot 4","bot":true,"ready":false},{"id":5,"name":"Bot 5","bot":true,"ready":false},{"id":6,"name":"Bot 6","bot":true,"ready":false},{"id":7,"name":"Bot 7","bot":true,"ready":false},{"id":8,"name":"Bot 8","bot":true,"ready":false},{"id":9,"name":"Bot 9","bot":true,"ready":false},{"id":10,"name":"Bot 10","bot":true,"ready":false}],"creator":1}}
{"t":"snap","c":30,"n":13016,"h":"4dbc76a99089ec84"}
{"t":"lights","n":21,"m":{"t":"lights","on":1}}
{"t":"snap","c":30,"n":13031,"h":"1c84945552278082"}
{"t":"lights","n":21,"m":{"t":"lights","on":2}}
{"t":"snap","c":30,"n":13050,"h":"dacdb539656b11c7"}
{"t":"lights","n":21,"m":{"t":"lights","on":3}}
{"t":"snap","c":30,"n":13050,"h":"e9c9a56ee72fa043"}
{"t":"lights","n":21,"m":{"t":"lights","on":4}}
{"t":"snap","c":30,"n":13050,"h":"1a036fbe0881799a"}
{"t":"lights","n":21,"m":{"t":"lights","on":5}}
{"t":"snap","c":17,"n":7395,"h":"eb37a87a849951a4"}
{"t":"lights","n":31,"m":{"t":"lights","on":0,"out":335}}
{"t":"snap","c":2375,"n":1270549,"h":"b73efd6c3c9614b7"}
{"t":"lap","n":64,"m":{"t":"lap","car":1,"lap":1,"ms":79150,"valid":true,"best":79150}}
{"t":"snap","c":38,"n":18788,"h":"890bf7e282547d1d"}
{"t":"lap","n":64,"m":{"t":"lap","car":2,"lap":1,"ms":80433,"valid":true,"best":80433}}
{"t":"snap","c":6,"n":2905,"h":"2aaf0eabb055632e"}
{"t":"lap","n":64,"m":{"t":"lap","car":3,"lap":1,"ms":80616,"valid":true,"best":80616}}
{"t":"snap","c":5,"n":2420,"h":"1b8694cd3ed1067b"}
{"t":"lap","n":64,"m":{"t":"lap","car":4,"lap":1,"ms":80800,"valid":true,"best":80800}}
{"t":"snap","c":25,"n":12178,"h":"5354ce95b0f770da"}
{"t":"lap","n":64,"m":{"t":"lap","car":5,"lap":1,"ms":81633,"valid":true,"best":81633}}
{"t":"snap","c":12,"n":5789,"h":"442aa12a32a9ed62"}
{"t":"lap","n":64,"m":{"t":"lap","car":6,"lap":1,"ms":82016,"valid":true,"best":82016}}
{"t":"snap","c":5,"n":2379,"h":"fef7fe69dfa690e9"}
{"t":"lap","n":64,"m":{"t":"lap","car":7,"lap":1,"ms":82183,"valid":true,"best":82183}}
{"t":"snap","c":19,"n":9140,"h":"cd9db0caf0f9856f"}
{"t":"lap","n":64,"m":{"t":"lap","car":8,"lap":1,"ms":82816,"valid":true,"best":82816}}
{"t":"snap","c":5,"n":2391,"h":"0e6b0caccb111e42"}
{"t":"lap","n":64,"m":{"t":"lap","car":9,"lap":1,"ms":82983,"valid":true,"best":82983}}
{"t":"snap","c":5,"n":2369,"h":"2f2ff849f2a8ac50"}
{"t":"lap","n":65,"m":{"t":"lap","car":10,"lap":1,"ms":83150,"valid":true,"best":83150}}
{"t":"snap","c":606,"n":320778,"h":"0e6ae1a92432addc"}
{"t":"reset","n":21,"m":{"t":"reset","car":2}}
{"t":"snap","c":1445,"n":792854,"h":"9a0cb1574da80e49"}
{"t":"lap","n":64,"m":{"t":"lap","car":1,"lap":2,"ms":72366,"valid":true,"best":72366}}
{"t":"snap","c":64,"n":32956,"h":"a9eedd72419ae470"}
{"t":"lap","n":64,"m":{"t":"lap","car":3,"lap":2,"ms":73033,"valid":true,"best":73033}}
{"t":"snap","c":5,"n":2506,"h":"7f0b430c711c1644"}
{"t":"lap","n":64,"m":{"t":"lap","car":4,"lap":2,"ms":73033,"valid":true,"best":73033}}
{"t":"snap","c":53,"n":26161,"h":"f2fa457d05456587"}
{"t":"lap","n":64,"m":{"t":"lap","car":5,"lap":2,"ms":73966,"valid":true,"best":73966}}
{"t":"snap","c":16,"n":7876,"h":"dabca1c37851f89a"}
{"t":"lap","n":64,"m":{"t":"lap","car":6,"lap":2,"ms":74100,"valid":true,"best":74100}}
{"t":"snap","c":5,"n":2459,"h":"e08dad11890719bd"}
{"t":"lap","n":64,"m":{"t":"lap","car":7,"lap":2,"ms":74100,"valid":true,"best":74100}}
{"t":"snap","c":28,"n":13761,"h":"8f8f3e00dd6fa528"}
{"t":"lap","n":64,"m":{"t":"lap","car":8,"lap":2,"ms":74416,"valid":true,"best":74416}}
{"t":"snap","c":5,"n":2433,"h":"83c7dd14fe30afb8"}
{"t":"lap","n":64,"m":{"t":"lap","car":9,"lap":2,"ms":74416,"valid":true,"best":74416}}
{"t":"snap","c":5,"n":2415,"h":"85df19919f0e74dd"}
{"t":"lap","n":65,"m":{"t":"lap","car":10,"lap":2,"ms":74416,"valid":true,"best":74416}}
{"t":"snap","c":220,"n":111319,"h":"88d5c67776eb4e23"}
{"t":"lap","n":65,"m":{"t":"lap","car":2,"lap":2,"ms":84450,"valid":false,"best":80433}}
{"t":"snap","c":1770,"n":973116,"h":"c015919579c558c1"}
{"t":"lap","n":64,"m":{"t":"lap","car":1,"lap":3,"ms":72366,"valid":true,"best":72366}}
{"t":"snap","c":76,"n":40065,"h":"aec3dd0a8aef44b7"}
{"t":"lap","n":64,"m":{"t":"lap","car":3,"lap":3,"ms":72783,"valid":true,"best":72783}}
{"t":"snap","c":6,"n":3088,"h":"23a3c2a1e0118d34"}
{"t":"lap","n":64,"m":{"t":"lap","car":4,"lap":3,"ms":72783,"valid":true,"best":72783}}
{"t":"snap","c":88,"n":44197,"h":"86f7b4603ec8c041"}
{"t":"lap","n":64,"m":{"t":"lap","car":5,"lap":3,"ms":73966,"valid":true,"best":73966}}
{"t":"snap","c":20,"n":9836,"h":"d5a9e42a737704be"}
{"t":"lap","n":64,"m":{"t":"lap","car":6,"lap":3,"ms":74100,"valid":true,"best":74100}}
{"t":"snap","c":5,"n":2448,"h":"35c951373aeaab4d"}
{"t":"lap","n":64,"m":{"t":"lap","car":7,"lap":3,"ms":74100,"valid":true,"best":74100}}
{"t":"snap","c":38,"n":18860,"h":"003f5ccad00db93a"}
{"t":"lap","n":64,"m":{"t":"lap","car":8,"lap":3,"ms":74416,"valid":true,"best":74416}}
{"t":"snap","c":5,"n":2467,"h":"a41c302da386ca32"}
{"t":"lap","n":64,"m":{"t":"lap","car":9,"lap":3,"ms":74416,"valid":true,"best":74416}}
{"t":"snap","c":5,"n":2477,"h":"74a604ec111e5212"}
{"t":"lap","n":65,"m":{"t":"lap","car":10,"lap":3,"ms":74416,"valid":true,"best":74416}}
{"t":"snap","c":197,"n":100076,"h":"da9a2e183f6bbfd9"}
{"t":"lap","n":64,"m":{"t":"lap","car":2,"lap":3,"ms":73683,"valid":true,"best":73683}}
{"t":"results","n":833,"m":{"t":"results","rows":[{"pos":1,"id":1,"name":"Ace","laps":3,"total":223883,"best":72366,"penalty":0},{"pos":2,"id":3,"name":"Bot 3","laps":3,"total":226433,"best":72783,"penalty":0},{"pos":3,"id":4,"name":"Bot 4","laps":3,"total":226616,"best":72783,"penalty":0},{"pos":4,"id":5,"name":"Bot 5","laps":3,"total":229566,"best":73966,"penalty":0},{"pos":5,"id":6,"name":"Bot 6","laps":3,"total":230216,"best":74100,"penalty":0},{"pos":6,"id":7,"name":"Bot 7","laps":3,"total":230383,"best":74100,"penalty":0},{"pos":7,"id":8,"name":"Bot 8","laps":3,"total":231650,"best":74416,"penalty":0},{"pos":8,"id":9,"name":"Bot 9","laps":3,"total":231816,"best":74416,"penalty":0},{"pos":9,"id":10,"name":"Bot 10","laps":3,"total":231983,"best":74416,"penalty":0},{"pos":10,"id":2,"name":"Bee","laps":3,"total":238566,"best":73683,"penalty":0}]}}
