## session 1
{"t":"welcome","n":121,"h":"ab28bad2462bce5c"}
{"t":"grid","n":524,"m":{"t":"grid","cars":[{"id":1,"name":"Ace","bot":false,"ready":false},{"id":2,"name":"Bot 2","bot":true,"ready":false},{"id":3,"name":"Bot 3","bot":true,"ready":false},{"id":4,"name":"Bot 4","bot":true,"ready":false},{"id":5,"name":"Bot 5","bot":true,"ready":false},{"id":6,"name":"Bot 6","bot":true,"ready":false},{"id":7,"name":"Bot 7","bot":true,"ready":false},{"id":8,"name":"Bot 8","bot":true,"ready":false},{"id":9,"name":"Bot 9","bot":true,"ready":false},{"id":10,"name":"Bot 10","bot":true,"ready":false}],"creator":1}}
{"t":"grid","n":523,"m":{"t":"grid","cars":[{"id":1,"name":"Ace","bot":false,"ready":false},{"id":2,"name":"Bee","bot":false,"ready":false},{"id":3,"name":"Bot 3","bot":true,"ready":false},{"id":4,"name":"Bot 4","bot":true,"ready":false},{"id":5,"name":"Bot 5","bot":true,"ready":false},{"id":6,"name":"Bot 6","bot":true,"ready":false},{"id":7,"name":"Bot 7","bot":true,"ready":false},{"id":8,"name":"Bot 8","bot":true,"ready":false},{"id":9,"name":"Bot 9","bot":true,"ready":false},{"id":10,"name":"Bot 10","bot":true,"ready":false}],"creator":1}}
{"t":"grid","n":522,"m":{"t":"grid","cars":[{"id":1,"name":"Ace","bot":false,"ready":true},{"id":2,"name":"Bee","bot":false,"ready":false},{"id":3,"name":"Bot 3","bot":true,"ready":false},{"id":4,"name":"Bot 4","bot":true,"ready":false},{"id":5,"name":"Bot 5","bot":true,"ready":false},{"id":6,"name":"Bot 6","bot":true,"ready":false},{"id":7,"name":"Bot 7","bot":true,"ready":false},{"id":8,"name":"Bot 8","bot":true,"ready":false},{"id":9,"name":"Bot 9","bot":true,"ready":false},{"id":10,"name":"Bot 10","bot":true,"ready":false}],"creator":1}}
{"t":"grid","n":521,"m":{"t":"grid","cars":[{"id":1,"name":"Ace","bot":false,"ready":true},{"id":2,"name":"Bee","bot":false,"ready":true},{"id":3,"name":"Bot 3","bot":true,"ready":false},{"id":4,"name":"Bot 4","bot":true,"ready":false},{"id":5,"name":"Bot 5","bot":true,"ready":false},{"id":6,"name":"Bot 6","bot":true,"ready":false},{"id":7,"name":"Bot 7","bot":true,"ready":false},{"id":8,"name":"Bot 8","bot":true,"ready":false},{"id":9,"name":"Bot 9","bot":true,"ready":false},{"id":10,"name":"Bot 10","bot":true,"ready":false}],"creator":1}}
{"t":"snap","c":30,"n":13193,"h":"b736bea94124b7fb"}
{"t":"lights","n":21,"m":{"t":"lights","on":1}}
{"t":"snap","c":30,"n":13395,"h":"8d58aadea2dd5a14"}
{"t":"lights","n":21,"m":{"t":"lights","on":2}}
{"t":"snap","c":30,"n":13327,"h":"35b0a9126714ac59"}
{"t":"lights","n":21,"m":{"t":"lights","on":3}}
{"t":"snap","c":30,"n":13403,"h":"e30ae826d29a480f"}
{"t":"lights","n":21,"m":{"t":"lights","on":4}}
{"t":"snap","c":30,"n":13505,"h":"5930cfda4902949a"}
{"t":"lights","n":21,"m":{"t":"lights","on":5}}
{"t":"snap","c":17,"n":7682,"h":"e7a55efcef9cca54"}
{"t":"lights","n":31,"m":{"t":"lights","on":0,"out":335}}
{"t":"snap","c":286,"n":138995,"h":"5d0815f94eb28d03"}
{"t":"wing","n":20,"m":{"t":"wing","car":2}}
{"t":"wing","n":20,"m":{"t":"wing","car":4}}
{"t":"snap","c":28,"n":13658,"h":"beac55fe1c1fe6b4"}
{"t":"wing","n":20,"m":{"t":"wing","car":7}}
{"t":"snap","c":8,"n":3870,"h":"cf43c79f3e83388a"}
{"t":"wing","n":20,"m":{"t":"wing","car":8}}
{"t":"snap","c":401,"n":207786,"h":"78ce4d368bbc9616"}
{"t":"reset","n":21,"m":{"t":"reset","car":1}}
{"t":"snap","c":24,"n":12702,"h":"be132f13ffa1f0af"}
{"t":"reset","n":21,"m":{"t":"reset","car":2}}
{"t":"snap","c":524,"n":282317,"h":"b6cf09cbb18235c9"}
{"t":"reset","n":21,"m":{"t":"reset","car":2}}
{"t":"snap","c":138,"n":73396,"h":"955d2a0633317018"}
{"t":"reset","n":21,"m":{"t":"reset","car":1}}
{"t":"snap","c":227,"n":122120,"h":"93f2e997fffd5f7e"}
{"t":"reset","n":21,"m":{"t":"reset","car":2}}
{"t":"snap","c":144,"n":76227,"h":"b7d1a9c79c248efd"}
{"t":"reset","n":21,"m":{"t":"reset","car":1}}
{"t":"snap","c":152,"n":82176,"h":"05f210c734364e1e"}
{"t":"wing","n":20,"m":{"t":"wing","car":1}}
{"t":"snap","c":186,"n":101747,"h":"aeeb80a48303d957"}
{"t":"reset","n":21,"m":{"t":"reset","car":1}}
{"t":"snap","c":212,"n":116684,"h":"e2a28e3fbd89d364"}
{"t":"reset","n":21,"m":{"t":"reset","car":2}}
{"t":"snap","c":100,"n":53475,"h":"052da6f3cb02bc40"}
{"t":"lap","n":64,"m":{"t":"lap","car":3,"lap":1,"ms":80983,"valid":true,"best":80983}}
{"t":"snap","c":131,"n":67043,"h":"c95d9f3208374da1"}
{"t":"lap","n":64,"m":{"t":"lap","car":4,"lap":1,"ms":85366,"valid":true,"best":85366}}
{"t":"snap","c":5,"n":2481,"h":"f38880a00aa0c7c8"}
{"t":"lap","n":64,"m":{"t":"lap","car":5,"lap":1,"ms":85516,"valid":true,"best":85516}}
{"t":"snap","c":5,"n":2447,"h":"405ad8a8598ef0e9"}
{"t":"lap","n":64,"m":{"t":"lap","car":6,"lap":1,"ms":85683,"valid":true,"best":85683}}
{"t":"snap","c":48,"n":23831,"h":"539bbf4cbade1787"}
{"t":"lap","n":64,"m":{"t":"lap","car":7,"lap":1,"ms":87283,"valid":true,"best":87283}}
{"t":"snap","c":65,"n":31849,"h":"1bd10b548f184321"}
{"t":"lap","n":64,"m":{"t":"lap","car":8,"lap":1,"ms":89450,"valid":true,"best":89450}}
{"t":"snap","c":5,"n":2427,"h":"5378552c4e882103"}
{"t":"lap","n":64,"m":{"t":"lap","car":9,"lap":1,"ms":89616,"valid":true,"best":89616}}
{"t":"snap","c":5,"n":2413,"h":"91cd6cef3dffaa24"}
{"t":"lap","n":65,"m":{"t":"lap","car":10,"lap":1,"ms":89783,"valid":true,"best":89783}}
{"t":"snap","c":34,"n":16652,"h":"e00694920e52a5c8"}
{"t":"wing","n":20,"m":{"t":"wing","car":9}}
{"t":"snap","c":169,"n":86661,"h":"04661442a94cc1f8"}
{"t":"reset","n":21,"m":{"t":"reset","car":2}}
{"t":"snap","c":145,"n":77321,"h":"92c6e61ce2f8f5bb"}
{"t":"reset","n":21,"m":{"t":"reset","car":1}}
{"t":"snap","c":194,"n":104961,"h":"5bc30d741218e88d"}
{"t":"reset","n":21,"m":{"t":"reset","car":2}}
{"t":"snap","c":434,"n":236762,"h":"729acd23d299eef8"}
{"t":"reset","n":21,"m":{"t":"reset","car":2}}
{"t":"snap","c":220,"n":117934,"h":"caac11f5c8e1d829"}
{"t":"reset","n":21,"m":{"t":"reset","car":1}}
{"t":"snap","c":367,"n":198819,"h":"8298bb2523875545"}
{"t":"reset","n":21,"m":{"t":"reset","car":1}}
{"t":"snap","c":148,"n":80318,"h":"5593b9777076be4e"}
{"t":"reset","n":21,"m":{"t":"reset","car":2}}
{"t":"snap","c":237,"n":129178,"h":"f705ace0d8483496"}
{"t":"reset","n":21,"m":{"t":"reset","car":1}}
{"t":"snap","c":8,"n":4308,"h":"94975bf048a5a91f"}
{"t":"lap","n":64,"m":{"t":"lap","car":3,"lap":2,"ms":74016,"valid":true,"best":74016}}
{"t":"snap","c":168,"n":90088,"h":"06d07f39d7c01163"}
{"t":"lap","n":64,"m":{"t":"lap","car":5,"lap":2,"ms":75083,"valid":true,"best":75083}}
{"t":"snap","c":20,"n":10545,"h":"4cba8b605c019de0"}
{"t":"reset","n":21,"m":{"t":"reset","car":2}}
{"t":"snap","c":87,"n":45117,"h":"4d6775ca05d25ccf"}
{"t":"lap","n":64,"m":{"t":"lap","car":4,"lap":2,"ms":78783,"valid":true,"best":78783}}
{"t":"snap","c":4,"n":2035,"h":"4a54d3cf9a7a43a9"}
{"t":"lap","n":64,"m":{"t":"lap","car":6,"lap":2,"ms":78616,"valid":true,"best":78616}}
{"t":"snap","c":44,"n":22332,"h":"50512de1a1e86c99"}
{"t":"lap","n":64,"m":{"t":"lap","car":7,"lap":2,"ms":78466,"valid":true,"best":78466}}
{"t":"snap","c":65,"n":32746,"h":"595c67639c0f51c2"}
{"t":"reset","n":21,"m":{"t":"reset","car":1}}
{"t":"snap","c":68,"n":34233,"h":"814bcb372993c438"}
{"t":"lap","n":64,"m":{"t":"lap","car":8,"lap":2,"ms":80750,"valid":true,"best":80750}}
{"t":"snap","c":5,"n":2518,"h":"5bdfc4a45efc012a"}
{"t":"lap","n":64,"m":{"t":"lap","car":9,"lap":2,"ms":80750,"valid":true,"best":80750}}
{"t":"snap","c":5,"n":2471,"h":"2e1d28b236fb082c"}
{"t":"lap","n":65,"m":{"t":"lap","car":10,"lap":2,"ms":80733,"valid":true,"best":80733}}
{"t":"snap","c":141,"n":72059,"h":"36b79e7235555d4e"}
{"t":"reset","n":21,"m":{"t":"reset","car":2}}
{"t":"snap","c":127,"n":68103,"h":"bce6a90f7219d8dd"}
{"t":"wing","n":20,"m":{"t":"wing","car":3}}
{"t":"snap","c":311,"n":169440,"h":"e0e1495a6dc57579"}
{"t":"reset","n":21,"m":{"t":"reset","car":2}}
{"t":"snap","c":382,"n":206962,"h":"0c6f14820ee55160"}
{"t":"reset","n":21,"m":{"t":"reset","car":1}}
{"t":"snap","c":369,"n":200087,"h":"0196bc2ee4ec0f7b"}
{"t":"reset","n":21,"m":{"t":"reset","car":2}}
{"t":"snap","c":289,"n":156095,"h":"14f192f086343d29"}
{"t":"reset","n":21,"m":{"t":"reset","car":1}}
{"t":"snap","c":305,"n":166035,"h":"3a5278b01ab6d015"}
{"t":"lap","n":64,"m":{"t":"lap","car":3,"lap":3,"ms":79650,"valid":true,"best":74016}}
{"t":"snap","c":5,"n":2673,"h":"69e4d924360d04a3"}
{"t":"lap","n":64,"m":{"t":"lap","car":5,"lap":3,"ms":74216,"valid":true,"best":74216}}
{"t":"snap","c":18,"n":9641,"h":"1024b37133ff351d"}
{"t":"reset","n":21,"m":{"t":"reset","car":2}}
{"t":"snap","c":231,"n":121302,"h":"97a89aeea3c22d95"}
{"t":"reset","n":21,"m":{"t":"reset","car":1}}
{"t":"snap","c":9,"n":4569,"h":"4d975bb905c276c2"}
{"t":"lap","n":64,"m":{"t":"lap","car":4,"lap":3,"ms":79266,"valid":true,"best":78783}}
{"t":"snap","c":4,"n":2034,"h":"30014f6901fb5d20"}
{"t":"lap","n":64,"m":{"t":"lap","car":6,"lap":3,"ms":79266,"valid":true,"best":78616}}
{"t":"snap","c":84,"n":43772,"h":"c2debcca5de9247b"}
{"t":"lap","n":64,"m":{"t":"lap","car":7,"lap":3,"ms":80600,"valid":true,"best":78466}}
{"t":"snap","c":135,"n":69131,"h":"ce47ae867ce37569"}
{"t":"lap","n":64,"m":{"t":"lap","car":8,"lap":3,"ms":80650,"valid":true,"best":80650}}
{"t":"snap","c":5,"n":2539,"h":"f512f3709c174f43"}
{"t":"lap","n":64,"m":{"t":"lap","car":9,"lap":3,"ms":80650,"valid":true,"best":80650}}
{"t":"snap","c":4,"n":2019,"h":"0b829a1358b988c0"}
{"t":"lap","n":65,"m":{"t":"lap","car":10,"lap":3,"ms":80650,"valid":true,"best":80650}}
{"t":"snap","c":53,"n":27304,"h":"3244af93d426085a"}
{"t":"reset","n":21,"m":{"t":"reset","car":2}}
{"t":"snap","c":356,"n":190490,"h":"cb90a26efeb7c4bf"}
{"t":"reset","n":21,"m":{"t":"reset","car":1}}
{"t":"snap","c":98,"n":53106,"h":"f46d2d7a7bfac7d3"}
{"t":"reset","n":21,"m":{"t":"reset","car":2}}
{"t":"snap","c":348,"n":189984,"h":"513141fdc594b564"}
{"t":"results","n":821,"m":{"t":"results","rows":[{"pos":1,"id":3,"name":"Bot 3","laps":3,"total":234650,"best":74016,"penalty":0},{"pos":2,"id":5,"name":"Bot 5","laps":3,"total":234816,"best":74216,"penalty":0},{"pos":3,"id":4,"name":"Bot 4","laps":3,"total":243416,"best":78783,"penalty":0},{"pos":4,"id":6,"name":"Bot 6","laps":3,"total":243566,"best":78616,"penalty":0},{"pos":5,"id":7,"name":"Bot 7","laps":3,"total":246350,"best":78466,"penalty":0},{"pos":6,"id":8,"name":"Bot 8","laps":3,"total":250850,"best":80650,"penalty":0},{"pos":7,"id":9,"name":"Bot 9","laps":3,"total":251016,"best":80650,"penalty":0},{"pos":8,"id":10,"name":"Bot 10","laps":3,"total":251166,"best":80650,"penalty":0},{"pos":9,"id":2,"name":"Bee","laps":0,"total":0,"best":0,"penalty":5000},{"pos":10,"id":1,"name":"Ace","laps":0,"total":0,"best":0,"penalty":5000}]}}
## session 2
{"t":"welcome","n":122,"h":"1d31deb8d6c5e054"}
{"t":"grid","n":523,"m":{"t":"grid","cars":[{"id":1,"name":"Ace","bot":false,"ready":false},{"id":2,"name":"Bee","bot":false,"ready":false},{"id":3,"name":"Bot 3","bot":true,"ready":false},{"id":4,"name":"Bot 4","bot":true,"ready":false},{"id":5,"name":"Bot 5","bot":true,"ready":false},{"id":6,"name":"Bot 6","bot":true,"ready":false},{"id":7,"name":"Bot 7","bot":true,"ready":false},{"id":8,"name":"Bot 8","bot":true,"ready":false},{"id":9,"name":"Bot 9","bot":true,"ready":false},{"id":10,"name":"Bot 10","bot":true,"ready":false}],"creator":1}}
{"t":"grid","n":522,"m":{"t":"grid","cars":[{"id":1,"name":"Ace","bot":false,"ready":true},{"id":2,"name":"Bee","bot":false,"ready":false},{"id":3,"name":"Bot 3","bot":true,"ready":false},{"id":4,"name":"Bot 4","bot":true,"ready":false},{"id":5,"name":"Bot 5","bot":true,"ready":false},{"id":6,"name":"Bot 6","bot":true,"ready":false},{"id":7,"name":"Bot 7","bot":true,"ready":false},{"id":8,"name":"Bot 8","bot":true,"ready":false},{"id":9,"name":"Bot 9","bot":true,"ready":false},{"id":10,"name":"Bot 10","bot":true,"ready":false}],"creator":1}}
{"t":"grid","n":521,"m":{"t":"grid","cars":[{"id":1,"name":"Ace","bot":false,"ready":true},{"id":2,"name":"Bee","bot":false,"ready":true},{"id":3,"name":"Bot 3","bot":true,"ready":false},{"id":4,"name":"Bot 4","bot":true,"ready":false},{"id":5,"name":"Bot 5","bot":true,"ready":false},{"id":6,"name":"Bot 6","bot":true,"ready":false},{"id":7,"name":"Bot 7","bot":true,"ready":false},{"id":8,"name":"Bot 8","bot":true,"ready":false},{"id":9,"name":"Bot 9","bot":true,"ready":false},{"id":10,"name":"Bot 10","bot":true,"ready":false}],"creator":1}}
{"t":"snap","c":30,"n":13193,"h":"8cc437e08eefa5d5"}
{"t":"lights","n":21,"m":{"t":"lights","on":1}}
{"t":"snap","c":30,"n":13395,"h":"b6fecd69fedeada3"}
{"t":"lights","n":21,"m":{"t":"lights","on":2}}
{"t":"snap","c":30,"n":13327,"h":"d5b77e8062344610"}
{"t":"lights","n":21,"m":{"t":"lights","on":3}}
{"t":"snap","c":30,"n":13403,"h":"a155534bb368bc51"}
{"t":"lights","n":21,"m":{"t":"lights","on":4}}
{"t":"snap","c":30,"n":13505,"h":"f0fc9cae8091393b"}
{"t":"lights","n":21,"m":{"t":"lights","on":5}}
{"t":"snap","c":17,"n":7682,"h":"be29302aefe2f271"}
{"t":"lights","n":31,"m":{"t":"lights","on":0,"out":335}}
{"t":"snap","c":286,"n":138995,"h":"7a1f1a886845a441"}
{"t":"wing","n":20,"m":{"t":"wing","car":2}}
{"t":"wing","n":20,"m":{"t":"wing","car":4}}
{"t":"snap","c":28,"n":13658,"h":"35fa4d2225283db1"}
{"t":"wing","n":20,"m":{"t":"wing","car":7}}
{"t":"snap","c":8,"n":3870,"h":"bb9dd80fcbcfae9a"}
{"t":"wing","n":20,"m":{"t":"wing","car":8}}
{"t":"snap","c":401,"n":207786,"h":"8740daa1ef1f34a1"}
{"t":"reset","n":21,"m":{"t":"reset","car":1}}
{"t":"snap","c":24,"n":12702,"h":"b418c8867506fdff"}
{"t":"reset","n":21,"m":{"t":"reset","car":2}}
{"t":"snap","c":524,"n":282317,"h":"f2769a3ec5f206f5"}
{"t":"reset","n":21,"m":{"t":"reset","car":2}}
{"t":"snap","c":138,"n":73396,"h":"6f83ff1b636b23ad"}
{"t":"reset","n":21,"m":{"t":"reset","car":1}}
{"t":"snap","c":227,"n":122120,"h":"d953da83b1ff156e"}
{"t":"reset","n":21,"m":{"t":"reset","car":2}}
{"t":"snap","c":144,"n":76227,"h":"2436b1f435796594"}
{"t":"reset","n":21,"m":{"t":"reset","car":1}}
{"t":"snap","c":152,"n":82176,"h":"98d7670c460add4e"}
{"t":"wing","n":20,"m":{"t":"wing","car":1}}
{"t":"snap","c":186,"n":101747,"h":"ab2756c8ca5f815b"}
{"t":"reset","n":21,"m":{"t":"reset","car":1}}
{"t":"snap","c":212,"n":116684,"h":"7105c2531ef08da3"}
{"t":"reset","n":21,"m":{"t":"reset","car":2}}
{"t":"snap","c":100,"n":53475,"h":"1bfca77b594cc298"}
{"t":"lap","n":64,"m":{"t":"lap","car":3,"lap":1,"ms":80983,"valid":true,"best":80983}}
{"t":"snap","c":131,"n":67043,"h":"2963392b960030f5"}
{"t":"lap","n":64,"m":{"t":"lap","car":4,"lap":1,"ms":85366,"valid":true,"best":85366}}
{"t":"snap","c":5,"n":2481,"h":"9c6926d7df708dbf"}
{"t":"lap","n":64,"m":{"t":"lap","car":5,"lap":1,"ms":85516,"valid":true,"best":85516}}
{"t":"snap","c":5,"n":2447,"h":"005ea5212f81d4a2"}
{"t":"lap","n":64,"m":{"t":"lap","car":6,"lap":1,"ms":85683,"valid":true,"best":85683}}
{"t":"snap","c":48,"n":23831,"h":"3d0a9335b828308b"}
{"t":"lap","n":64,"m":{"t":"lap","car":7,"lap":1,"ms":87283,"valid":true,"best":87283}}
{"t":"snap","c":65,"n":31849,"h":"8accd49bd84bfaca"}
{"t":"lap","n":64,"m":{"t":"lap","car":8,"lap":1,"ms":89450,"valid":true,"best":89450}}
{"t":"snap","c":5,"n":2427,"h":"3f15b85aab54d7e7"}
{"t":"lap","n":64,"m":{"t":"lap","car":9,"lap":1,"ms":89616,"valid":true,"best":89616}}
{"t":"snap","c":5,"n":2413,"h":"2d2078691f225dd2"}
{"t":"lap","n":65,"m":{"t":"lap","car":10,"lap":1,"ms":89783,"valid":true,"best":89783}}
{"t":"snap","c":34,"n":16652,"h":"d2e0a38e67b0bbd5"}
{"t":"wing","n":20,"m":{"t":"wing","car":9}}
{"t":"snap","c":169,"n":86661,"h":"8a94230671679ab6"}
{"t":"reset","n":21,"m":{"t":"reset","car":2}}
{"t":"snap","c":145,"n":77321,"h":"cb32e8c53ad7637d"}
{"t":"reset","n":21,"m":{"t":"reset","car":1}}
{"t":"snap","c":194,"n":104961,"h":"bacf4a6a32e7a22f"}
{"t":"reset","n":21,"m":{"t":"reset","car":2}}
{"t":"snap","c":434,"n":236762,"h":"7755a7488ae08379"}
{"t":"reset","n":21,"m":{"t":"reset","car":2}}
{"t":"snap","c":220,"n":117934,"h":"0fc92e656bc82f38"}
{"t":"reset","n":21,"m":{"t":"reset","car":1}}
{"t":"snap","c":367,"n":198819,"h":"6c628fef472ac46f"}
{"t":"reset","n":21,"m":{"t":"reset","car":1}}
{"t":"snap","c":148,"n":80318,"h":"84cb4bbb20f170f7"}
{"t":"reset","n":21,"m":{"t":"reset","car":2}}
{"t":"snap","c":237,"n":129178,"h":"a33be07243eea9da"}
{"t":"reset","n":21,"m":{"t":"reset","car":1}}
{"t":"snap","c":8,"n":4308,"h":"ca18583f3f10438f"}
{"t":"lap","n":64,"m":{"t":"lap","car":3,"lap":2,"ms":74016,"valid":true,"best":74016}}
{"t":"snap","c":168,"n":90088,"h":"3622c42b0fbd801f"}
{"t":"lap","n":64,"m":{"t":"lap","car":5,"lap":2,"ms":75083,"valid":true,"best":75083}}
{"t":"snap","c":20,"n":10545,"h":"08b6952056f48dd3"}
{"t":"reset","n":21,"m":{"t":"reset","car":2}}
{"t":"snap","c":87,"n":45117,"h":"64f4f46101bebf08"}
{"t":"lap","n":64,"m":{"t":"lap","car":4,"lap":2,"ms":78783,"valid":true,"best":78783}}
{"t":"snap","c":4,"n":2035,"h":"8209919b03afe84c"}
{"t":"lap","n":64,"m":{"t":"lap","car":6,"lap":2,"ms":78616,"valid":true,"best":78616}}
{"t":"snap","c":44,"n":22332,"h":"138bf1a9712fa62d"}
{"t":"lap","n":64,"m":{"t":"lap","car":7,"lap":2,"ms":78466,"valid":true,"best":78466}}
{"t":"snap","c":65,"n":32746,"h":"6931628ee279a4a4"}
{"t":"reset","n":21,"m":{"t":"reset","car":1}}
{"t":"snap","c":68,"n":34233,"h":"69f44268d297ef88"}
{"t":"lap","n":64,"m":{"t":"lap","car":8,"lap":2,"ms":80750,"valid":true,"best":80750}}
{"t":"snap","c":5,"n":2518,"h":"d95ab2b541b44494"}
{"t":"lap","n":64,"m":{"t":"lap","car":9,"lap":2,"ms":80750,"valid":true,"best":80750}}
{"t":"snap","c":5,"n":2471,"h":"0d68548fe9a60fae"}
{"t":"lap","n":65,"m":{"t":"lap","car":10,"lap":2,"ms":80733,"valid":true,"best":80733}}
{"t":"snap","c":141,"n":72059,"h":"f24fcf4c57a52b2c"}
{"t":"reset","n":21,"m":{"t":"reset","car":2}}
{"t":"snap","c":127,"n":68103,"h":"8c7a4175dda59a9e"}
{"t":"wing","n":20,"m":{"t":"wing","car":3}}
{"t":"snap","c":311,"n":169440,"h":"eeb5ec8907776bfd"}
{"t":"reset","n":21,"m":{"t":"reset","car":2}}
{"t":"snap","c":382,"n":206962,"h":"499d416c430a9619"}
{"t":"reset","n":21,"m":{"t":"reset","car":1}}
{"t":"snap","c":369,"n":200087,"h":"6f65ff90ac50ea14"}
{"t":"reset","n":21,"m":{"t":"reset","car":2}}
{"t":"snap","c":289,"n":156095,"h":"429889200515dd30"}
{"t":"reset","n":21,"m":{"t":"reset","car":1}}
{"t":"snap","c":305,"n":166035,"h":"44911b14931a9b35"}
{"t":"lap","n":64,"m":{"t":"lap","car":3,"lap":3,"ms":79650,"valid":true,"best":74016}}
{"t":"snap","c":5,"n":2673,"h":"da6730c8fc715d9e"}
{"t":"lap","n":64,"m":{"t":"lap","car":5,"lap":3,"ms":74216,"valid":true,"best":74216}}
{"t":"snap","c":18,"n":9641,"h":"31cc6588bb893b3b"}
{"t":"reset","n":21,"m":{"t":"reset","car":2}}
{"t":"snap","c":231,"n":121302,"h":"61b5169444f59e9c"}
{"t":"reset","n":21,"m":{"t":"reset","car":1}}
{"t":"snap","c":9,"n":4569,"h":"e009cfdc79952254"}
{"t":"lap","n":64,"m":{"t":"lap","car":4,"lap":3,"ms":79266,"valid":true,"best":78783}}
{"t":"snap","c":4,"n":2034,"h":"724dd28d7090a62f"}
{"t":"lap","n":64,"m":{"t":"lap","car":6,"lap":3,"ms":79266,"valid":true,"best":78616}}
{"t":"snap","c":84,"n":43772,"h":"1d8b05d0ed9113ed"}
{"t":"lap","n":64,"m":{"t":"lap","car":7,"lap":3,"ms":80600,"valid":true,"best":78466}}
{"t":"snap","c":135,"n":69131,"h":"21f213cd37cb886d"}
{"t":"lap","n":64,"m":{"t":"lap","car":8,"lap":3,"ms":80650,"valid":true,"best":80650}}
{"t":"snap","c":5,"n":2539,"h":"55b8c5492c2803d5"}
{"t":"lap","n":64,"m":{"t":"lap","car":9,"lap":3,"ms":80650,"valid":true,"best":80650}}
{"t":"snap","c":4,"n":2019,"h":"3cf9322130b1f4d6"}
{"t":"lap","n":65,"m":{"t":"lap","car":10,"lap":3,"ms":80650,"valid":true,"best":80650}}
{"t":"snap","c":53,"n":27304,"h":"405cbb5d39c79d6f"}
{"t":"reset","n":21,"m":{"t":"reset","car":2}}
{"t":"snap","c":356,"n":190490,"h":"4319220383f4a80a"}
{"t":"reset","n":21,"m":{"t":"reset","car":1}}
{"t":"snap","c":98,"n":53106,"h":"f1bd90331b0cc0bc"}
{"t":"reset","n":21,"m":{"t":"reset","car":2}}
{"t":"snap","c":348,"n":189984,"h":"5e0121bf3dfa37d1"}
{"t":"results","n":821,"m":{"t":"results","rows":[{"pos":1,"id":3,"name":"Bot 3","laps":3,"total":234650,"best":74016,"penalty":0},{"pos":2,"id":5,"name":"Bot 5","laps":3,"total":234816,"best":74216,"penalty":0},{"pos":3,"id":4,"name":"Bot 4","laps":3,"total":243416,"best":78783,"penalty":0},{"pos":4,"id":6,"name":"Bot 6","laps":3,"total":243566,"best":78616,"penalty":0},{"pos":5,"id":7,"name":"Bot 7","laps":3,"total":246350,"best":78466,"penalty":0},{"pos":6,"id":8,"name":"Bot 8","laps":3,"total":250850,"best":80650,"penalty":0},{"pos":7,"id":9,"name":"Bot 9","laps":3,"total":251016,"best":80650,"penalty":0},{"pos":8,"id":10,"name":"Bot 10","laps":3,"total":251166,"best":80650,"penalty":0},{"pos":9,"id":2,"name":"Bee","laps":0,"total":0,"best":0,"penalty":5000},{"pos":10,"id":1,"name":"Ace","laps":0,"total":0,"best":0,"penalty":5000}]}}
