## session 1
{"t":"welcome","n":175,"h":"f0d6a6a7fc61f962"}
{"t":"grid","n":524,"m":{"t":"grid","cars":[{"id":1,"name":"Ace","bot":false,"ready":false},{"id":2,"name":"Bot 2","bot":true,"ready":false},{"id":3,"name":"Bot 3","bot":true,"ready":false},{"id":4,"name":"Bot 4","bot":true,"ready":false},{"id":5,"name":"Bot 5","bot":true,"ready":false},{"id":6,"name":"Bot 6","bot":true,"ready":false},{"id":7,"name":"Bot 7","bot":true,"ready":false},{"id":8,"name":"Bot 8","bot":true,"ready":false},{"id":9,"name":"Bot 9","bot":true,"ready":false},{"id":10,"name":"Bot 10","bot":true,"ready":false}],"creator":1}}
{"t":"grid","n":523,"m":{"t":"grid","cars":[{"id":1,"name":"Ace","bot":false,"ready":false},{"id":2,"name":"Bee","bot":false,"ready":false},{"id":3,"name":"Bot 3","bot":true,"ready":false},{"id":4,"name":"Bot 4","bot":true,"ready":false},{"id":5,"name":"Bot 5","bot":true,"ready":false},{"id":6,"name":"Bot 6","bot":true,"ready":false},{"id":7,"name":"Bot 7","bot":true,"ready":false},{"id":8,"name":"Bot 8","bot":true,"ready":false},{"id":9,"name":"Bot 9","bot":true,"ready":false},{"id":10,"name":"Bot 10","bot":true,"ready":false}],"creator":1}}
{"t":"grid","n":522,"m":{"t":"grid","cars":[{"id":1,"name":"Ace","bot":false,"ready":true},{"id":2,"name":"Bee","bot":false,"ready":false},{"id":3,"name":"Bot 3","bot":true,"ready":false},{"id":4,"name":"Bot 4","bot":true,"ready":false},{"id":5,"name":"Bot 5","bot":true,"ready":false},{"id":6,"name":"Bot 6","bot":true,"ready":false},{"id":7,"name":"Bot 7","bot":true,"ready":false},{"id":8,"name":"Bot 8","bot":true,"ready":false},{"id":9,"name":"Bot 9","bot":true,"ready":false},{"id":10,"name":"Bot 10","bot":true,"ready":false}],"creator":1}}
{"t":"grid","n":521,"m":{"t":"grid","cars":[{"id":1,"name":"Ace","bot":false,"ready":true},{"id":2,"name":"Bee","bot":false,"ready":true},{"id":3,"name":"Bot 3","bot":true,"ready":false},{"id":4,"name":"Bot 4","bot":true,"ready":false},{"id":5,"name":"Bot 5","bot":true,"ready":false},{"id":6,"name":"Bot 6","bot":true,"ready":false},{"id":7,"name":"Bot 7","bot":true,"ready":false},{"id":8,"name":"Bot 8","bot":true,"ready":false},{"id":9,"name":"Bot 9","bot":true,"ready":false},{"id":10,"name":"Bot 10","bot":true,"ready":false}],"creator":1}}
{"t":"snap","c":30,"n":13016,"h":"59234403cd2417c0"}
{"t":"lights","n":21,"m":{"t":"lights","on":1}}
{"t":"snap","c":30,"n":13031,"h":"437b24ac0cc3ae6c"}
{"t":"lights","n":21,"m":{"t":"lights","on":2}}
{"t":"snap","c":30,"n":13050,"h":"5abb45dc046fc027"}
{"t":"lights","n":21,"m":{"t":"lights","on":3}}
{"t":"snap","c":30,"n":13050,"h":"8fde2e23d4875dc6"}
{"t":"lights","n":21,"m":{"t":"lights","on":4}}
{"t":"snap","c":30,"n":13050,"h":"3a46043dfa5ec7f5"}
{"t":"lights","n":21,"m":{"t":"lights","on":5}}
{"t":"snap","c":17,"n":7395,"h":"ade2ea50cca0e2ad"}
{"t":"lights","n":31,"m":{"t":"lights","on":0,"out":335}}
{"t":"snap","c":2375,"n":1270604,"h":"6b85624e7c4cefee"}
{"t":"lap","n":64,"m":{"t":"lap","car":1,"lap":1,"ms":79150,"valid":true,"best":79150}}
{"t":"snap","c":41,"n":20258,"h":"af33ca63dc1c7360"}
{"t":"lap","n":64,"m":{"t":"lap","car":2,"lap":1,"ms":80533,"valid":true,"best":80533}}
{"t":"snap","c":6,"n":2908,"h":"558e71c0c58a0786"}
{"t":"lap","n":64,"m":{"t":"lap","car":3,"lap":1,"ms":80716,"valid":true,"best":80716}}
{"t":"snap","c":5,"n":2421,"h":"1ab3eafea6a6f7cd"}
{"t":"lap","n":64,"m":{"t":"lap","car":4,"lap":1,"ms":80883,"valid":true,"best":80883}}
{"t":"snap","c":21,"n":10220,"h":"bdeb60244584617e"}
{"t":"lap","n":64,"m":{"t":"lap","car":5,"lap":1,"ms":81600,"valid":true,"best":81600}}
{"t":"snap","c":14,"n":6776,"h":"f7c2f8d459e41153"}
{"t":"lap","n":64,"m":{"t":"lap","car":6,"lap":1,"ms":82050,"valid":true,"best":82050}}
{"t":"snap","c":5,"n":2377,"h":"ee87a358c14769a1"}
{"t":"lap","n":64,"m":{"t":"lap","car":7,"lap":1,"ms":82216,"valid":true,"best":82216}}
{"t":"snap","c":19,"n":9126,"h":"3c23625e2700007a"}
{"t":"lap","n":64,"m":{"t":"lap","car":8,"lap":1,"ms":82850,"valid":true,"best":82850}}
{"t":"snap","c":5,"n":2385,"h":"b08dbaf90e31743d"}
{"t":"lap","n":64,"m":{"t":"lap","car":9,"lap":1,"ms":83016,"valid":true,"best":83016}}
{"t":"snap","c":5,"n":2377,"h":"62d68699af638b6d"}
{"t":"lap","n":65,"m":{"t":"lap","car":10,"lap":1,"ms":83183,"valid":true,"best":83183}}
{"t":"snap","c":375,"n":193862,"h":"f8df68c2e062b81d"}
{"t":"dmg","n":43,"m":{"t":"dmg","car":2,"fw":1000,"rw":0,"su":0}}
{"t":"snap","c":1,"n":549,"h":"ec964c2fdaa38462"}
{"t":"wing","n":20,"m":{"t":"wing","car":2}}
{"t":"snap","c":221,"n":121591,"h":"088dd75d0aafae6d"}
{"t":"reset","n":21,"m":{"t":"reset","car":2}}
{"t":"snap","c":1453,"n":797533,"h":"f533ee880c99499b"}
{"t":"lap","n":64,"m":{"t":"lap","car":1,"lap":2,"ms":72366,"valid":true,"best":72366}}
{"t":"snap","c":69,"n":35489,"h":"44de1588b7b13a01"}
{"t":"lap","n":64,"m":{"t":"lap","car":3,"lap":2,"ms":73116,"valid":true,"best":73116}}
{"t":"snap","c":6,"n":2991,"h":"02f30a857c514e6e"}
{"t":"lap","n":64,"m":{"t":"lap","car":4,"lap":2,"ms":73133,"valid":true,"best":73133}}
{"t":"snap","c":46,"n":22756,"h":"65f0e4e8f863c506"}
{"t":"lap","n":64,"m":{"t":"lap","car":5,"lap":2,"ms":73966,"valid":true,"best":73966}}
{"t":"snap","c":18,"n":8855,"h":"d982c4e7fdb27f08"}
{"t":"lap","n":64,"m":{"t":"lap","car":6,"lap":2,"ms":74100,"valid":true,"best":74100}}
{"t":"snap","c":5,"n":2458,"h":"9b0d8d5d1b44ec69"}
{"t":"lap","n":64,"m":{"t":"lap","car":7,"lap":2,"ms":74100,"valid":true,"best":74100}}
{"t":"snap","c":28,"n":13761,"h":"714225eb3d0a6600"}
{"t":"lap","n":64,"m":{"t":"lap","car":8,"lap":2,"ms":74400,"valid":true,"best":74400}}
{"t":"snap","c":5,"n":2415,"h":"217400f747d75e8a"}
{"t":"lap","n":64,"m":{"t":"lap","car":9,"lap":2,"ms":74400,"valid":true,"best":74400}}
{"t":"snap","c":5,"n":2406,"h":"f1015d5c6ea7ac97"}
{"t":"lap","n":65,"m":{"t":"lap","car":10,"lap":2,"ms":74400,"valid":true,"best":74400}}
{"t":"snap","c":299,"n":154341,"h":"a2cee725b6102169"}
{"t":"lap","n":65,"m":{"t":"lap","car":2,"lap":2,"ms":87033,"valid":false,"best":80533}}
{"t":"snap","c":1690,"n":929681,"h":"96b4f8c86c999dd0"}
{"t":"lap","n":64,"m":{"t":"lap","car":1,"lap":3,"ms":72366,"valid":true,"best":72366}}
{"t":"snap","c":82,"n":42986,"h":"e3b994efc902e464"}
{"t":"lap","n":64,"m":{"t":"lap","car":3,"lap":3,"ms":72783,"valid":true,"best":72783}}
{"t":"snap","c":5,"n":2548,"h":"c23762dab890d7fd"}
{"t":"lap","n":64,"m":{"t":"lap","car":4,"lap":3,"ms":72766,"valid":true,"best":72766}}
{"t":"snap","c":83,"n":41717,"h":"973fc77f7d1b5e07"}
{"t":"lap","n":64,"m":{"t":"lap","car":5,"lap":3,"ms":73983,"valid":true,"best":73966}}
{"t":"snap","c":21,"n":10344,"h":"ec955307decc3caa"}
{"t":"lap","n":64,"m":{"t":"lap","car":6,"lap":3,"ms":74100,"valid":true,"best":74100}}
{"t":"snap","c":5,"n":2446,"h":"815096f1396c79fd"}
{"t":"lap","n":64,"m":{"t":"lap","car":7,"lap":3,"ms":74100,"valid":true,"best":74100}}
{"t":"snap","c":37,"n":18370,"h":"b8ca899cafecbd8d"}
{"t":"lap","n":64,"m":{"t":"lap","car":8,"lap":3,"ms":74400,"valid":true,"best":74400}}
{"t":"snap","c":5,"n":2473,"h":"9c606eeb85098266"}
{"t":"lap","n":64,"m":{"t":"lap","car":9,"lap":3,"ms":74400,"valid":true,"best":74400}}
{"t":"snap","c":5,"n":2484,"h":"05fa6381c9500841"}
{"t":"lap","n":65,"m":{"t":"lap","car":10,"lap":3,"ms":74400,"valid":true,"best":74400}}
{"t":"snap","c":387,"n":204061,"h":"12a3173e60affad0"}
{"t":"lap","n":64,"m":{"t":"lap","car":2,"lap":3,"ms":77316,"valid":true,"best":77316}}
{"t":"results","n":833,"m":{"t":"results","rows":[{"pos":1,"id":1,"name":"Ace","laps":3,"total":223883,"best":72366,"penalty":0},{"pos":2,"id":3,"name":"Bot 3","laps":3,"total":226616,"best":72783,"penalty":0},{"pos":3,"id":4,"name":"Bot 4","laps":3,"total":226783,"best":72766,"penalty":0},{"pos":4,"id":5,"name":"Bot 5","laps":3,"total":229550,"best":73966,"penalty":0},{"pos":5,"id":6,"name":"Bot 6","laps":3,"total":230250,"best":74100,"penalty":0},{"pos":6,"id":7,"name":"Bot 7","laps":3,"total":230416,"best":74100,"penalty":0},{"pos":7,"id":8,"name":"Bot 8","laps":3,"total":231650,"best":74400,"penalty":0},{"pos":8,"id":9,"name":"Bot 9","laps":3,"total":231816,"best":74400,"penalty":0},{"pos":9,"id":10,"name":"Bot 10","laps":3,"total":231983,"best":74400,"penalty":0},{"pos":10,"id":2,"name":"Bee","laps":3,"total":244883,"best":77316,"penalty":0}]}}
## session 2
{"t":"welcome","n":176,"h":"3a4143c1199f3553"}
{"t":"grid","n":523,"m":{"t":"grid","cars":[{"id":1,"name":"Ace","bot":false,"ready":false},{"id":2,"name":"Bee","bot":false,"ready":false},{"id":3,"name":"Bot 3","bot":true,"ready":false},{"id":4,"name":"Bot 4","bot":true,"ready":false},{"id":5,"name":"Bot 5","bot":true,"ready":false},{"id":6,"name":"Bot 6","bot":true,"ready":false},{"id":7,"name":"Bot 7","bot":true,"ready":false},{"id":8,"name":"Bot 8","bot":true,"ready":false},{"id":9,"name":"Bot 9","bot":true,"ready":false},{"id":10,"name":"Bot 10","bot":true,"ready":false}],"creator":1}}
{"t":"grid","n":522,"m":{"t":"grid","cars":[{"id":1,"name":"Ace","bot":false,"ready":true},{"id":2,"name":"Bee","bot":false,"ready":false},{"id":3,"name":"Bot 3","bot":true,"ready":false},{"id":4,"name":"Bot 4","bot":true,"ready":false},{"id":5,"name":"Bot 5","bot":true,"ready":false},{"id":6,"name":"Bot 6","bot":true,"ready":false},{"id":7,"name":"Bot 7","bot":true,"ready":false},{"id":8,"name":"Bot 8","bot":true,"ready":false},{"id":9,"name":"Bot 9","bot":true,"ready":false},{"id":10,"name":"Bot 10","bot":true,"ready":false}],"creator":1}}
{"t":"grid","n":521,"m":{"t":"grid","cars":[{"id":1,"name":"Ace","bot":false,"ready":true},{"id":2,"name":"Bee","bot":false,"ready":true},{"id":3,"name":"Bot 3","bot":true,"ready":false},{"id":4,"name":"Bot 4","bot":true,"ready":false},{"id":5,"name":"Bot 5","bot":true,"ready":false},{"id":6,"name":"Bot 6","bot":true,"ready":false},{"id":7,"name":"Bot 7","bot":true,"ready":false},{"id":8,"name":"Bot 8","bot":true,"ready":false},{"id":9,"name":"Bot 9","bot":true,"ready":false},{"id":10,"name":"Bot 10","bot":true,"ready":false}],"creator":1}}
{"t":"snap","c":30,"n":13016,"h":"4dbc76a99089ec84"}
{"t":"lights","n":21,"m":{"t":"lights","on":1}}
{"t":"snap","c":30,"n":13031,"h":"1c84945552278082"}
{"t":"lights","n":21,"m":{"t":"lights","on":2}}
{"t":"snap","c":30,"n":13050,"h":"dacdb539656b11c7"}
{"t":"lights","n":21,"m":{"t":"lights","on":3}}
{"t":"snap","c":30,"n":13050,"h":"e9c9a56ee72fa043"}
{"t":"lights","n":21,"m":{"t":"lights","on":4}}
{"t":"snap","c":30,"n":13050,"h":"1a036fbe0881799a"}
{"t":"lights","n":21,"m":{"t":"lights","on":5}}
{"t":"snap","c":17,"n":7395,"h":"eb37a87a849951a4"}
{"t":"lights","n":31,"m":{"t":"lights","on":0,"out":335}}
{"t":"snap","c":2375,"n":1270604,"h":"7abb0ca7525d7321"}
{"t":"lap","n":64,"m":{"t":"lap","car":1,"lap":1,"ms":79150,"valid":true,"best":79150}}
{"t":"snap","c":41,"n":20258,"h":"cbb7414fee4a915d"}
{"t":"lap","n":64,"m":{"t":"lap","car":2,"lap":1,"ms":80533,"valid":true,"best":80533}}
{"t":"snap","c":6,"n":2908,"h":"57dcd61bda1f2ff7"}
{"t":"lap","n":64,"m":{"t":"lap","car":3,"lap":1,"ms":80716,"valid":true,"best":80716}}
{"t":"snap","c":5,"n":2421,"h":"af61c7e44021af14"}
{"t":"lap","n":64,"m":{"t":"lap","car":4,"lap":1,"ms":80883,"valid":true,"best":80883}}
{"t":"snap","c":21,"n":10220,"h":"a3c323becee44b23"}
{"t":"lap","n":64,"m":{"t":"lap","car":5,"lap":1,"ms":81600,"valid":true,"best":81600}}
{"t":"snap","c":14,"n":6776,"h":"bd9ea760b4978f53"}
{"t":"lap","n":64,"m":{"t":"lap","car":6,"lap":1,"ms":82050,"valid":true,"best":82050}}
{"t":"snap","c":5,"n":2377,"h":"0cbab5e875b1e678"}
{"t":"lap","n":64,"m":{"t":"lap","car":7,"lap":1,"ms":82216,"valid":true,"best":82216}}
{"t":"snap","c":19,"n":9126,"h":"0aa01b4c451314a4"}
{"t":"lap","n":64,"m":{"t":"lap","car":8,"lap":1,"ms":82850,"valid":true,"best":82850}}
{"t":"snap","c":5,"n":2385,"h":"a9adbcf693ba7374"}
{"t":"lap","n":64,"m":{"t":"lap","car":9,"lap":1,"ms":83016,"valid":true,"best":83016}}
{"t":"snap","c":5,"n":2377,"h":"e4c2a177c991fb61"}
{"t":"lap","n":65,"m":{"t":"lap","car":10,"lap":1,"ms":83183,"valid":true,"best":83183}}
{"t":"snap","c":375,"n":193862,"h":"c6bbe3103989bb1f"}
{"t":"dmg","n":43,"m":{"t":"dmg","car":2,"fw":1000,"rw":0,"su":0}}
{"t":"snap","c":1,"n":549,"h":"8901b00547529c7f"}
{"t":"wing","n":20,"m":{"t":"wing","car":2}}
{"t":"snap","c":221,"n":121591,"h":"e0d791420549e1c8"}
{"t":"reset","n":21,"m":{"t":"reset","car":2}}
{"t":"snap","c":1453,"n":797533,"h":"3791bee6f46f1172"}
{"t":"lap","n":64,"m":{"t":"lap","car":1,"lap":2,"ms":72366,"valid":true,"best":72366}}
{"t":"snap","c":69,"n":35489,"h":"3c629e90bcdbd95f"}
{"t":"lap","n":64,"m":{"t":"lap","car":3,"lap":2,"ms":73116,"valid":true,"best":73116}}
{"t":"snap","c":6,"n":2991,"h":"e84ee9f751d835ad"}
{"t":"lap","n":64,"m":{"t":"lap","car":4,"lap":2,"ms":73133,"valid":true,"best":73133}}
{"t":"snap","c":46,"n":22756,"h":"c452755f92909d15"}
{"t":"lap","n":64,"m":{"t":"lap","car":5,"lap":2,"ms":73966,"valid":true,"best":73966}}
{"t":"snap","c":18,"n":8855,"h":"e071948d134b82d2"}
{"t":"lap","n":64,"m":{"t":"lap","car":6,"lap":2,"ms":74100,"valid":true,"best":74100}}
{"t":"snap","c":5,"n":2458,"h":"cd27cd808a48e7c7"}
{"t":"lap","n":64,"m":{"t":"lap","car":7,"lap":2,"ms":74100,"valid":true,"best":74100}}
{"t":"snap","c":28,"n":13761,"h":"87d6616886de6dfd"}
{"t":"lap","n":64,"m":{"t":"lap","car":8,"lap":2,"ms":74400,"valid":true,"best":74400}}
{"t":"snap","c":5,"n":2415,"h":"12cfbfc93431b32f"}
{"t":"lap","n":64,"m":{"t":"lap","car":9,"lap":2,"ms":74400,"valid":true,"best":74400}}
{"t":"snap","c":5,"n":2406,"h":"2ace2c673204b25d"}
{"t":"lap","n":65,"m":{"t":"lap","car":10,"lap":2,"ms":74400,"valid":true,"best":74400}}
{"t":"snap","c":299,"n":154341,"h":"ea52fd228ee2c56b"}
{"t":"lap","n":65,"m":{"t":"lap","car":2,"lap":2,"ms":87033,"valid":false,"best":80533}}
{"t":"snap","c":1690,"n":929681,"h":"076a007f8c652044"}
{"t":"lap","n":64,"m":{"t":"lap","car":1,"lap":3,"ms":72366,"valid":true,"best":72366}}
{"t":"snap","c":82,"n":42986,"h":"e27fc3c0fe4b095c"}
{"t":"lap","n":64,"m":{"t":"lap","car":3,"lap":3,"ms":72783,"valid":true,"best":72783}}
{"t":"snap","c":5,"n":2548,"h":"40f8683a7087e80b"}
{"t":"lap","n":64,"m":{"t":"lap","car":4,"lap":3,"ms":72766,"valid":true,"best":72766}}
{"t":"snap","c":83,"n":41717,"h":"256201a1ac9cd78a"}
{"t":"lap","n":64,"m":{"t":"lap","car":5,"lap":3,"ms":73983,"valid":true,"best":73966}}
{"t":"snap","c":21,"n":10344,"h":"7beac977253361a1"}
{"t":"lap","n":64,"m":{"t":"lap","car":6,"lap":3,"ms":74100,"valid":true,"best":74100}}
{"t":"snap","c":5,"n":2446,"h":"4a8d1637876aad18"}
{"t":"lap","n":64,"m":{"t":"lap","car":7,"lap":3,"ms":74100,"valid":true,"best":74100}}
{"t":"snap","c":37,"n":18370,"h":"d676c2fb6af0ef0d"}
{"t":"lap","n":64,"m":{"t":"lap","car":8,"lap":3,"ms":74400,"valid":true,"best":74400}}
{"t":"snap","c":5,"n":2473,"h":"37c4812615fa4786"}
{"t":"lap","n":64,"m":{"t":"lap","car":9,"lap":3,"ms":74400,"valid":true,"best":74400}}
{"t":"snap","c":5,"n":2484,"h":"5525f4f068f9368a"}
{"t":"lap","n":65,"m":{"t":"lap","car":10,"lap":3,"ms":74400,"valid":true,"best":74400}}
{"t":"snap","c":387,"n":204061,"h":"4148f420547b61d1"}
{"t":"lap","n":64,"m":{"t":"lap","car":2,"lap":3,"ms":77316,"valid":true,"best":77316}}
{"t":"results","n":833,"m":{"t":"results","rows":[{"pos":1,"id":1,"name":"Ace","laps":3,"total":223883,"best":72366,"penalty":0},{"pos":2,"id":3,"name":"Bot 3","laps":3,"total":226616,"best":72783,"penalty":0},{"pos":3,"id":4,"name":"Bot 4","laps":3,"total":226783,"best":72766,"penalty":0},{"pos":4,"id":5,"name":"Bot 5","laps":3,"total":229550,"best":73966,"penalty":0},{"pos":5,"id":6,"name":"Bot 6","laps":3,"total":230250,"best":74100,"penalty":0},{"pos":6,"id":7,"name":"Bot 7","laps":3,"total":230416,"best":74100,"penalty":0},{"pos":7,"id":8,"name":"Bot 8","laps":3,"total":231650,"best":74400,"penalty":0},{"pos":8,"id":9,"name":"Bot 9","laps":3,"total":231816,"best":74400,"penalty":0},{"pos":9,"id":10,"name":"Bot 10","laps":3,"total":231983,"best":74400,"penalty":0},{"pos":10,"id":2,"name":"Bee","laps":3,"total":244883,"best":77316,"penalty":0}]}}
